Archive member included to satisfy reference by file (symbol)

/usr/local/gcc-arm-none-eabi-6-2017-q2-update/bin/../lib/gcc/arm-none-eabi/6.3.1/../../../../arm-none-eabi/lib/thumb/v7e-m/fpv4-sp/hard/libc_nano.a(lib_a-exit.o)
                              /usr/local/gcc-arm-none-eabi-6-2017-q2-update/bin/../lib/gcc/arm-none-eabi/6.3.1/../../../../arm-none-eabi/lib/thumb/v7e-m/fpv4-sp/hard/crt0.o (exit)
/usr/local/gcc-arm-none-eabi-6-2017-q2-update/bin/../lib/gcc/arm-none-eabi/6.3.1/../../../../arm-none-eabi/lib/thumb/v7e-m/fpv4-sp/hard/libc_nano.a(lib_a-impure.o)
                              /usr/local/gcc-arm-none-eabi-6-2017-q2-update/bin/../lib/gcc/arm-none-eabi/6.3.1/../../../../arm-none-eabi/lib/thumb/v7e-m/fpv4-sp/hard/libc_nano.a(lib_a-exit.o) (_global_impure_ptr)
/usr/local/gcc-arm-none-eabi-6-2017-q2-update/bin/../lib/gcc/arm-none-eabi/6.3.1/../../../../arm-none-eabi/lib/thumb/v7e-m/fpv4-sp/hard/libc_nano.a(lib_a-init.o)
                              /usr/local/gcc-arm-none-eabi-6-2017-q2-update/bin/../lib/gcc/arm-none-eabi/6.3.1/../../../../arm-none-eabi/lib/thumb/v7e-m/fpv4-sp/hard/crt0.o (__libc_init_array)
/usr/local/gcc-arm-none-eabi-6-2017-q2-update/bin/../lib/gcc/arm-none-eabi/6.3.1/../../../../arm-none-eabi/lib/thumb/v7e-m/fpv4-sp/hard/libc_nano.a(lib_a-locale.o)
                              _build/nrf52832_xxaa/nrf_log_str_formatter.c.o (__locale_ctype_ptr)
/usr/local/gcc-arm-none-eabi-6-2017-q2-update/bin/../lib/gcc/arm-none-eabi/6.3.1/../../../../arm-none-eabi/lib/thumb/v7e-m/fpv4-sp/hard/libc_nano.a(lib_a-mbtowc_r.o)
                              /usr/local/gcc-arm-none-eabi-6-2017-q2-update/bin/../lib/gcc/arm-none-eabi/6.3.1/../../../../arm-none-eabi/lib/thumb/v7e-m/fpv4-sp/hard/libc_nano.a(lib_a-locale.o) (__ascii_mbtowc)
/usr/local/gcc-arm-none-eabi-6-2017-q2-update/bin/../lib/gcc/arm-none-eabi/6.3.1/../../../../arm-none-eabi/lib/thumb/v7e-m/fpv4-sp/hard/libc_nano.a(lib_a-memcmp.o)
                              _build/nrf52832_xxaa/ble_advdata.c.o (memcmp)
/usr/local/gcc-arm-none-eabi-6-2017-q2-update/bin/../lib/gcc/arm-none-eabi/6.3.1/../../../../arm-none-eabi/lib/thumb/v7e-m/fpv4-sp/hard/libc_nano.a(lib_a-memcpy-stub.o)
                              _build/nrf52832_xxaa/nrf_log_frontend.c.o (memcpy)
/usr/local/gcc-arm-none-eabi-6-2017-q2-update/bin/../lib/gcc/arm-none-eabi/6.3.1/../../../../arm-none-eabi/lib/thumb/v7e-m/fpv4-sp/hard/libc_nano.a(lib_a-memset.o)
                              /usr/local/gcc-arm-none-eabi-6-2017-q2-update/bin/../lib/gcc/arm-none-eabi/6.3.1/../../../../arm-none-eabi/lib/thumb/v7e-m/fpv4-sp/hard/crt0.o (memset)
/usr/local/gcc-arm-none-eabi-6-2017-q2-update/bin/../lib/gcc/arm-none-eabi/6.3.1/../../../../arm-none-eabi/lib/thumb/v7e-m/fpv4-sp/hard/libc_nano.a(lib_a-printf.o)
                              _build/nrf52832_xxaa/main.c.o (printf)
/usr/local/gcc-arm-none-eabi-6-2017-q2-update/bin/../lib/gcc/arm-none-eabi/6.3.1/../../../../arm-none-eabi/lib/thumb/v7e-m/fpv4-sp/hard/libc_nano.a(lib_a-strcmp.o)
                              /usr/local/gcc-arm-none-eabi-6-2017-q2-update/bin/../lib/gcc/arm-none-eabi/6.3.1/../../../../arm-none-eabi/lib/thumb/v7e-m/fpv4-sp/hard/libc_nano.a(lib_a-locale.o) (strcmp)
/usr/local/gcc-arm-none-eabi-6-2017-q2-update/bin/../lib/gcc/arm-none-eabi/6.3.1/../../../../arm-none-eabi/lib/thumb/v7e-m/fpv4-sp/hard/libc_nano.a(lib_a-strcpy.o)
                              _build/nrf52832_xxaa/SEGGER_RTT.c.o (strcpy)
/usr/local/gcc-arm-none-eabi-6-2017-q2-update/bin/../lib/gcc/arm-none-eabi/6.3.1/../../../../arm-none-eabi/lib/thumb/v7e-m/fpv4-sp/hard/libc_nano.a(lib_a-strlen.o)
                              _build/nrf52832_xxaa/nrf_log_frontend.c.o (strlen)
/usr/local/gcc-arm-none-eabi-6-2017-q2-update/bin/../lib/gcc/arm-none-eabi/6.3.1/../../../../arm-none-eabi/lib/thumb/v7e-m/fpv4-sp/hard/libc_nano.a(lib_a-wctomb_r.o)
                              /usr/local/gcc-arm-none-eabi-6-2017-q2-update/bin/../lib/gcc/arm-none-eabi/6.3.1/../../../../arm-none-eabi/lib/thumb/v7e-m/fpv4-sp/hard/libc_nano.a(lib_a-locale.o) (__ascii_wctomb)
/usr/local/gcc-arm-none-eabi-6-2017-q2-update/bin/../lib/gcc/arm-none-eabi/6.3.1/../../../../arm-none-eabi/lib/thumb/v7e-m/fpv4-sp/hard/libc_nano.a(lib_a-ctype_.o)
                              /usr/local/gcc-arm-none-eabi-6-2017-q2-update/bin/../lib/gcc/arm-none-eabi/6.3.1/../../../../arm-none-eabi/lib/thumb/v7e-m/fpv4-sp/hard/libc_nano.a(lib_a-locale.o) (_ctype_)
/usr/local/gcc-arm-none-eabi-6-2017-q2-update/bin/../lib/gcc/arm-none-eabi/6.3.1/../../../../arm-none-eabi/lib/thumb/v7e-m/fpv4-sp/hard/libc_nano.a(lib_a-findfp.o)
                              /usr/local/gcc-arm-none-eabi-6-2017-q2-update/bin/../lib/gcc/arm-none-eabi/6.3.1/../../../../arm-none-eabi/lib/thumb/v7e-m/fpv4-sp/hard/libc_nano.a(lib_a-printf.o) (__sinit)
/usr/local/gcc-arm-none-eabi-6-2017-q2-update/bin/../lib/gcc/arm-none-eabi/6.3.1/../../../../arm-none-eabi/lib/thumb/v7e-m/fpv4-sp/hard/libc_nano.a(lib_a-fwalk.o)
[...]
Memory Configuration

Name             Origin             Length             Attributes
FLASH            0x0000000000026000 0x000000000005a000 xr
RAM              0x0000000020002a98 0x000000000000d568 xrw
*default*        0x0000000000000000 0xffffffffffffffff

Linker script and memory map


.text           0x0000000000026000     0x9d10
 *(.isr_vector)
 .isr_vector    0x0000000000026000      0x200 _build/nrf52832_xxaa/gcc_startup_nrf52.S.o
                0x0000000000026000                __isr_vector
 *(.text*)
 .text          0x0000000000026200       0x6c /usr/local/gcc-arm-none-eabi-6-2017-q2-update/bin/../lib/gcc/arm-none-eabi/6.3.1/thumb/v7e-m/fpv4-sp/hard/crtbegin.o
 .text          0x000000000002626c       0x74 /usr/local/gcc-arm-none-eabi-6-2017-q2-update/bin/../lib/gcc/arm-none-eabi/6.3.1/../../../../arm-none-eabi/lib/thumb/v7e-m/fpv4-sp/hard/crt0.o
                0x000000000002626c                _mainCRTStartup
                0x000000000002626c                _start
 .text          0x00000000000262e0       0x3c _build/nrf52832_xxaa/gcc_startup_nrf52.S.o
                0x00000000000262e0                Reset_Handler
                0x0000000000026308                NMI_Handler
                0x000000000002630a                HardFault_Handler
                0x000000000002630c                MemoryManagement_Handler
                0x000000000002630e                BusFault_Handler
                0x0000000000026310                UsageFault_Handler
                0x0000000000026312                SVC_Handler
                0x0000000000026314                DebugMon_Handler
                0x0000000000026316                PendSV_Handler
                0x0000000000026318                SysTick_Handler
                0x000000000002631a                TIMER4_IRQHandler
                0x000000000002631a                I2S_IRQHandler
                0x000000000002631a                SWI4_EGU4_IRQHandler
                0x000000000002631a                TIMER0_IRQHandler
                0x000000000002631a                TIMER1_IRQHandler
                0x000000000002631a                PWM2_IRQHandler
                0x000000000002631a                ECB_IRQHandler
                0x000000000002631a                SPIM1_SPIS1_TWIM1_TWIS1_SPI1_TWI1_IRQHandler
                0x000000000002631a                Default_Handler
                0x000000000002631a                SAADC_IRQHandler
                0x000000000002631a                CCM_AAR_IRQHandler
                0x000000000002631a                WDT_IRQHandler
                0x000000000002631a                SWI5_EGU5_IRQHandler
                0x000000000002631a                RNG_IRQHandler
                0x000000000002631a                RTC2_IRQHandler
                0x000000000002631a                PWM0_IRQHandler
                0x000000000002631a                SWI3_EGU3_IRQHandler
                0x000000000002631a                SWI1_EGU1_IRQHandler
                0x000000000002631a                SPIM2_SPIS2_SPI2_IRQHandler
                0x000000000002631a                NFCT_IRQHandler
                0x000000000002631a                MWU_IRQHandler
                0x000000000002631a                TIMER2_IRQHandler
                0x000000000002631a                COMP_LPCOMP_IRQHandler
                0x000000000002631a                RTC0_IRQHandler
                0x000000000002631a                PWM1_IRQHandler
                0x000000000002631a                RADIO_IRQHandler
                0x000000000002631a                PDM_IRQHandler
                0x000000000002631a                TEMP_IRQHandler
                0x000000000002631a                QDEC_IRQHandler
                0x000000000002631a                TIMER3_IRQHandler
                0x000000000002631a                FPU_IRQHandler
                0x000000000002631a                SPIM0_SPIS0_TWIM0_TWIS0_SPI0_TWI0_IRQHandler
 .text.nrf_log_backend_rtt_panic_set
                0x000000000002631c        0x4 _build/nrf52832_xxaa/nrf_log_backend_rtt.c.o
 .text.nrf_log_backend_rtt_put
                0x0000000000026320       0x20 _build/nrf52832_xxaa/nrf_log_backend_rtt.c.o
 .text.serial_tx
                0x0000000000026340       0x54 _build/nrf52832_xxaa/nrf_log_backend_rtt.c.o
 .text.nrf_log_backend_rtt_flush
                0x0000000000026394        0x4 _build/nrf52832_xxaa/nrf_log_backend_rtt.c.o
 .text.nrf_log_backend_rtt_init
                0x0000000000026398        0x4 _build/nrf52832_xxaa/nrf_log_backend_rtt.c.o
                0x0000000000026398                nrf_log_backend_rtt_init
 .text.nrf_log_backend_serial_put
                0x000000000002639c       0xcc _build/nrf52832_xxaa/nrf_log_backend_serial.c.o
                0x000000000002639c                nrf_log_backend_serial_put
 .text.nrf_log_default_backends_init
                0x0000000000026468       0x1c _build/nrf52832_xxaa/nrf_log_default_backends.c.o
                0x0000000000026468                nrf_log_default_backends_init
 .text.log_skip
                0x0000000000026484       0xd8 _build/nrf52832_xxaa/nrf_log_frontend.c.o
 .text.nrf_log_init
                0x000000000002655c       0x50 _build/nrf52832_xxaa/nrf_log_frontend.c.o
                0x000000000002655c                nrf_log_init
 .text.nrf_log_module_name_get
                0x00000000000265ac       0x58 _build/nrf52832_xxaa/nrf_log_frontend.c.o
                0x00000000000265ac                nrf_log_module_name_get
 .text.nrf_log_color_id_get
                0x0000000000026604       0x2c _build/nrf52832_xxaa/nrf_log_frontend.c.o
                0x0000000000026604                nrf_log_color_id_get
 .text.nrf_log_frontend_dequeue
                0x0000000000026630      0x25c _build/nrf52832_xxaa/nrf_log_frontend.c.o
                0x0000000000026630                nrf_log_frontend_dequeue
 .text.nrf_log_frontend_std_0
                0x000000000002688c       0xf4 _build/nrf52832_xxaa/nrf_log_frontend.c.o
                0x000000000002688c                nrf_log_frontend_std_0
 .text.nrf_log_frontend_hexdump
                0x0000000000026980      0x140 _build/nrf52832_xxaa/nrf_log_frontend.c.o
                0x0000000000026980                nrf_log_frontend_hexdump
 .text.nrf_log_frontend_std_1
                0x0000000000026ac0       0xf4 _build/nrf52832_xxaa/nrf_log_frontend.c.o
                0x0000000000026ac0                nrf_log_frontend_std_1
 .text.nrf_log_frontend_std_2
                0x0000000000026bb4      0x108 _build/nrf52832_xxaa/nrf_log_frontend.c.o
                0x0000000000026bb4                nrf_log_frontend_std_2
 .text.nrf_log_frontend_std_3
                0x0000000000026cbc      0x118 _build/nrf52832_xxaa/nrf_log_frontend.c.o
                0x0000000000026cbc                nrf_log_frontend_std_3
 .text.nrf_log_backend_add
                0x0000000000026dd4       0x58 _build/nrf52832_xxaa/nrf_log_frontend.c.o
                0x0000000000026dd4                nrf_log_backend_add
 .text.nrf_log_panic
                0x0000000000026e2c       0x28 _build/nrf52832_xxaa/nrf_log_frontend.c.o
                0x0000000000026e2c                nrf_log_panic
 .text.nrf_log_std_entry_process
                0x0000000000026e54      0x14c _build/nrf52832_xxaa/nrf_log_str_formatter.c.o
                0x0000000000026e54                nrf_log_std_entry_process
 .text.nrf_log_hexdump_entry_process
                0x0000000000026fa0      0x15c _build/nrf52832_xxaa/nrf_log_str_formatter.c.o
                0x0000000000026fa0                nrf_log_hexdump_entry_process
 .text.detection_delay_timeout_handler
                0x00000000000270fc      0x120 _build/nrf52832_xxaa/app_button.c.o
 .text.gpiote_event_handler
                0x000000000002721c       0x98 _build/nrf52832_xxaa/app_button.c.o
 .text.app_button_init
                0x00000000000272b4       0xb0 _build/nrf52832_xxaa/app_button.c.o
                0x00000000000272b4                app_button_init
 .text.app_button_enable
                0x0000000000027364       0x2c _build/nrf52832_xxaa/app_button.c.o
                0x0000000000027364                app_button_enable
 .text.app_error_handler_bare
                0x0000000000027390       0x20 _build/nrf52832_xxaa/app_error.c.o
                0x0000000000027390                app_error_handler_bare
 .text.app_error_fault_handler
                0x00000000000273b0       0x6c _build/nrf52832_xxaa/app_error_weak.c.o
                0x00000000000273b0                app_error_fault_handler
 .text.app_fifo_init
                0x000000000002741c       0x20 _build/nrf52832_xxaa/app_fifo.c.o
                0x000000000002741c                app_fifo_init
 .text.app_fifo_put
                0x000000000002743c       0x30 _build/nrf52832_xxaa/app_fifo.c.o
                0x000000000002743c                app_fifo_put
 .text.app_fifo_get
                0x000000000002746c       0x2c _build/nrf52832_xxaa/app_fifo.c.o
                0x000000000002746c                app_fifo_get
 .text.RTC1_IRQHandler
                0x0000000000027498       0xa0 _build/nrf52832_xxaa/app_timer.c.o
                0x0000000000027498                RTC1_IRQHandler
 .text.SWI0_EGU0_IRQHandler
                0x0000000000027538      0x3e0 _build/nrf52832_xxaa/app_timer.c.o
                0x0000000000027538                SWI0_EGU0_IRQHandler
 .text.app_timer_init
                0x0000000000027918       0xa8 _build/nrf52832_xxaa/app_timer.c.o
                0x0000000000027918                app_timer_init
 .text.app_timer_create
                0x00000000000279c0       0x24 _build/nrf52832_xxaa/app_timer.c.o
                0x00000000000279c0                app_timer_create
 .text.app_timer_start
                0x00000000000279e4       0xac _build/nrf52832_xxaa/app_timer.c.o
                0x00000000000279e4                app_timer_start
 .text.app_timer_stop
                0x0000000000027a90       0x78 _build/nrf52832_xxaa/app_timer.c.o
                0x0000000000027a90                app_timer_stop
 .text.uart_event_handler
                0x0000000000027b08      0x114 _build/nrf52832_xxaa/app_uart_fifo.c.o
 .text.app_uart_init
                0x0000000000027c1c       0xf4 _build/nrf52832_xxaa/app_uart_fifo.c.o
                0x0000000000027c1c                app_uart_init
 .text.app_uart_get
                0x0000000000027d10       0x60 _build/nrf52832_xxaa/app_uart_fifo.c.o
                0x0000000000027d10                app_uart_get
 .text.app_uart_put
                0x0000000000027d70       0x78 _build/nrf52832_xxaa/app_uart_fifo.c.o
                0x0000000000027d70                app_uart_put
 .text.app_util_critical_region_enter
                0x0000000000027de8       0x4c _build/nrf52832_xxaa/app_util_platform.c.o
                0x0000000000027de8                app_util_critical_region_enter
 .text.app_util_critical_region_exit
                0x0000000000027e34       0x30 _build/nrf52832_xxaa/app_util_platform.c.o
                0x0000000000027e34                app_util_critical_region_exit
 .text.nrf_atfifo_item_get
                0x0000000000027e64       0x60 _build/nrf52832_xxaa/nrf_atfifo.c.o
                0x0000000000027e64                nrf_atfifo_item_get
 .text.nrf_atfifo_item_free
                0x0000000000027ec4       0x20 _build/nrf52832_xxaa/nrf_atfifo.c.o
                0x0000000000027ec4                nrf_atfifo_item_free
 .text.nrf_atflags_set
                0x0000000000027ee4       0x14 _build/nrf52832_xxaa/nrf_atflags.c.o
                0x0000000000027ee4                nrf_atflags_set
 .text.nrf_atflags_clear
                0x0000000000027ef8       0x14 _build/nrf52832_xxaa/nrf_atflags.c.o
                0x0000000000027ef8                nrf_atflags_clear
 .text.nrf_atflags_get
                0x0000000000027f0c       0x14 _build/nrf52832_xxaa/nrf_atflags.c.o
                0x0000000000027f0c                nrf_atflags_get
 .text.nrf_atomic_u32_fetch_store
                0x0000000000027f20       0x18 _build/nrf52832_xxaa/nrf_atomic.c.o
                0x0000000000027f20                nrf_atomic_u32_fetch_store
 .text.nrf_atomic_u32_or
                0x0000000000027f38       0x1c _build/nrf52832_xxaa/nrf_atomic.c.o
                0x0000000000027f38                nrf_atomic_u32_or
 .text.nrf_atomic_u32_and
                0x0000000000027f54       0x1c _build/nrf52832_xxaa/nrf_atomic.c.o
                0x0000000000027f54                nrf_atomic_u32_and
 .text.nrf_atomic_u32_add
                0x0000000000027f70       0x1c _build/nrf52832_xxaa/nrf_atomic.c.o
                0x0000000000027f70                nrf_atomic_u32_add
 .text.nrf_atomic_u32_sub
                0x0000000000027f8c       0x1c _build/nrf52832_xxaa/nrf_atomic.c.o
                0x0000000000027f8c                nrf_atomic_u32_sub
 .text.nrf_atomic_flag_set
                0x0000000000027fa8       0x1c _build/nrf52832_xxaa/nrf_atomic.c.o
                0x0000000000027fa8                nrf_atomic_flag_set
 .text.nrf_atomic_flag_clear_fetch
                0x0000000000027fc4       0x1c _build/nrf52832_xxaa/nrf_atomic.c.o
                0x0000000000027fc4                nrf_atomic_flag_clear_fetch
 .text.nrf_balloc_init
                0x0000000000027fe0       0x38 _build/nrf52832_xxaa/nrf_balloc.c.o
                0x0000000000027fe0                nrf_balloc_init
 .text.nrf_balloc_alloc
                0x0000000000028018       0x50 _build/nrf52832_xxaa/nrf_balloc.c.o
                0x0000000000028018                nrf_balloc_alloc
 .text.nrf_balloc_free
                0x0000000000028068       0x38 _build/nrf52832_xxaa/nrf_balloc.c.o
                0x0000000000028068                nrf_balloc_free
 .text.nrf_fprintf_buffer_flush
                0x00000000000280a0       0x18 _build/nrf52832_xxaa/nrf_fprintf.c.o
                0x00000000000280a0                nrf_fprintf_buffer_flush
 .text.nrf_fprintf
                0x00000000000280b8       0x20 _build/nrf52832_xxaa/nrf_fprintf.c.o
                0x00000000000280b8                nrf_fprintf
 .text.unsigned_print
                0x00000000000280d8      0x120 _build/nrf52832_xxaa/nrf_fprintf_format.c.o
 .text.nrf_fprintf_fmt
                0x00000000000281f8      0x504 _build/nrf52832_xxaa/nrf_fprintf_format.c.o
                0x00000000000281f8                nrf_fprintf_fmt
 .text.nrf_fstorage_is_busy
                0x00000000000286fc       0x48 _build/nrf52832_xxaa/nrf_fstorage.c.o
                0x00000000000286fc                nrf_fstorage_is_busy
 .text.sd_flash_write
                0x0000000000028744        0x4 _build/nrf52832_xxaa/nrf_fstorage_sd.c.o
 .text.sd_flash_page_erase
                0x0000000000028748        0x4 _build/nrf52832_xxaa/nrf_fstorage_sd.c.o
 .text.nrf_fstorage_sdh_req_handler
                0x000000000002874c       0x14 _build/nrf52832_xxaa/nrf_fstorage_sd.c.o
                0x000000000002874c                nrf_fstorage_sdh_req_handler
 .text.queue_process
                0x0000000000028760      0x188 _build/nrf52832_xxaa/nrf_fstorage_sd.c.o
 .text.nrf_fstorage_sys_evt_handler
                0x00000000000288e8       0xf0 _build/nrf52832_xxaa/nrf_fstorage_sd.c.o
                0x00000000000288e8                nrf_fstorage_sys_evt_handler
 .text.nrf_fstorage_sdh_state_handler
                0x00000000000289d8      0x1a8 _build/nrf52832_xxaa/nrf_fstorage_sd.c.o
                0x00000000000289d8                nrf_fstorage_sdh_state_handler
 .text.nrf_memobj_pool_init
                0x0000000000028b80        0x4 _build/nrf52832_xxaa/nrf_memobj.c.o
                0x0000000000028b80                nrf_memobj_pool_init
 .text.nrf_memobj_alloc
                0x0000000000028b84       0x90 _build/nrf52832_xxaa/nrf_memobj.c.o
                0x0000000000028b84                nrf_memobj_alloc
 .text.nrf_memobj_get
                0x0000000000028c14        0x8 _build/nrf52832_xxaa/nrf_memobj.c.o
                0x0000000000028c14                nrf_memobj_get
 .text.nrf_memobj_put
                0x0000000000028c1c       0x44 _build/nrf52832_xxaa/nrf_memobj.c.o
                0x0000000000028c1c                nrf_memobj_put
 .text.nrf_memobj_write
                0x0000000000028c60       0x5c _build/nrf52832_xxaa/nrf_memobj.c.o
                0x0000000000028c60                nrf_memobj_write
 .text.nrf_memobj_read
                0x0000000000028cbc       0x5c _build/nrf52832_xxaa/nrf_memobj.c.o
                0x0000000000028cbc                nrf_memobj_read
 .text.sd_app_evt_wait
                0x0000000000028d18        0x4 _build/nrf52832_xxaa/nrf_pwr_mgmt.c.o
 .text.nrf_pwr_mgmt_init
                0x0000000000028d1c       0x2c _build/nrf52832_xxaa/nrf_pwr_mgmt.c.o
                0x0000000000028d1c                nrf_pwr_mgmt_init
 .text.nrf_pwr_mgmt_run
                0x0000000000028d48       0x50 _build/nrf52832_xxaa/nrf_pwr_mgmt.c.o
                0x0000000000028d48                nrf_pwr_mgmt_run
 .text.nrf_section_iter_init
                0x0000000000028d98       0x14 _build/nrf52832_xxaa/nrf_section_iter.c.o
                0x0000000000028d98                nrf_section_iter_init
 .text.nrf_section_iter_next
                0x0000000000028dac       0x18 _build/nrf52832_xxaa/nrf_section_iter.c.o
                0x0000000000028dac                nrf_section_iter_next
 .text.nrf_strerror_get
                0x0000000000028dc4       0x6c _build/nrf52832_xxaa/nrf_strerror.c.o
                0x0000000000028dc4                nrf_strerror_get
 .text._write   0x0000000000028e30       0x1c _build/nrf52832_xxaa/retarget.c.o
                0x0000000000028e30                _write
 .text._read    0x0000000000028e4c       0x14 _build/nrf52832_xxaa/retarget.c.o
                0x0000000000028e4c                _read
 .text.SystemInit
                0x0000000000028e60      0x3cc _build/nrf52832_xxaa/system_nrf52.c.o
                0x0000000000028e60                SystemInit
 .text.bsp_board_led_state_get
                0x000000000002922c       0x1c _build/nrf52832_xxaa/boards.c.o
                0x000000000002922c                bsp_board_led_state_get
 .text.bsp_board_led_on
                0x0000000000029248       0x18 _build/nrf52832_xxaa/boards.c.o
                0x0000000000029248                bsp_board_led_on
 .text.bsp_board_led_off
                0x0000000000029260       0x18 _build/nrf52832_xxaa/boards.c.o
                0x0000000000029260                bsp_board_led_off
 .text.bsp_board_leds_off
                0x0000000000029278       0x2c _build/nrf52832_xxaa/boards.c.o
                0x0000000000029278                bsp_board_leds_off
 .text.bsp_board_leds_on
                0x00000000000292a4       0x2c _build/nrf52832_xxaa/boards.c.o
                0x00000000000292a4                bsp_board_leds_on
 .text.bsp_board_led_invert
                0x00000000000292d0       0x24 _build/nrf52832_xxaa/boards.c.o
                0x00000000000292d0                bsp_board_led_invert
 .text.bsp_board_button_state_get
                0x00000000000292f4       0x1c _build/nrf52832_xxaa/boards.c.o
                0x00000000000292f4                bsp_board_button_state_get
 .text.bsp_board_pin_to_button_idx
                0x0000000000029310       0x24 _build/nrf52832_xxaa/boards.c.o
                0x0000000000029310                bsp_board_pin_to_button_idx
 .text.bsp_board_button_idx_to_pin
                0x0000000000029334        0xc _build/nrf52832_xxaa/boards.c.o
                0x0000000000029334                bsp_board_button_idx_to_pin
 .text.bsp_board_init
                0x0000000000029340       0x5c _build/nrf52832_xxaa/boards.c.o
                0x0000000000029340                bsp_board_init
 .text.clock_irq_handler
                0x000000000002939c       0x40 _build/nrf52832_xxaa/nrf_drv_clock.c.o
 .text.soc_evt_handler
                0x00000000000293dc       0x24 _build/nrf52832_xxaa/nrf_drv_clock.c.o
 .text.sd_state_evt_handler
                0x0000000000029400       0xa0 _build/nrf52832_xxaa/nrf_drv_clock.c.o
 .text.uarte_evt_handler
                0x00000000000294a0       0x34 _build/nrf52832_xxaa/nrf_drv_uart.c.o
 .text.uart_evt_handler
                0x00000000000294d4       0x34 _build/nrf52832_xxaa/nrf_drv_uart.c.o
 .text.nrf_drv_uart_init
                0x0000000000029508       0x80 _build/nrf52832_xxaa/nrf_drv_uart.c.o
                0x0000000000029508                nrf_drv_uart_init
 .text.nrfx_clock_init
                0x0000000000029588       0x1c _build/nrf52832_xxaa/nrfx_clock.c.o
                0x0000000000029588                nrfx_clock_init
 .text.nrfx_clock_enable
                0x00000000000295a4       0x28 _build/nrf52832_xxaa/nrfx_clock.c.o
                0x00000000000295a4                nrfx_clock_enable
 .text.nrfx_clock_lfclk_stop
                0x00000000000295cc       0x18 _build/nrf52832_xxaa/nrfx_clock.c.o
                0x00000000000295cc                nrfx_clock_lfclk_stop
 .text.POWER_CLOCK_IRQHandler
                0x00000000000295e4       0x60 _build/nrf52832_xxaa/nrfx_clock.c.o
                0x00000000000295e4                POWER_CLOCK_IRQHandler
 .text.nrfx_gpiote_init
                0x0000000000029644       0x9c _build/nrf52832_xxaa/nrfx_gpiote.c.o
                0x0000000000029644                nrfx_gpiote_init
 .text.nrfx_gpiote_is_init
                0x00000000000296e0       0x14 _build/nrf52832_xxaa/nrfx_gpiote.c.o
                0x00000000000296e0                nrfx_gpiote_is_init
 .text.nrfx_gpiote_in_init
                0x00000000000296f4      0x1a4 _build/nrf52832_xxaa/nrfx_gpiote.c.o
                0x00000000000296f4                nrfx_gpiote_in_init
 .text.nrfx_gpiote_in_event_enable
                0x0000000000029898       0xc4 _build/nrf52832_xxaa/nrfx_gpiote.c.o
                0x0000000000029898                nrfx_gpiote_in_event_enable
 .text.nrfx_gpiote_in_is_set
                0x000000000002995c       0x14 _build/nrf52832_xxaa/nrfx_gpiote.c.o
                0x000000000002995c                nrfx_gpiote_in_is_set
 .text.GPIOTE_IRQHandler
                0x0000000000029970      0x528 _build/nrf52832_xxaa/nrfx_gpiote.c.o
                0x0000000000029970                GPIOTE_IRQHandler
 .text.UARTE0_UART0_IRQHandler
                0x0000000000029e98        0xc _build/nrf52832_xxaa/nrfx_prs.c.o
                0x0000000000029e98                UARTE0_UART0_IRQHandler
 .text.nrfx_prs_acquire
                0x0000000000029ea4       0x4c _build/nrf52832_xxaa/nrfx_prs.c.o
                0x0000000000029ea4                nrfx_prs_acquire
 .text.nrfx_uart_0_irq_handler
                0x0000000000029ef0      0x1c4 _build/nrf52832_xxaa/nrfx_uart.c.o
                0x0000000000029ef0                nrfx_uart_0_irq_handler
 .text.nrfx_uart_init
                0x000000000002a0b4      0x198 _build/nrf52832_xxaa/nrfx_uart.c.o
                0x000000000002a0b4                nrfx_uart_init
 .text.nrfx_uart_tx
                0x000000000002a24c       0xc8 _build/nrf52832_xxaa/nrfx_uart.c.o
                0x000000000002a24c                nrfx_uart_tx
 .text.nrfx_uart_tx_in_progress
                0x000000000002a314       0x18 _build/nrf52832_xxaa/nrfx_uart.c.o
                0x000000000002a314                nrfx_uart_tx_in_progress
 .text.nrfx_uart_rx
                0x000000000002a32c      0x158 _build/nrf52832_xxaa/nrfx_uart.c.o
                0x000000000002a32c                nrfx_uart_rx
 .text.nrfx_uarte_0_irq_handler
                0x000000000002a484      0x134 _build/nrf52832_xxaa/nrfx_uarte.c.o
                0x000000000002a484                nrfx_uarte_0_irq_handler
 .text.nrfx_uarte_init
                0x000000000002a5b8      0x1d8 _build/nrf52832_xxaa/nrfx_uarte.c.o
                0x000000000002a5b8                nrfx_uarte_init
 .text.nrfx_uarte_tx
                0x000000000002a790       0x9c _build/nrf52832_xxaa/nrfx_uarte.c.o
                0x000000000002a790                nrfx_uarte_tx
 .text.nrfx_uarte_tx_in_progress
                0x000000000002a82c       0x1c _build/nrf52832_xxaa/nrfx_uarte.c.o
                0x000000000002a82c                nrfx_uarte_tx_in_progress
 .text.nrfx_uarte_rx
                0x000000000002a848      0x12c _build/nrf52832_xxaa/nrfx_uarte.c.o
                0x000000000002a848                nrfx_uarte_rx
 .text.alert_timer_handler
                0x000000000002a974        0x8 _build/nrf52832_xxaa/bsp.c.o
 .text.bsp_button_event_handler
                0x000000000002a97c       0xa4 _build/nrf52832_xxaa/bsp.c.o
 .text.button_timer_handler
                0x000000000002aa20       0x30 _build/nrf52832_xxaa/bsp.c.o
 .text.leds_timer_handler
                0x000000000002aa50      0x2e8 _build/nrf52832_xxaa/bsp.c.o
 .text.bsp_button_is_pressed
                0x000000000002ad38        0xc _build/nrf52832_xxaa/bsp.c.o
                0x000000000002ad38                bsp_button_is_pressed
 .text.bsp_indication_set
                0x000000000002ad44      0x32c _build/nrf52832_xxaa/bsp.c.o
                0x000000000002ad44                bsp_indication_set
 .text.bsp_init
                0x000000000002b070       0xc0 _build/nrf52832_xxaa/bsp.c.o
                0x000000000002b070                bsp_init
 .text.bsp_event_to_button_action_assign
                0x000000000002b130       0x50 _build/nrf52832_xxaa/bsp.c.o
                0x000000000002b130                bsp_event_to_button_action_assign
 .text.bsp_wakeup_button_enable
                0x000000000002b180       0x30 _build/nrf52832_xxaa/bsp.c.o
                0x000000000002b180                bsp_wakeup_button_enable
 .text.ble_evt_handler
                0x000000000002b1b0       0xb0 _build/nrf52832_xxaa/bsp_btn_ble.c.o
 .text.bsp_btn_ble_sleep_mode_prepare
                0x000000000002b260       0x24 _build/nrf52832_xxaa/bsp_btn_ble.c.o
                0x000000000002b260                bsp_btn_ble_sleep_mode_prepare
 .text.bsp_btn_ble_init
                0x000000000002b284       0x70 _build/nrf52832_xxaa/bsp_btn_ble.c.o
                0x000000000002b284                bsp_btn_ble_init
 .text.sd_ble_gap_disconnect
                0x000000000002b2f4        0x4 _build/nrf52832_xxaa/main.c.o
 .text.sd_ble_gap_ppcp_set
                0x000000000002b2f8        0x4 _build/nrf52832_xxaa/main.c.o
 .text.sd_ble_gap_device_name_set
                0x000000000002b2fc        0x4 _build/nrf52832_xxaa/main.c.o
 .text.sd_ble_gap_sec_params_reply
                0x000000000002b300        0x4 _build/nrf52832_xxaa/main.c.o
 .text.sd_ble_gap_phy_update
                0x000000000002b304        0x4 _build/nrf52832_xxaa/main.c.o
 .text.sd_ble_gatts_sys_attr_set
                0x000000000002b308        0x4 _build/nrf52832_xxaa/main.c.o
 .text.sd_power_system_off
                0x000000000002b30c        0x4 _build/nrf52832_xxaa/main.c.o
 .text.gatt_evt_handler
                0x000000000002b310       0x68 _build/nrf52832_xxaa/main.c.o
                0x000000000002b310                gatt_evt_handler
 .text.conn_params_error_handler
                0x000000000002b378        0x4 _build/nrf52832_xxaa/main.c.o
 .text.ble_evt_handler
                0x000000000002b37c      0x124 _build/nrf52832_xxaa/main.c.o
 .text.on_conn_params_evt
                0x000000000002b4a0       0x24 _build/nrf52832_xxaa/main.c.o
 .text.bsp_event_handler
                0x000000000002b4c4       0x70 _build/nrf52832_xxaa/main.c.o
                0x000000000002b4c4                bsp_event_handler
 .text.uart_event_handle
                0x000000000002b534       0xc0 _build/nrf52832_xxaa/main.c.o
                0x000000000002b534                uart_event_handle
 .text.nus_data_handler
                0x000000000002b5f4       0xa0 _build/nrf52832_xxaa/main.c.o
 .text.nrf_qwr_error_handler
                0x000000000002b694        0x4 _build/nrf52832_xxaa/main.c.o
 .text.on_adv_evt
                0x000000000002b698       0x3c _build/nrf52832_xxaa/main.c.o
 .text.gatt_init
                0x000000000002b6d4       0x30 _build/nrf52832_xxaa/main.c.o
                0x000000000002b6d4                gatt_init
 .text.startup.main
                0x000000000002b704      0x2b0 _build/nrf52832_xxaa/main.c.o
                0x000000000002b704                main
 .text.SEGGER_RTT_WriteNoLock
                0x000000000002b9b4      0x188 _build/nrf52832_xxaa/SEGGER_RTT.c.o
                0x000000000002b9b4                SEGGER_RTT_WriteNoLock
 .text.SEGGER_RTT_Init
                0x000000000002bb3c       0x60 _build/nrf52832_xxaa/SEGGER_RTT.c.o
                0x000000000002bb3c                SEGGER_RTT_Init
 .text.sd_ble_gap_addr_get
                0x000000000002bb9c        0x4 _build/nrf52832_xxaa/ble_advdata.c.o
 .text.sd_ble_gap_appearance_get
                0x000000000002bba0        0x4 _build/nrf52832_xxaa/ble_advdata.c.o
 .text.sd_ble_gap_device_name_get
                0x000000000002bba4        0x4 _build/nrf52832_xxaa/ble_advdata.c.o
 .text.sd_ble_uuid_encode
                0x000000000002bba8        0x4 _build/nrf52832_xxaa/ble_advdata.c.o
 .text.uuid_list_sized_encode
                0x000000000002bbac       0xb8 _build/nrf52832_xxaa/ble_advdata.c.o
 .text.ble_advdata_encode
                0x000000000002bc64      0x3fc _build/nrf52832_xxaa/ble_advdata.c.o
                0x000000000002bc64                ble_advdata_encode
 .text.ble_advdata_parse
                0x000000000002c060       0x48 _build/nrf52832_xxaa/ble_advdata.c.o
                0x000000000002c060                ble_advdata_parse
 .text.sd_ble_gap_adv_set_configure
                0x000000000002c0a8        0x4 _build/nrf52832_xxaa/ble_advertising.c.o
 .text.sd_ble_gap_adv_start
                0x000000000002c0ac        0x4 _build/nrf52832_xxaa/ble_advertising.c.o
 .text.sd_ble_gap_adv_stop
                0x000000000002c0b0        0x4 _build/nrf52832_xxaa/ble_advertising.c.o
 .text.ble_advertising_start.part.3
                0x000000000002c0b4      0x2ec _build/nrf52832_xxaa/ble_advertising.c.o
 .text.ble_advertising_conn_cfg_tag_set
                0x000000000002c3a0        0x8 _build/nrf52832_xxaa/ble_advertising.c.o
                0x000000000002c3a0                ble_advertising_conn_cfg_tag_set
 .text.ble_advertising_init
                0x000000000002c3a8       0xf0 _build/nrf52832_xxaa/ble_advertising.c.o
                0x000000000002c3a8                ble_advertising_init
 .text.ble_advertising_start
                0x000000000002c498       0x2c _build/nrf52832_xxaa/ble_advertising.c.o
                0x000000000002c498                ble_advertising_start
 .text.ble_advertising_on_ble_evt
                0x000000000002c4c4       0xa0 _build/nrf52832_xxaa/ble_advertising.c.o
                0x000000000002c4c4                ble_advertising_on_ble_evt
 .text.ble_advertising_on_sys_evt
                0x000000000002c564       0x44 _build/nrf52832_xxaa/ble_advertising.c.o
                0x000000000002c564                ble_advertising_on_sys_evt
 .text.ble_advertising_restart_without_whitelist
                0x000000000002c5a8       0x74 _build/nrf52832_xxaa/ble_advertising.c.o
                0x000000000002c5a8                ble_advertising_restart_without_whitelist
 .text.sd_ble_gap_conn_param_update
                0x000000000002c61c        0x4 _build/nrf52832_xxaa/ble_conn_params.c.o
 .text.sd_ble_gap_disconnect
                0x000000000002c620        0x4 _build/nrf52832_xxaa/ble_conn_params.c.o
 .text.sd_ble_gap_ppcp_set
                0x000000000002c624        0x4 _build/nrf52832_xxaa/ble_conn_params.c.o
 .text.sd_ble_gap_ppcp_get
                0x000000000002c628        0x4 _build/nrf52832_xxaa/ble_conn_params.c.o
 .text.update_timeout_handler
                0x000000000002c62c       0x80 _build/nrf52832_xxaa/ble_conn_params.c.o
 .text.ble_evt_handler
                0x000000000002c6ac      0x1c4 _build/nrf52832_xxaa/ble_conn_params.c.o
 .text.ble_conn_params_init
                0x000000000002c870       0x7c _build/nrf52832_xxaa/ble_conn_params.c.o
                0x000000000002c870                ble_conn_params_init
 .text.ble_evt_handler
                0x000000000002c8ec      0x134 _build/nrf52832_xxaa/ble_conn_state.c.o
 .text.ble_conn_state_conn_idx
                0x000000000002ca20       0x24 _build/nrf52832_xxaa/ble_conn_state.c.o
                0x000000000002ca20                ble_conn_state_conn_idx
 .text.blcm_link_ctx_get
                0x000000000002ca44       0x4c _build/nrf52832_xxaa/ble_link_ctx_manager.c.o
                0x000000000002ca44                blcm_link_ctx_get
 .text.ble_srv_is_notification_enabled
                0x000000000002ca90        0x8 _build/nrf52832_xxaa/ble_srv_common.c.o
                0x000000000002ca90                ble_srv_is_notification_enabled
 .text.sd_ble_gap_data_length_update
                0x000000000002ca98        0x4 _build/nrf52832_xxaa/nrf_ble_gatt.c.o
 .text.sd_ble_gattc_exchange_mtu_request
                0x000000000002ca9c        0x4 _build/nrf52832_xxaa/nrf_ble_gatt.c.o
 .text.sd_ble_gatts_exchange_mtu_reply
                0x000000000002caa0        0x4 _build/nrf52832_xxaa/nrf_ble_gatt.c.o
 .text.data_length_update
                0x000000000002caa4       0xac _build/nrf52832_xxaa/nrf_ble_gatt.c.o
 .text.nrf_ble_gatt_init
                0x000000000002cb50       0x30 _build/nrf52832_xxaa/nrf_ble_gatt.c.o
                0x000000000002cb50                nrf_ble_gatt_init
 .text.nrf_ble_gatt_att_mtu_periph_set
                0x000000000002cb80       0x18 _build/nrf52832_xxaa/nrf_ble_gatt.c.o
                0x000000000002cb80                nrf_ble_gatt_att_mtu_periph_set
 .text.nrf_ble_gatt_on_ble_evt
                0x000000000002cb98      0x2ec _build/nrf52832_xxaa/nrf_ble_gatt.c.o
                0x000000000002cb98                nrf_ble_gatt_on_ble_evt
 .text.sd_ble_gatts_rw_authorize_reply
                0x000000000002ce84        0x4 _build/nrf52832_xxaa/nrf_ble_qwr.c.o
 .text.sd_ble_user_mem_reply
                0x000000000002ce88        0x4 _build/nrf52832_xxaa/nrf_ble_qwr.c.o
 .text.nrf_ble_qwr_init
                0x000000000002ce8c       0x24 _build/nrf52832_xxaa/nrf_ble_qwr.c.o
                0x000000000002ce8c                nrf_ble_qwr_init
 .text.nrf_ble_qwr_conn_handle_assign
                0x000000000002ceb0       0x18 _build/nrf52832_xxaa/nrf_ble_qwr.c.o
                0x000000000002ceb0                nrf_ble_qwr_conn_handle_assign
 .text.nrf_ble_qwr_on_ble_evt
                0x000000000002cec8       0xec _build/nrf52832_xxaa/nrf_ble_qwr.c.o
                0x000000000002cec8                nrf_ble_qwr_on_ble_evt
 .text.sd_ble_gatts_service_add
                0x000000000002cfb4        0x4 _build/nrf52832_xxaa/ble_nus.c.o
 .text.sd_ble_gatts_characteristic_add
                0x000000000002cfb8        0x4 _build/nrf52832_xxaa/ble_nus.c.o
 .text.sd_ble_gatts_value_get
                0x000000000002cfbc        0x4 _build/nrf52832_xxaa/ble_nus.c.o
 .text.sd_ble_gatts_hvx
                0x000000000002cfc0        0x4 _build/nrf52832_xxaa/ble_nus.c.o
 .text.sd_ble_uuid_vs_add
                0x000000000002cfc4        0x4 _build/nrf52832_xxaa/ble_nus.c.o
 .text.ble_nus_on_ble_evt
                0x000000000002cfc8      0x144 _build/nrf52832_xxaa/ble_nus.c.o
                0x000000000002cfc8                ble_nus_on_ble_evt
 .text.ble_nus_init
                0x000000000002d10c      0x1e8 _build/nrf52832_xxaa/ble_nus.c.o
                0x000000000002d10c                ble_nus_init
 .text.ble_nus_data_send
                0x000000000002d2f4       0x68 _build/nrf52832_xxaa/ble_nus.c.o
                0x000000000002d2f4                ble_nus_data_send
 .text.sd_softdevice_enable
                0x000000000002d35c        0x4 _build/nrf52832_xxaa/nrf_sdh.c.o
 .text.sd_softdevice_disable
                0x000000000002d360        0x4 _build/nrf52832_xxaa/nrf_sdh.c.o
 .text.nrf_sdh_enable_request
                0x000000000002d364      0x118 _build/nrf52832_xxaa/nrf_sdh.c.o
                0x000000000002d364                nrf_sdh_enable_request
 .text.nrf_sdh_disable_request
                0x000000000002d47c       0xd8 _build/nrf52832_xxaa/nrf_sdh.c.o
                0x000000000002d47c                nrf_sdh_disable_request
 .text.nrf_sdh_request_continue
                0x000000000002d554       0x20 _build/nrf52832_xxaa/nrf_sdh.c.o
                0x000000000002d554                nrf_sdh_request_continue
 .text.nrf_sdh_is_enabled
                0x000000000002d574        0xc _build/nrf52832_xxaa/nrf_sdh.c.o
                0x000000000002d574                nrf_sdh_is_enabled
 .text.SWI2_EGU2_IRQHandler
                0x000000000002d580       0x2c _build/nrf52832_xxaa/nrf_sdh.c.o
                0x000000000002d580                SWI2_EGU2_IRQHandler
 .text.sd_ble_enable
                0x000000000002d5ac        0x4 _build/nrf52832_xxaa/nrf_sdh_ble.c.o
 .text.sd_ble_cfg_set
                0x000000000002d5b0        0x4 _build/nrf52832_xxaa/nrf_sdh_ble.c.o
 .text.sd_ble_evt_get
                0x000000000002d5b4        0x4 _build/nrf52832_xxaa/nrf_sdh_ble.c.o
 .text.nrf_sdh_ble_evts_poll.part.1
                0x000000000002d5b8       0x54 _build/nrf52832_xxaa/nrf_sdh_ble.c.o
 .text.nrf_sdh_ble_evts_poll
                0x000000000002d60c       0x10 _build/nrf52832_xxaa/nrf_sdh_ble.c.o
 .text.nrf_sdh_ble_default_cfg_set
                0x000000000002d61c      0x1a8 _build/nrf52832_xxaa/nrf_sdh_ble.c.o
                0x000000000002d61c                nrf_sdh_ble_default_cfg_set
 .text.nrf_sdh_ble_enable
                0x000000000002d7c4       0x9c _build/nrf52832_xxaa/nrf_sdh_ble.c.o
                0x000000000002d7c4                nrf_sdh_ble_enable
 .text.sd_evt_get
                0x000000000002d860        0x4 _build/nrf52832_xxaa/nrf_sdh_soc.c.o
 .text.nrf_sdh_soc_evts_poll
                0x000000000002d864       0x4c _build/nrf52832_xxaa/nrf_sdh_soc.c.o
 .text.exit     0x000000000002d8b0       0x28 /usr/local/gcc-arm-none-eabi-6-2017-q2-update/bin/../lib/gcc/arm-none-eabi/6.3.1/../../../../arm-none-eabi/lib/thumb/v7e-m/fpv4-sp/hard/libc_nano.a(lib_a-exit.o)
                0x000000000002d8b0                exit
 .text.__libc_init_array
                0x000000000002d8d8       0x48 /usr/local/gcc-arm-none-eabi-6-2017-q2-update/bin/../lib/gcc/arm-none-eabi/6.3.1/../../../../arm-none-eabi/lib/thumb/v7e-m/fpv4-sp/hard/libc_nano.a(lib_a-init.o)
                0x000000000002d8d8                __libc_init_array
 .text.__locale_ctype_ptr
                0x000000000002d920       0x1c /usr/local/gcc-arm-none-eabi-6-2017-q2-update/bin/../lib/gcc/arm-none-eabi/6.3.1/../../../../arm-none-eabi/lib/thumb/v7e-m/fpv4-sp/hard/libc_nano.a(lib_a-locale.o)
                0x000000000002d920                __locale_ctype_ptr
 .text.__ascii_mbtowc
                0x000000000002d93c       0x24 /usr/local/gcc-arm-none-eabi-6-2017-q2-update/bin/../lib/gcc/arm-none-eabi/6.3.1/../../../../arm-none-eabi/lib/thumb/v7e-m/fpv4-sp/hard/libc_nano.a(lib_a-mbtowc_r.o)
                0x000000000002d93c                __ascii_mbtowc
 .text.memcpy   0x000000000002d960       0x16 /usr/local/gcc-arm-none-eabi-6-2017-q2-update/bin/../lib/gcc/arm-none-eabi/6.3.1/../../../../arm-none-eabi/lib/thumb/v7e-m/fpv4-sp/hard/libc_nano.a(lib_a-memcpy-stub.o)
                0x000000000002d960                memcpy
 .text.memset   0x000000000002d976       0x10 /usr/local/gcc-arm-none-eabi-6-2017-q2-update/bin/../lib/gcc/arm-none-eabi/6.3.1/../../../../arm-none-eabi/lib/thumb/v7e-m/fpv4-sp/hard/libc_nano.a(lib_a-memset.o)
                0x000000000002d976                memset
 *fill*         0x000000000002d986        0x2 
 .text.printf   0x000000000002d988       0x30 /usr/local/gcc-arm-none-eabi-6-2017-q2-update/bin/../lib/gcc/arm-none-eabi/6.3.1/../../../../arm-none-eabi/lib/thumb/v7e-m/fpv4-sp/hard/libc_nano.a(lib_a-printf.o)
                0x000000000002d988                printf
                0x000000000002d988                iprintf
 .text.strcpy   0x000000000002d9b8       0x10 /usr/local/gcc-arm-none-eabi-6-2017-q2-update/bin/../lib/gcc/arm-none-eabi/6.3.1/../../../../arm-none-eabi/lib/thumb/v7e-m/fpv4-sp/hard/libc_nano.a(lib_a-strcpy.o)
                0x000000000002d9b8                strcpy
 .text          0x000000000002d9c8       0x10 /usr/local/gcc-arm-none-eabi-6-2017-q2-update/bin/../lib/gcc/arm-none-eabi/6.3.1/../../../../arm-none-eabi/lib/thumb/v7e-m/fpv4-sp/hard/libc_nano.a(lib_a-strlen.o)
                0x000000000002d9c8                strlen
 .text.__ascii_wctomb
                0x000000000002d9d8       0x1a /usr/local/gcc-arm-none-eabi-6-2017-q2-update/bin/../lib/gcc/arm-none-eabi/6.3.1/../../../../arm-none-eabi/lib/thumb/v7e-m/fpv4-sp/hard/libc_nano.a(lib_a-wctomb_r.o)
                0x000000000002d9d8                __ascii_wctomb
 *fill*         0x000000000002d9f2        0x2 
 .text._cleanup_r
                0x000000000002d9f4        0xc /usr/local/gcc-arm-none-eabi-6-2017-q2-update/bin/../lib/gcc/arm-none-eabi/6.3.1/../../../../arm-none-eabi/lib/thumb/v7e-m/fpv4-sp/hard/libc_nano.a(lib_a-findfp.o)
                0x000000000002d9f4                _cleanup_r
 .text.std.isra.0
                0x000000000002da00       0x48 /usr/local/gcc-arm-none-eabi-6-2017-q2-update/bin/../lib/gcc/arm-none-eabi/6.3.1/../../../../arm-none-eabi/lib/thumb/v7e-m/fpv4-sp/hard/libc_nano.a(lib_a-findfp.o)
 .text.__sfmoreglue
                0x000000000002da48       0x2c /usr/local/gcc-arm-none-eabi-6-2017-q2-update/bin/../lib/gcc/arm-none-eabi/6.3.1/../../../../arm-none-eabi/lib/thumb/v7e-m/fpv4-sp/hard/libc_nano.a(lib_a-findfp.o)
                0x000000000002da48                __sfmoreglue
 .text.__sinit  0x000000000002da74       0x60 /usr/local/gcc-arm-none-eabi-6-2017-q2-update/bin/../lib/gcc/arm-none-eabi/6.3.1/../../../../arm-none-eabi/lib/thumb/v7e-m/fpv4-sp/hard/libc_nano.a(lib_a-findfp.o)
                0x000000000002da74                __sinit
 .text.__sfp    0x000000000002dad4       0x78 /usr/local/gcc-arm-none-eabi-6-2017-q2-update/bin/../lib/gcc/arm-none-eabi/6.3.1/../../../../arm-none-eabi/lib/thumb/v7e-m/fpv4-sp/hard/libc_nano.a(lib_a-findfp.o)
                0x000000000002dad4                __sfp
 .text._fwalk_reent
                0x000000000002db4c       0x3c /usr/local/gcc-arm-none-eabi-6-2017-q2-update/bin/../lib/gcc/arm-none-eabi/6.3.1/../../../../arm-none-eabi/lib/thumb/v7e-m/fpv4-sp/hard/libc_nano.a(lib_a-fwalk.o)
                0x000000000002db4c                _fwalk_reent
 .text._malloc_r
                0x000000000002db88       0xbc /usr/local/gcc-arm-none-eabi-6-2017-q2-update/bin/../lib/gcc/arm-none-eabi/6.3.1/../../../../arm-none-eabi/lib/thumb/v7e-m/fpv4-sp/hard/libc_nano.a(lib_a-nano-mallocr.o)
                0x000000000002db88                _malloc_r
 .text.__sfputc_r
                0x000000000002dc44       0x30 /usr/local/gcc-arm-none-eabi-6-2017-q2-update/bin/../lib/gcc/arm-none-eabi/6.3.1/../../../../arm-none-eabi/lib/thumb/v7e-m/fpv4-sp/hard/libc_nano.a(lib_a-nano-vfprintf.o)
 .text.__sfputs_r
                0x000000000002dc74       0x24 /usr/local/gcc-arm-none-eabi-6-2017-q2-update/bin/../lib/gcc/arm-none-eabi/6.3.1/../../../../arm-none-eabi/lib/thumb/v7e-m/fpv4-sp/hard/libc_nano.a(lib_a-nano-vfprintf.o)
                0x000000000002dc74                __sfputs_r
 .text._vfprintf_r
                0x000000000002dc98      0x22c /usr/local/gcc-arm-none-eabi-6-2017-q2-update/bin/../lib/gcc/arm-none-eabi/6.3.1/../../../../arm-none-eabi/lib/thumb/v7e-m/fpv4-sp/hard/libc_nano.a(lib_a-nano-vfprintf.o)
                0x000000000002dc98                _vfiprintf_r
                0x000000000002dc98                _vfprintf_r
 .text._printf_common
                0x000000000002dec4       0xec /usr/local/gcc-arm-none-eabi-6-2017-q2-update/bin/../lib/gcc/arm-none-eabi/6.3.1/../../../../arm-none-eabi/lib/thumb/v7e-m/fpv4-sp/hard/libc_nano.a(lib_a-nano-vfprintf_i.o)
                0x000000000002dec4                _printf_common
 .text._printf_i
                0x000000000002dfb0      0x240 /usr/local/gcc-arm-none-eabi-6-2017-q2-update/bin/../lib/gcc/arm-none-eabi/6.3.1/../../../../arm-none-eabi/lib/thumb/v7e-m/fpv4-sp/hard/libc_nano.a(lib_a-nano-vfprintf_i.o)
                0x000000000002dfb0                _printf_i
 .text._sbrk_r  0x000000000002e1f0       0x20 /usr/local/gcc-arm-none-eabi-6-2017-q2-update/bin/../lib/gcc/arm-none-eabi/6.3.1/../../../../arm-none-eabi/lib/thumb/v7e-m/fpv4-sp/hard/libc_nano.a(lib_a-sbrkr.o)
                0x000000000002e1f0                _sbrk_r
 .text.__sread  0x000000000002e210       0x22 /usr/local/gcc-arm-none-eabi-6-2017-q2-update/bin/../lib/gcc/arm-none-eabi/6.3.1/../../../../arm-none-eabi/lib/thumb/v7e-m/fpv4-sp/hard/libc_nano.a(lib_a-stdio.o)
                0x000000000002e210                __sread
 .text.__swrite
                0x000000000002e232       0x38 /usr/local/gcc-arm-none-eabi-6-2017-q2-update/bin/../lib/gcc/arm-none-eabi/6.3.1/../../../../arm-none-eabi/lib/thumb/v7e-m/fpv4-sp/hard/libc_nano.a(lib_a-stdio.o)
                0x000000000002e232                __swrite
 .text.__sseek  0x000000000002e26a       0x24 /usr/local/gcc-arm-none-eabi-6-2017-q2-update/bin/../lib/gcc/arm-none-eabi/6.3.1/../../../../arm-none-eabi/lib/thumb/v7e-m/fpv4-sp/hard/libc_nano.a(lib_a-stdio.o)
                0x000000000002e26a                __sseek
 .text.__sclose
                0x000000000002e28e        0x8 /usr/local/gcc-arm-none-eabi-6-2017-q2-update/bin/../lib/gcc/arm-none-eabi/6.3.1/../../../../arm-none-eabi/lib/thumb/v7e-m/fpv4-sp/hard/libc_nano.a(lib_a-stdio.o)
                0x000000000002e28e                __sclose
 *fill*         0x000000000002e296        0x2 
 .text.__swbuf_r
                0x000000000002e298       0xa4 /usr/local/gcc-arm-none-eabi-6-2017-q2-update/bin/../lib/gcc/arm-none-eabi/6.3.1/../../../../arm-none-eabi/lib/thumb/v7e-m/fpv4-sp/hard/libc_nano.a(lib_a-wbuf.o)
                0x000000000002e298                __swbuf_r
 .text._write_r
                0x000000000002e33c       0x24 /usr/local/gcc-arm-none-eabi-6-2017-q2-update/bin/../lib/gcc/arm-none-eabi/6.3.1/../../../../arm-none-eabi/lib/thumb/v7e-m/fpv4-sp/hard/libc_nano.a(lib_a-writer.o)
                0x000000000002e33c                _write_r
 .text.__swsetup_r
                0x000000000002e360       0xdc /usr/local/gcc-arm-none-eabi-6-2017-q2-update/bin/../lib/gcc/arm-none-eabi/6.3.1/../../../../arm-none-eabi/lib/thumb/v7e-m/fpv4-sp/hard/libc_nano.a(lib_a-wsetup.o)
                0x000000000002e360                __swsetup_r
 .text._close_r
                0x000000000002e43c       0x20 /usr/local/gcc-arm-none-eabi-6-2017-q2-update/bin/../lib/gcc/arm-none-eabi/6.3.1/../../../../arm-none-eabi/lib/thumb/v7e-m/fpv4-sp/hard/libc_nano.a(lib_a-closer.o)
                0x000000000002e43c                _close_r
 .text.__sflush_r
                0x000000000002e45c      0x110 /usr/local/gcc-arm-none-eabi-6-2017-q2-update/bin/../lib/gcc/arm-none-eabi/6.3.1/../../../../arm-none-eabi/lib/thumb/v7e-m/fpv4-sp/hard/libc_nano.a(lib_a-fflush.o)
                0x000000000002e45c                __sflush_r
 .text._fflush_r
                0x000000000002e56c       0x54 /usr/local/gcc-arm-none-eabi-6-2017-q2-update/bin/../lib/gcc/arm-none-eabi/6.3.1/../../../../arm-none-eabi/lib/thumb/v7e-m/fpv4-sp/hard/libc_nano.a(lib_a-fflush.o)
                0x000000000002e56c                _fflush_r
 .text._lseek_r
                0x000000000002e5c0       0x24 /usr/local/gcc-arm-none-eabi-6-2017-q2-update/bin/../lib/gcc/arm-none-eabi/6.3.1/../../../../arm-none-eabi/lib/thumb/v7e-m/fpv4-sp/hard/libc_nano.a(lib_a-lseekr.o)
                0x000000000002e5c0                _lseek_r
 .text.__swhatbuf_r
                0x000000000002e5e4       0x48 /usr/local/gcc-arm-none-eabi-6-2017-q2-update/bin/../lib/gcc/arm-none-eabi/6.3.1/../../../../arm-none-eabi/lib/thumb/v7e-m/fpv4-sp/hard/libc_nano.a(lib_a-makebuf.o)
                0x000000000002e5e4                __swhatbuf_r
 .text.__smakebuf_r
                0x000000000002e62c       0x80 /usr/local/gcc-arm-none-eabi-6-2017-q2-update/bin/../lib/gcc/arm-none-eabi/6.3.1/../../../../arm-none-eabi/lib/thumb/v7e-m/fpv4-sp/hard/libc_nano.a(lib_a-makebuf.o)
                0x000000000002e62c                __smakebuf_r
 *fill*         0x000000000002e6ac        0x4 
 .text          0x000000000002e6b0       0xa0 /usr/local/gcc-arm-none-eabi-6-2017-q2-update/bin/../lib/gcc/arm-none-eabi/6.3.1/../../../../arm-none-eabi/lib/thumb/v7e-m/fpv4-sp/hard/libc_nano.a(lib_a-memchr.o)
                0x000000000002e6b0                memchr
 .text.__malloc_lock
                0x000000000002e750        0x2 /usr/local/gcc-arm-none-eabi-6-2017-q2-update/bin/../lib/gcc/arm-none-eabi/6.3.1/../../../../arm-none-eabi/lib/thumb/v7e-m/fpv4-sp/hard/libc_nano.a(lib_a-mlock.o)
                0x000000000002e750                __malloc_lock
 .text.__malloc_unlock
                0x000000000002e752        0x2 /usr/local/gcc-arm-none-eabi-6-2017-q2-update/bin/../lib/gcc/arm-none-eabi/6.3.1/../../../../arm-none-eabi/lib/thumb/v7e-m/fpv4-sp/hard/libc_nano.a(lib_a-mlock.o)
                0x000000000002e752                __malloc_unlock
 .text._free_r  0x000000000002e754       0x9c /usr/local/gcc-arm-none-eabi-6-2017-q2-update/bin/../lib/gcc/arm-none-eabi/6.3.1/../../../../arm-none-eabi/lib/thumb/v7e-m/fpv4-sp/hard/libc_nano.a(lib_a-nano-freer.o)
                0x000000000002e754                _free_r
 .text._read_r  0x000000000002e7f0       0x24 /usr/local/gcc-arm-none-eabi-6-2017-q2-update/bin/../lib/gcc/arm-none-eabi/6.3.1/../../../../arm-none-eabi/lib/thumb/v7e-m/fpv4-sp/hard/libc_nano.a(lib_a-readr.o)
                0x000000000002e7f0                _read_r
 .text._fstat_r
                0x000000000002e814       0x24 /usr/local/gcc-arm-none-eabi-6-2017-q2-update/bin/../lib/gcc/arm-none-eabi/6.3.1/../../../../arm-none-eabi/lib/thumb/v7e-m/fpv4-sp/hard/libc_nano.a(lib_a-fstatr.o)
                0x000000000002e814                _fstat_r
 .text._isatty_r
                0x000000000002e838       0x20 /usr/local/gcc-arm-none-eabi-6-2017-q2-update/bin/../lib/gcc/arm-none-eabi/6.3.1/../../../../arm-none-eabi/lib/thumb/v7e-m/fpv4-sp/hard/libc_nano.a(lib_a-isattyr.o)
                0x000000000002e838                _isatty_r
 .text._close   0x000000000002e858       0x10 /usr/local/gcc-arm-none-eabi-6-2017-q2-update/bin/../lib/gcc/arm-none-eabi/6.3.1/../../../../arm-none-eabi/lib/thumb/v7e-m/fpv4-sp/hard/libnosys.a(close.o)
                0x000000000002e858                _close
 .text._fstat   0x000000000002e868       0x10 /usr/local/gcc-arm-none-eabi-6-2017-q2-update/bin/../lib/gcc/arm-none-eabi/6.3.1/../../../../arm-none-eabi/lib/thumb/v7e-m/fpv4-sp/hard/libnosys.a(fstat.o)
                0x000000000002e868                _fstat
 .text._isatty  0x000000000002e878       0x10 /usr/local/gcc-arm-none-eabi-6-2017-q2-update/bin/../lib/gcc/arm-none-eabi/6.3.1/../../../../arm-none-eabi/lib/thumb/v7e-m/fpv4-sp/hard/libnosys.a(isatty.o)
                0x000000000002e878                _isatty
 .text._lseek   0x000000000002e888       0x10 /usr/local/gcc-arm-none-eabi-6-2017-q2-update/bin/../lib/gcc/arm-none-eabi/6.3.1/../../../../arm-none-eabi/lib/thumb/v7e-m/fpv4-sp/hard/libnosys.a(lseek.o)
                0x000000000002e888                _lseek
 .text._sbrk    0x000000000002e898       0x1c /usr/local/gcc-arm-none-eabi-6-2017-q2-update/bin/../lib/gcc/arm-none-eabi/6.3.1/../../../../arm-none-eabi/lib/thumb/v7e-m/fpv4-sp/hard/libnosys.a(sbrk.o)
                0x000000000002e898                _sbrk
 .text._exit    0x000000000002e8b4        0x4 /usr/local/gcc-arm-none-eabi-6-2017-q2-update/bin/../lib/gcc/arm-none-eabi/6.3.1/../../../../arm-none-eabi/lib/thumb/v7e-m/fpv4-sp/hard/libnosys.a(_exit.o)
                0x000000000002e8b4                _exit
 .text          0x000000000002e8b8       0x30 /usr/local/gcc-arm-none-eabi-6-2017-q2-update/bin/../lib/gcc/arm-none-eabi/6.3.1/thumb/v7e-m/fpv4-sp/hard/libgcc.a(_aeabi_uldivmod.o)
                0x000000000002e8b8                __aeabi_uldivmod
 .text          0x000000000002e8e8      0x2dc /usr/local/gcc-arm-none-eabi-6-2017-q2-update/bin/../lib/gcc/arm-none-eabi/6.3.1/thumb/v7e-m/fpv4-sp/hard/libgcc.a(_udivmoddi4.o)
                0x000000000002e8e8                __udivmoddi4
 .text          0x000000000002ebc4        0x4 /usr/local/gcc-arm-none-eabi-6-2017-q2-update/bin/../lib/gcc/arm-none-eabi/6.3.1/thumb/v7e-m/fpv4-sp/hard/libgcc.a(_dvmd_tls.o)
                0x000000000002ebc4                __aeabi_ldiv0
                0x000000000002ebc4                __aeabi_idiv0
 *(.init)
 .init          0x000000000002ebc8        0x4 /usr/local/gcc-arm-none-eabi-6-2017-q2-update/bin/../lib/gcc/arm-none-eabi/6.3.1/thumb/v7e-m/fpv4-sp/hard/crti.o
                0x000000000002ebc8                _init
 .init          0x000000000002ebcc        0x8 /usr/local/gcc-arm-none-eabi-6-2017-q2-update/bin/../lib/gcc/arm-none-eabi/6.3.1/thumb/v7e-m/fpv4-sp/hard/crtn.o
 *(.fini)
 .fini          0x000000000002ebd4        0x4 /usr/local/gcc-arm-none-eabi-6-2017-q2-update/bin/../lib/gcc/arm-none-eabi/6.3.1/thumb/v7e-m/fpv4-sp/hard/crti.o
                0x000000000002ebd4                _fini
 .fini          0x000000000002ebd8        0x8 /usr/local/gcc-arm-none-eabi-6-2017-q2-update/bin/../lib/gcc/arm-none-eabi/6.3.1/thumb/v7e-m/fpv4-sp/hard/crtn.o
 *crtbegin.o(.ctors)
 *crtbegin?.o(.ctors)
 *(EXCLUDE_FILE(*crtend.o *crtend?.o) .ctors)
 *(SORT(.ctors.*))
 *(.ctors)
 *crtbegin.o(.dtors)
 *crtbegin?.o(.dtors)
 *(EXCLUDE_FILE(*crtend.o *crtend?.o) .dtors)
 *(SORT(.dtors.*))
 *(.dtors)
 *(.rodata*)
 .rodata.delay_bytecode.8822
                0x000000000002ebe0        0x6 _build/nrf52832_xxaa/nrf_log_backend_rtt.c.o
 *fill*         0x000000000002ebe6        0x2 
 .rodata.nrf_log_backend_rtt_api
                0x000000000002ebe8        0xc _build/nrf52832_xxaa/nrf_log_backend_rtt.c.o
                0x000000000002ebe8                nrf_log_backend_rtt_api
 .rodata.nrf_log_frontend_dequeue.str1.4
                0x000000000002ebf4       0x11 _build/nrf52832_xxaa/nrf_log_frontend.c.o
 *fill*         0x000000000002ec05        0x3 
 .rodata.str1.4
                0x000000000002ec08       0x17 _build/nrf52832_xxaa/nrf_log_frontend.c.o
 *fill*         0x000000000002ec1f        0x1 
 .rodata.m_colors
                0x000000000002ec20       0x24 _build/nrf52832_xxaa/nrf_log_str_formatter.c.o
 .rodata.nrf_log_hexdump_entry_process.str1.4
                0x000000000002ec44       0x13 _build/nrf52832_xxaa/nrf_log_str_formatter.c.o
                                         0x16 (size before relaxing)
 *fill*         0x000000000002ec57        0x1 
 .rodata.nrf_log_std_entry_process.str1.4
                0x000000000002ec58       0x3b _build/nrf52832_xxaa/nrf_log_str_formatter.c.o
 *fill*         0x000000000002ec93        0x1 
 .rodata.severity_names
                0x000000000002ec94       0x14 _build/nrf52832_xxaa/nrf_log_str_formatter.c.o
 .rodata.str1.4
                0x000000000002eca8       0x56 _build/nrf52832_xxaa/nrf_log_str_formatter.c.o
 *fill*         0x000000000002ecfe        0x2 
 .rodata.m_detection_delay_timer_id
                0x000000000002ed00        0x4 _build/nrf52832_xxaa/app_button.c.o
 .rodata.app_error_fault_handler.str1.4
                0x000000000002ed04       0x19 _build/nrf52832_xxaa/app_error_weak.c.o
 *fill*         0x000000000002ed1d        0x3 
 .rodata.delay_bytecode.8551
                0x000000000002ed20        0x6 _build/nrf52832_xxaa/app_timer.c.o
 *fill*         0x000000000002ed26        0x2 
 .rodata        0x000000000002ed28       0x20 _build/nrf52832_xxaa/app_uart_fifo.c.o
 .rodata._aV2C.7261
                0x000000000002ed48       0x10 _build/nrf52832_xxaa/nrf_fprintf_format.c.o
 .rodata.str1.4
                0x000000000002ed58        0xd _build/nrf52832_xxaa/nrf_fstorage.c.o
 *fill*         0x000000000002ed65        0x3 
 .rodata.str1.4
                0x000000000002ed68        0xe _build/nrf52832_xxaa/nrf_fstorage_sd.c.o
 *fill*         0x000000000002ed76        0x2 
 .rodata.pwr_mgmt_data
                0x000000000002ed78        0xc _build/nrf52832_xxaa/nrf_pwr_mgmt.c.o
 .rodata.str1.4
                0x000000000002ed84        0x9 _build/nrf52832_xxaa/nrf_pwr_mgmt.c.o
 *fill*         0x000000000002ed8d        0x3 
 .rodata.m_unknown_str
                0x000000000002ed90       0x13 _build/nrf52832_xxaa/nrf_strerror.c.o
 *fill*         0x000000000002eda3        0x1 
 .rodata.nrf_strerror_array
                0x000000000002eda4      0x128 _build/nrf52832_xxaa/nrf_strerror.c.o
 .rodata.str1.4
                0x000000000002eecc      0x3e9 _build/nrf52832_xxaa/nrf_strerror.c.o
 *fill*         0x000000000002f2b5        0x3 
 .rodata.m_board_btn_list
                0x000000000002f2b8        0x4 _build/nrf52832_xxaa/boards.c.o
 .rodata.m_board_led_list
                0x000000000002f2bc        0x4 _build/nrf52832_xxaa/boards.c.o
 .rodata.str1.4
                0x000000000002f2c0        0x6 _build/nrf52832_xxaa/nrf_drv_clock.c.o
 *fill*         0x000000000002f2c6        0x2 
 .rodata.str1.4
                0x000000000002f2c8        0x6 _build/nrf52832_xxaa/nrfx_clock.c.o
 *fill*         0x000000000002f2ce        0x2 
 .rodata.str1.4
                0x000000000002f2d0        0x7 _build/nrf52832_xxaa/nrfx_gpiote.c.o
 *fill*         0x000000000002f2d7        0x1 
 .rodata.str1.4
                0x000000000002f2d8        0x4 _build/nrf52832_xxaa/nrfx_prs.c.o
 .rodata.str1.4
                0x000000000002f2dc        0x5 _build/nrf52832_xxaa/nrfx_uart.c.o
 *fill*         0x000000000002f2e1        0x3 
 .rodata.str1.4
                0x000000000002f2e4        0x6 _build/nrf52832_xxaa/nrfx_uarte.c.o
 *fill*         0x000000000002f2ea        0x2 
 .rodata.app_buttons
                0x000000000002f2ec       0x20 _build/nrf52832_xxaa/bsp.c.o
 .rodata.m_bsp_alert_tmr
                0x000000000002f30c        0x4 _build/nrf52832_xxaa/bsp.c.o
 .rodata.m_bsp_button_tmr
                0x000000000002f310        0x4 _build/nrf52832_xxaa/bsp.c.o
 .rodata.m_bsp_leds_tmr
                0x000000000002f314        0x4 _build/nrf52832_xxaa/bsp.c.o
 .rodata        0x000000000002f318       0x18 _build/nrf52832_xxaa/main.c.o
 .rodata.ble_evt_handler.str1.4
                0x000000000002f330       0x30 _build/nrf52832_xxaa/main.c.o
 .rodata.gatt_evt_handler.str1.4
                0x000000000002f360       0x55 _build/nrf52832_xxaa/main.c.o
 *fill*         0x000000000002f3b5        0x3 
 .rodata.main.str1.4
                0x000000000002f3b8       0x4a _build/nrf52832_xxaa/main.c.o
                                         0x4f (size before relaxing)
 *fill*         0x000000000002f402        0x2 
 .rodata.nus_data_handler.str1.4
                0x000000000002f404       0x5f _build/nrf52832_xxaa/main.c.o
 *fill*         0x000000000002f463        0x1 
 .rodata.uart_event_handle.str1.4
                0x000000000002f464       0x20 _build/nrf52832_xxaa/main.c.o
 .rodata.SEGGER_RTT_ReadNoLock.str1.4
                0x000000000002f484       0x17 _build/nrf52832_xxaa/SEGGER_RTT.c.o
 *fill*         0x000000000002f49b        0x1 
 .rodata.data_length_update.str1.4
                0x000000000002f49c      0x112 _build/nrf52832_xxaa/nrf_ble_gatt.c.o
 *fill*         0x000000000002f5ae        0x2 
 .rodata.nrf_ble_gatt_on_ble_evt.str1.4
                0x000000000002f5b0      0x2ad _build/nrf52832_xxaa/nrf_ble_gatt.c.o
 *fill*         0x000000000002f85d        0x3 
 .rodata.str1.4
                0x000000000002f860        0xd _build/nrf52832_xxaa/nrf_ble_gatt.c.o
 *fill*         0x000000000002f86d        0x3 
 .rodata        0x000000000002f870       0x10 _build/nrf52832_xxaa/ble_nus.c.o
 .rodata.str1.4
                0x000000000002f880        0x8 _build/nrf52832_xxaa/ble_nus.c.o
 .rodata        0x000000000002f888        0x4 _build/nrf52832_xxaa/nrf_sdh.c.o
 .rodata.sdh_req_observers
                0x000000000002f88c        0xc _build/nrf52832_xxaa/nrf_sdh.c.o
 .rodata.sdh_stack_observers
                0x000000000002f898        0xc _build/nrf52832_xxaa/nrf_sdh.c.o
 .rodata.sdh_state_observers
                0x000000000002f8a4        0xc _build/nrf52832_xxaa/nrf_sdh.c.o
 .rodata.str1.4
                0x000000000002f8b0        0x8 _build/nrf52832_xxaa/nrf_sdh.c.o
 .rodata.nrf_sdh_ble_default_cfg_set.str1.4
                0x000000000002f8b8      0x1cf _build/nrf52832_xxaa/nrf_sdh_ble.c.o
 *fill*         0x000000000002fa87        0x1 
 .rodata.nrf_sdh_ble_enable.str1.4
                0x000000000002fa88       0xad _build/nrf52832_xxaa/nrf_sdh_ble.c.o
 *fill*         0x000000000002fb35        0x3 
 .rodata.sdh_ble_observers
                0x000000000002fb38        0xc _build/nrf52832_xxaa/nrf_sdh_ble.c.o
 .rodata.str1.4
                0x000000000002fb44        0xc _build/nrf52832_xxaa/nrf_sdh_ble.c.o
 .rodata.sdh_soc_observers
                0x000000000002fb50        0xc _build/nrf52832_xxaa/nrf_sdh_soc.c.o
 .rodata.str1.4
                0x000000000002fb5c        0xc _build/nrf52832_xxaa/nrf_sdh_soc.c.o
 .rodata._global_impure_ptr
                0x000000000002fb68        0x4 /usr/local/gcc-arm-none-eabi-6-2017-q2-update/bin/../lib/gcc/arm-none-eabi/6.3.1/../../../../arm-none-eabi/lib/thumb/v7e-m/fpv4-sp/hard/libc_nano.a(lib_a-impure.o)
                0x000000000002fb68                _global_impure_ptr
 .rodata._setlocale_r.str1.1
                0x000000000002fb6c        0x8 /usr/local/gcc-arm-none-eabi-6-2017-q2-update/bin/../lib/gcc/arm-none-eabi/6.3.1/../../../../arm-none-eabi/lib/thumb/v7e-m/fpv4-sp/hard/libc_nano.a(lib_a-locale.o)
                                          0x9 (size before relaxing)
 .rodata.str1.1
                0x000000000002fb74        0x2 /usr/local/gcc-arm-none-eabi-6-2017-q2-update/bin/../lib/gcc/arm-none-eabi/6.3.1/../../../../arm-none-eabi/lib/thumb/v7e-m/fpv4-sp/hard/libc_nano.a(lib_a-locale.o)
 .rodata._ctype_
                0x000000000002fb76      0x101 /usr/local/gcc-arm-none-eabi-6-2017-q2-update/bin/../lib/gcc/arm-none-eabi/6.3.1/../../../../arm-none-eabi/lib/thumb/v7e-m/fpv4-sp/hard/libc_nano.a(lib_a-ctype_.o)
                0x000000000002fb76                _ctype_
 *fill*         0x000000000002fc77        0x1 
 .rodata.__sf_fake_stderr
                0x000000000002fc78       0x20 /usr/local/gcc-arm-none-eabi-6-2017-q2-update/bin/../lib/gcc/arm-none-eabi/6.3.1/../../../../arm-none-eabi/lib/thumb/v7e-m/fpv4-sp/hard/libc_nano.a(lib_a-findfp.o)
                0x000000000002fc78                __sf_fake_stderr
 .rodata.__sf_fake_stdin
                0x000000000002fc98       0x20 /usr/local/gcc-arm-none-eabi-6-2017-q2-update/bin/../lib/gcc/arm-none-eabi/6.3.1/../../../../arm-none-eabi/lib/thumb/v7e-m/fpv4-sp/hard/libc_nano.a(lib_a-findfp.o)
                0x000000000002fc98                __sf_fake_stdin
 .rodata.__sf_fake_stdout
                0x000000000002fcb8       0x20 /usr/local/gcc-arm-none-eabi-6-2017-q2-update/bin/../lib/gcc/arm-none-eabi/6.3.1/../../../../arm-none-eabi/lib/thumb/v7e-m/fpv4-sp/hard/libc_nano.a(lib_a-findfp.o)
                0x000000000002fcb8                __sf_fake_stdout
 .rodata._vfprintf_r.str1.1
                0x000000000002fcd8       0x11 /usr/local/gcc-arm-none-eabi-6-2017-q2-update/bin/../lib/gcc/arm-none-eabi/6.3.1/../../../../arm-none-eabi/lib/thumb/v7e-m/fpv4-sp/hard/libc_nano.a(lib_a-nano-vfprintf.o)
 .rodata._printf_i.str1.1
                0x000000000002fce9       0x22 /usr/local/gcc-arm-none-eabi-6-2017-q2-update/bin/../lib/gcc/arm-none-eabi/6.3.1/../../../../arm-none-eabi/lib/thumb/v7e-m/fpv4-sp/hard/libc_nano.a(lib_a-nano-vfprintf_i.o)
 *(.eh_frame*)
 *fill*         0x000000000002fd0b        0x1 
 .eh_frame      0x000000000002fd0c        0x0 /usr/local/gcc-arm-none-eabi-6-2017-q2-update/bin/../lib/gcc/arm-none-eabi/6.3.1/thumb/v7e-m/fpv4-sp/hard/crtbegin.o
 .eh_frame      0x000000000002fd0c        0x4 /usr/local/gcc-arm-none-eabi-6-2017-q2-update/bin/../lib/gcc/arm-none-eabi/6.3.1/thumb/v7e-m/fpv4-sp/hard/crtend.o

.glue_7         0x000000000002fd10        0x0
 .glue_7        0x000000000002fd10        0x0 linker stubs

.glue_7t        0x000000000002fd10        0x0
 .glue_7t       0x000000000002fd10        0x0 linker stubs

.vfp11_veneer   0x000000000002fd10        0x0
 .vfp11_veneer  0x000000000002fd10        0x0 linker stubs

.v4_bx          0x000000000002fd10        0x0
 .v4_bx         0x000000000002fd10        0x0 linker stubs

.iplt           0x000000000002fd10        0x0
 .iplt          0x000000000002fd10        0x0 /usr/local/gcc-arm-none-eabi-6-2017-q2-update/bin/../lib/gcc/arm-none-eabi/6.3.1/thumb/v7e-m/fpv4-sp/hard/crtbegin.o

.mem_section_dummy_rom

.sdh_soc_observers
                0x000000000002fd10       0x18
                0x000000000002fd10                PROVIDE (__start_sdh_soc_observers, .)
 *(SORT(.sdh_soc_observers*))
 .sdh_soc_observers0
                0x000000000002fd10        0x8 _build/nrf52832_xxaa/nrf_fstorage_sd.c.o
 .sdh_soc_observers0
                0x000000000002fd18        0x8 _build/nrf52832_xxaa/nrf_drv_clock.c.o
 .sdh_soc_observers1
                0x000000000002fd20        0x8 _build/nrf52832_xxaa/main.c.o
                0x000000000002fd28                PROVIDE (__stop_sdh_soc_observers, .)

.sdh_ble_observers
                0x000000000002fd28       0x40
                0x000000000002fd28                PROVIDE (__start_sdh_ble_observers, .)
 *(SORT(.sdh_ble_observers*))
 .sdh_ble_observers0
                0x000000000002fd28        0x8 _build/nrf52832_xxaa/ble_conn_state.c.o
 .sdh_ble_observers1
                0x000000000002fd30        0x8 _build/nrf52832_xxaa/bsp_btn_ble.c.o
 .sdh_ble_observers1
                0x000000000002fd38       0x10 _build/nrf52832_xxaa/main.c.o
 .sdh_ble_observers1
                0x000000000002fd48        0x8 _build/nrf52832_xxaa/ble_conn_params.c.o
 .sdh_ble_observers2
                0x000000000002fd50       0x10 _build/nrf52832_xxaa/main.c.o
 .sdh_ble_observers3
                0x000000000002fd60        0x8 _build/nrf52832_xxaa/main.c.o
                0x000000000002fd68                PROVIDE (__stop_sdh_ble_observers, .)

.pwr_mgmt_data  0x000000000002fd68        0x0
                0x000000000002fd68                PROVIDE (__start_pwr_mgmt_data, .)
 *(SORT(.pwr_mgmt_data*))
                0x000000000002fd68                PROVIDE (__stop_pwr_mgmt_data, .)

.log_const_data
                0x000000000002fd68       0x80
                0x000000000002fd68                PROVIDE (__start_log_const_data, .)
 *(SORT(.log_const_data*))
 .log_const_data_CLOCK
                0x000000000002fd68        0x8 _build/nrf52832_xxaa/nrfx_clock.c.o
                0x000000000002fd68                m_nrf_log_CLOCK_logs_data_const
 .log_const_data_GPIOTE
                0x000000000002fd70        0x8 _build/nrf52832_xxaa/nrfx_gpiote.c.o
                0x000000000002fd70                m_nrf_log_GPIOTE_logs_data_const
 .log_const_data_PRS
                0x000000000002fd78        0x8 _build/nrf52832_xxaa/nrfx_prs.c.o
                0x000000000002fd78                m_nrf_log_PRS_logs_data_const
 .log_const_data_UART
                0x000000000002fd80        0x8 _build/nrf52832_xxaa/nrfx_uart.c.o
                0x000000000002fd80                m_nrf_log_UART_logs_data_const
 .log_const_data_UARTE
                0x000000000002fd88        0x8 _build/nrf52832_xxaa/nrfx_uarte.c.o
                0x000000000002fd88                m_nrf_log_UARTE_logs_data_const
 .log_const_data_app
                0x000000000002fd90        0x8 _build/nrf52832_xxaa/nrf_log_frontend.c.o
                0x000000000002fd90                m_nrf_log_app_logs_data_const
 .log_const_data_atfifo_m_fifo
                0x000000000002fd98        0x8 _build/nrf52832_xxaa/nrf_fstorage_sd.c.o
                0x000000000002fd98                m_nrf_log_atfifo_m_fifo_logs_data_const
 .log_const_data_balloc_log_mempool
                0x000000000002fda0        0x8 _build/nrf52832_xxaa/nrf_log_frontend.c.o
                0x000000000002fda0                m_nrf_log_balloc_log_mempool_logs_data_const
 .log_const_data_ble_nus
                0x000000000002fda8        0x8 _build/nrf52832_xxaa/ble_nus.c.o
                0x000000000002fda8                m_nrf_log_ble_nus_logs_data_const
 .log_const_data_clock
                0x000000000002fdb0        0x8 _build/nrf52832_xxaa/nrf_drv_clock.c.o
                0x000000000002fdb0                m_nrf_log_clock_logs_data_const
 .log_const_data_nrf_ble_gatt
                0x000000000002fdb8        0x8 _build/nrf52832_xxaa/nrf_ble_gatt.c.o
                0x000000000002fdb8                m_nrf_log_nrf_ble_gatt_logs_data_const
 .log_const_data_nrf_fstorage
                0x000000000002fdc0        0x8 _build/nrf52832_xxaa/nrf_fstorage.c.o
                0x000000000002fdc0                m_nrf_log_nrf_fstorage_logs_data_const
 .log_const_data_nrf_sdh
                0x000000000002fdc8        0x8 _build/nrf52832_xxaa/nrf_sdh.c.o
                0x000000000002fdc8                m_nrf_log_nrf_sdh_logs_data_const
 .log_const_data_nrf_sdh_ble
                0x000000000002fdd0        0x8 _build/nrf52832_xxaa/nrf_sdh_ble.c.o
                0x000000000002fdd0                m_nrf_log_nrf_sdh_ble_logs_data_const
 .log_const_data_nrf_sdh_soc
                0x000000000002fdd8        0x8 _build/nrf52832_xxaa/nrf_sdh_soc.c.o
                0x000000000002fdd8                m_nrf_log_nrf_sdh_soc_logs_data_const
 .log_const_data_pwr_mgmt
                0x000000000002fde0        0x8 _build/nrf52832_xxaa/nrf_pwr_mgmt.c.o
                0x000000000002fde0                m_nrf_log_pwr_mgmt_logs_data_const
                0x000000000002fde8                PROVIDE (__stop_log_const_data, .)

.nrf_balloc     0x000000000002fde8       0x18
                [!provide]                        PROVIDE (__start_nrf_balloc, .)
 *(.nrf_balloc)
 .nrf_balloc    0x000000000002fde8       0x18 _build/nrf52832_xxaa/nrf_log_frontend.c.o
                0x000000000002fde8                log_mempool
                [!provide]                        PROVIDE (__stop_nrf_balloc, .)

.sdh_state_observers
                0x000000000002fe00       0x10
                0x000000000002fe00                PROVIDE (__start_sdh_state_observers, .)
 *(SORT(.sdh_state_observers*))
 .sdh_state_observers0
                0x000000000002fe00        0x8 _build/nrf52832_xxaa/nrf_fstorage_sd.c.o
 .sdh_state_observers0
                0x000000000002fe08        0x8 _build/nrf52832_xxaa/nrf_drv_clock.c.o
                0x000000000002fe10                PROVIDE (__stop_sdh_state_observers, .)

.sdh_stack_observers
                0x000000000002fe10       0x10
                0x000000000002fe10                PROVIDE (__start_sdh_stack_observers, .)
 *(SORT(.sdh_stack_observers*))
 .sdh_stack_observers0
                0x000000000002fe10        0x8 _build/nrf52832_xxaa/nrf_sdh_ble.c.o
 .sdh_stack_observers0
                0x000000000002fe18        0x8 _build/nrf52832_xxaa/nrf_sdh_soc.c.o
                0x000000000002fe20                PROVIDE (__stop_sdh_stack_observers, .)

.sdh_req_observers
                0x000000000002fe20        0x8
                0x000000000002fe20                PROVIDE (__start_sdh_req_observers, .)
 *(SORT(.sdh_req_observers*))
 .sdh_req_observers0
                0x000000000002fe20        0x8 _build/nrf52832_xxaa/nrf_fstorage_sd.c.o
                0x000000000002fe20                m_req_obs
                0x000000000002fe28                PROVIDE (__stop_sdh_req_observers, .)

.nrf_queue      0x000000000002fe28        0x0
                [!provide]                        PROVIDE (__start_nrf_queue, .)
 *(.nrf_queue)
                [!provide]                        PROVIDE (__stop_nrf_queue, .)

.cli_command    0x000000000002fe28        0x0
                [!provide]                        PROVIDE (__start_cli_command, .)
 *(.cli_command)
                [!provide]                        PROVIDE (__stop_cli_command, .)

.crypto_data    0x000000000002fe28        0x0
                [!provide]                        PROVIDE (__start_crypto_data, .)
 *(SORT(.crypto_data*))
                [!provide]                        PROVIDE (__stop_crypto_data, .)

.ARM.extab
 *(.ARM.extab* .gnu.linkonce.armextab.*)
                0x000000000002fe28                __exidx_start = .

.ARM.exidx      0x000000000002fe28        0x8
 *(.ARM.exidx* .gnu.linkonce.armexidx.*)
 .ARM.exidx     0x000000000002fe28        0x8 /usr/local/gcc-arm-none-eabi-6-2017-q2-update/bin/../lib/gcc/arm-none-eabi/6.3.1/../../../../arm-none-eabi/lib/thumb/v7e-m/fpv4-sp/hard/crt0.o
 .ARM.exidx     0x000000000002fe30        0x0 /usr/local/gcc-arm-none-eabi-6-2017-q2-update/bin/../lib/gcc/arm-none-eabi/6.3.1/thumb/v7e-m/fpv4-sp/hard/libgcc.a(_udivmoddi4.o)
                                          0x8 (size before relaxing)
                0x000000000002fe30                __exidx_end = .
                0x000000000002fe30                __etext = .

.rel.dyn        0x000000000002fe30        0x0
 .rel.iplt      0x000000000002fe30        0x0 /usr/local/gcc-arm-none-eabi-6-2017-q2-update/bin/../lib/gcc/arm-none-eabi/6.3.1/thumb/v7e-m/fpv4-sp/hard/crtbegin.o

.data           0x0000000020002a98      0x240 load address 0x000000000002fe30
                0x0000000020002a98                __data_start__ = .
 *(vtable)
 *(.data*)
 .data.rtt_log_backend
                0x0000000020002a98        0xc _build/nrf52832_xxaa/nrf_log_default_backends.c.o
 .data.app_uart_inst
                0x0000000020002aa4       0x14 _build/nrf52832_xxaa/app_uart_fifo.c.o
 .data.m_fifo_inst
                0x0000000020002ab8       0x14 _build/nrf52832_xxaa/nrf_fstorage_sd.c.o
 .data.SystemCoreClock
                0x0000000020002acc        0x4 _build/nrf52832_xxaa/system_nrf52.c.o
                0x0000000020002acc                SystemCoreClock
 .data.m_adv_uuids
                0x0000000020002ad0        0x4 _build/nrf52832_xxaa/main.c.o
 .data.m_ble_nus_max_data_len
                0x0000000020002ad4        0x2 _build/nrf52832_xxaa/main.c.o
 .data.m_conn_handle
                0x0000000020002ad6        0x2 _build/nrf52832_xxaa/main.c.o
 .data.m_nus    0x0000000020002ad8       0x1c _build/nrf52832_xxaa/main.c.o
 .data.m_nus_link_ctx_storage
                0x0000000020002af4        0x8 _build/nrf52832_xxaa/main.c.o
 .data._impure_ptr
                0x0000000020002afc        0x4 /usr/local/gcc-arm-none-eabi-6-2017-q2-update/bin/../lib/gcc/arm-none-eabi/6.3.1/../../../../arm-none-eabi/lib/thumb/v7e-m/fpv4-sp/hard/libc_nano.a(lib_a-impure.o)
                0x0000000020002afc                _impure_ptr
 .data.impure_data
                0x0000000020002b00       0x60 /usr/local/gcc-arm-none-eabi-6-2017-q2-update/bin/../lib/gcc/arm-none-eabi/6.3.1/../../../../arm-none-eabi/lib/thumb/v7e-m/fpv4-sp/hard/libc_nano.a(lib_a-impure.o)
 .data.__global_locale
                0x0000000020002b60      0x16c /usr/local/gcc-arm-none-eabi-6-2017-q2-update/bin/../lib/gcc/arm-none-eabi/6.3.1/../../../../arm-none-eabi/lib/thumb/v7e-m/fpv4-sp/hard/libc_nano.a(lib_a-locale.o)
                0x0000000020002b60                __global_locale
                0x0000000020002ccc                . = ALIGN (0x4)
                0x0000000020002ccc                PROVIDE (__preinit_array_start, .)
 *(.preinit_array)
                0x0000000020002ccc                PROVIDE (__preinit_array_end, .)
                0x0000000020002ccc                . = ALIGN (0x4)
                0x0000000020002ccc                PROVIDE (__init_array_start, .)
 *(SORT(.init_array.*))
 *(.init_array)
 .init_array    0x0000000020002ccc        0x4 /usr/local/gcc-arm-none-eabi-6-2017-q2-update/bin/../lib/gcc/arm-none-eabi/6.3.1/thumb/v7e-m/fpv4-sp/hard/crtbegin.o
                0x0000000020002cd0                PROVIDE (__init_array_end, .)
                0x0000000020002cd0                . = ALIGN (0x4)
                [!provide]                        PROVIDE (__fini_array_start, .)
 *(SORT(.fini_array.*))
 *(.fini_array)
 .fini_array    0x0000000020002cd0        0x4 /usr/local/gcc-arm-none-eabi-6-2017-q2-update/bin/../lib/gcc/arm-none-eabi/6.3.1/thumb/v7e-m/fpv4-sp/hard/crtbegin.o
                [!provide]                        PROVIDE (__fini_array_end, .)
 *(.jcr*)
 .jcr           0x0000000020002cd4        0x0 /usr/local/gcc-arm-none-eabi-6-2017-q2-update/bin/../lib/gcc/arm-none-eabi/6.3.1/thumb/v7e-m/fpv4-sp/hard/crtbegin.o
 .jcr           0x0000000020002cd4        0x4 /usr/local/gcc-arm-none-eabi-6-2017-q2-update/bin/../lib/gcc/arm-none-eabi/6.3.1/thumb/v7e-m/fpv4-sp/hard/crtend.o
                0x0000000020002cd8                . = ALIGN (0x4)
                0x0000000020002cd8                __data_end__ = .
LOAD /usr/local/gcc-arm-none-eabi-6-2017-q2-update/bin/../lib/gcc/arm-none-eabi/6.3.1/thumb/v7e-m/fpv4-sp/hard/crti.o
LOAD /usr/local/gcc-arm-none-eabi-6-2017-q2-update/bin/../lib/gcc/arm-none-eabi/6.3.1/thumb/v7e-m/fpv4-sp/hard/crtbegin.o
LOAD /usr/local/gcc-arm-none-eabi-6-2017-q2-update/bin/../lib/gcc/arm-none-eabi/6.3.1/../../../../arm-none-eabi/lib/thumb/v7e-m/fpv4-sp/hard/crt0.o
LOAD _build/nrf52832_xxaa/gcc_startup_nrf52.S.o
LOAD _build/nrf52832_xxaa/nrf_log_backend_rtt.c.o
LOAD _build/nrf52832_xxaa/nrf_log_backend_serial.c.o
LOAD _build/nrf52832_xxaa/nrf_log_default_backends.c.o
LOAD _build/nrf52832_xxaa/nrf_log_frontend.c.o
LOAD _build/nrf52832_xxaa/nrf_log_str_formatter.c.o
LOAD _build/nrf52832_xxaa/app_button.c.o
LOAD _build/nrf52832_xxaa/app_error.c.o
LOAD _build/nrf52832_xxaa/app_error_handler_gcc.c.o
LOAD _build/nrf52832_xxaa/app_error_weak.c.o
LOAD _build/nrf52832_xxaa/app_fifo.c.o
LOAD _build/nrf52832_xxaa/app_scheduler.c.o
LOAD _build/nrf52832_xxaa/app_timer.c.o
LOAD _build/nrf52832_xxaa/app_uart_fifo.c.o
LOAD _build/nrf52832_xxaa/app_util_platform.c.o
LOAD _build/nrf52832_xxaa/hardfault_implementation.c.o
LOAD _build/nrf52832_xxaa/nrf_assert.c.o
LOAD _build/nrf52832_xxaa/nrf_atfifo.c.o
LOAD _build/nrf52832_xxaa/nrf_atflags.c.o
LOAD _build/nrf52832_xxaa/nrf_atomic.c.o
LOAD _build/nrf52832_xxaa/nrf_balloc.c.o
LOAD _build/nrf52832_xxaa/nrf_fprintf.c.o
LOAD _build/nrf52832_xxaa/nrf_fprintf_format.c.o
LOAD _build/nrf52832_xxaa/nrf_fstorage.c.o
LOAD _build/nrf52832_xxaa/nrf_fstorage_sd.c.o
LOAD _build/nrf52832_xxaa/nrf_memobj.c.o
LOAD _build/nrf52832_xxaa/nrf_pwr_mgmt.c.o
LOAD _build/nrf52832_xxaa/nrf_section_iter.c.o
LOAD _build/nrf52832_xxaa/nrf_strerror.c.o
LOAD _build/nrf52832_xxaa/retarget.c.o
LOAD _build/nrf52832_xxaa/system_nrf52.c.o
LOAD _build/nrf52832_xxaa/boards.c.o
LOAD _build/nrf52832_xxaa/nrf_drv_clock.c.o
LOAD _build/nrf52832_xxaa/nrf_drv_uart.c.o
LOAD _build/nrf52832_xxaa/nrfx_clock.c.o
LOAD _build/nrf52832_xxaa/nrfx_gpiote.c.o
LOAD _build/nrf52832_xxaa/nrfx_power_clock.c.o
LOAD _build/nrf52832_xxaa/nrfx_prs.c.o
LOAD _build/nrf52832_xxaa/nrfx_uart.c.o
LOAD _build/nrf52832_xxaa/nrfx_uarte.c.o
LOAD _build/nrf52832_xxaa/bsp.c.o
LOAD _build/nrf52832_xxaa/bsp_btn_ble.c.o
LOAD _build/nrf52832_xxaa/main.c.o
LOAD _build/nrf52832_xxaa/SEGGER_RTT.c.o
LOAD _build/nrf52832_xxaa/SEGGER_RTT_Syscalls_GCC.c.o
LOAD _build/nrf52832_xxaa/SEGGER_RTT_printf.c.o
LOAD _build/nrf52832_xxaa/ble_advdata.c.o
LOAD _build/nrf52832_xxaa/ble_advertising.c.o
LOAD _build/nrf52832_xxaa/ble_conn_params.c.o
LOAD _build/nrf52832_xxaa/ble_conn_state.c.o
LOAD _build/nrf52832_xxaa/ble_link_ctx_manager.c.o
LOAD _build/nrf52832_xxaa/ble_srv_common.c.o
LOAD _build/nrf52832_xxaa/nrf_ble_gatt.c.o
LOAD _build/nrf52832_xxaa/nrf_ble_qwr.c.o
LOAD _build/nrf52832_xxaa/ble_nus.c.o
LOAD _build/nrf52832_xxaa/nrf_sdh.c.o
LOAD _build/nrf52832_xxaa/nrf_sdh_ble.c.o
LOAD _build/nrf52832_xxaa/nrf_sdh_soc.c.o
LOAD /usr/local/gcc-arm-none-eabi-6-2017-q2-update/bin/../lib/gcc/arm-none-eabi/6.3.1/../../../../arm-none-eabi/lib/thumb/v7e-m/fpv4-sp/hard/libc_nano.a
LOAD /usr/local/gcc-arm-none-eabi-6-2017-q2-update/bin/../lib/gcc/arm-none-eabi/6.3.1/../../../../arm-none-eabi/lib/thumb/v7e-m/fpv4-sp/hard/libnosys.a
LOAD /usr/local/gcc-arm-none-eabi-6-2017-q2-update/bin/../lib/gcc/arm-none-eabi/6.3.1/../../../../arm-none-eabi/lib/thumb/v7e-m/fpv4-sp/hard/libm.a
START GROUP
LOAD /usr/local/gcc-arm-none-eabi-6-2017-q2-update/bin/../lib/gcc/arm-none-eabi/6.3.1/thumb/v7e-m/fpv4-sp/hard/libgcc.a
LOAD /usr/local/gcc-arm-none-eabi-6-2017-q2-update/bin/../lib/gcc/arm-none-eabi/6.3.1/../../../../arm-none-eabi/lib/thumb/v7e-m/fpv4-sp/hard/libg_nano.a
LOAD /usr/local/gcc-arm-none-eabi-6-2017-q2-update/bin/../lib/gcc/arm-none-eabi/6.3.1/../../../../arm-none-eabi/lib/thumb/v7e-m/fpv4-sp/hard/libc_nano.a
END GROUP
START GROUP
LOAD /usr/local/gcc-arm-none-eabi-6-2017-q2-update/bin/../lib/gcc/arm-none-eabi/6.3.1/thumb/v7e-m/fpv4-sp/hard/libgcc.a
LOAD /usr/local/gcc-arm-none-eabi-6-2017-q2-update/bin/../lib/gcc/arm-none-eabi/6.3.1/../../../../arm-none-eabi/lib/thumb/v7e-m/fpv4-sp/hard/libc_nano.a
END GROUP
LOAD /usr/local/gcc-arm-none-eabi-6-2017-q2-update/bin/../lib/gcc/arm-none-eabi/6.3.1/thumb/v7e-m/fpv4-sp/hard/crtend.o
LOAD /usr/local/gcc-arm-none-eabi-6-2017-q2-update/bin/../lib/gcc/arm-none-eabi/6.3.1/thumb/v7e-m/fpv4-sp/hard/crtn.o
START GROUP
LOAD /usr/local/gcc-arm-none-eabi-6-2017-q2-update/bin/../lib/gcc/arm-none-eabi/6.3.1/thumb/v7e-m/fpv4-sp/hard/libgcc.a
LOAD /usr/local/gcc-arm-none-eabi-6-2017-q2-update/bin/../lib/gcc/arm-none-eabi/6.3.1/../../../../arm-none-eabi/lib/thumb/v7e-m/fpv4-sp/hard/libc.a
LOAD /usr/local/gcc-arm-none-eabi-6-2017-q2-update/bin/../lib/gcc/arm-none-eabi/6.3.1/../../../../arm-none-eabi/lib/thumb/v7e-m/fpv4-sp/hard/libnosys.a
END GROUP

.igot.plt       0x0000000020002cd8        0x0 load address 0x0000000000030070
 .igot.plt      0x0000000020002cd8        0x0 /usr/local/gcc-arm-none-eabi-6-2017-q2-update/bin/../lib/gcc/arm-none-eabi/6.3.1/thumb/v7e-m/fpv4-sp/hard/crtbegin.o
                0x0000000020002cd8                . = ALIGN (0x4)

.mem_section_dummy_ram

.log_dynamic_data
                0x0000000020002cd8       0x40 load address 0x0000000000030070
                0x0000000020002cd8                PROVIDE (__start_log_dynamic_data, .)
 *(SORT(.log_dynamic_data*))
 .log_dynamic_data_CLOCK
                0x0000000020002cd8        0x4 _build/nrf52832_xxaa/nrfx_clock.c.o
                0x0000000020002cd8                m_nrf_log_CLOCK_logs_data_dynamic
 .log_dynamic_data_GPIOTE
                0x0000000020002cdc        0x4 _build/nrf52832_xxaa/nrfx_gpiote.c.o
                0x0000000020002cdc                m_nrf_log_GPIOTE_logs_data_dynamic
 .log_dynamic_data_PRS
                0x0000000020002ce0        0x4 _build/nrf52832_xxaa/nrfx_prs.c.o
                0x0000000020002ce0                m_nrf_log_PRS_logs_data_dynamic
 .log_dynamic_data_UART
                0x0000000020002ce4        0x4 _build/nrf52832_xxaa/nrfx_uart.c.o
                0x0000000020002ce4                m_nrf_log_UART_logs_data_dynamic
 .log_dynamic_data_UARTE
                0x0000000020002ce8        0x4 _build/nrf52832_xxaa/nrfx_uarte.c.o
                0x0000000020002ce8                m_nrf_log_UARTE_logs_data_dynamic
 .log_dynamic_data_app
                0x0000000020002cec        0x4 _build/nrf52832_xxaa/nrf_log_frontend.c.o
                0x0000000020002cec                m_nrf_log_app_logs_data_dynamic
 .log_dynamic_data_atfifo_m_fifo
                0x0000000020002cf0        0x4 _build/nrf52832_xxaa/nrf_fstorage_sd.c.o
                0x0000000020002cf0                m_nrf_log_atfifo_m_fifo_logs_data_dynamic
 .log_dynamic_data_balloc_log_mempool
                0x0000000020002cf4        0x4 _build/nrf52832_xxaa/nrf_log_frontend.c.o
                0x0000000020002cf4                m_nrf_log_balloc_log_mempool_logs_data_dynamic
 .log_dynamic_data_ble_nus
                0x0000000020002cf8        0x4 _build/nrf52832_xxaa/ble_nus.c.o
                0x0000000020002cf8                m_nrf_log_ble_nus_logs_data_dynamic
 .log_dynamic_data_clock
                0x0000000020002cfc        0x4 _build/nrf52832_xxaa/nrf_drv_clock.c.o
                0x0000000020002cfc                m_nrf_log_clock_logs_data_dynamic
 .log_dynamic_data_nrf_ble_gatt
                0x0000000020002d00        0x4 _build/nrf52832_xxaa/nrf_ble_gatt.c.o
                0x0000000020002d00                m_nrf_log_nrf_ble_gatt_logs_data_dynamic
 .log_dynamic_data_nrf_fstorage
                0x0000000020002d04        0x4 _build/nrf52832_xxaa/nrf_fstorage.c.o
                0x0000000020002d04                m_nrf_log_nrf_fstorage_logs_data_dynamic
 .log_dynamic_data_nrf_sdh
                0x0000000020002d08        0x4 _build/nrf52832_xxaa/nrf_sdh.c.o
                0x0000000020002d08                m_nrf_log_nrf_sdh_logs_data_dynamic
 .log_dynamic_data_nrf_sdh_ble
                0x0000000020002d0c        0x4 _build/nrf52832_xxaa/nrf_sdh_ble.c.o
                0x0000000020002d0c                m_nrf_log_nrf_sdh_ble_logs_data_dynamic
 .log_dynamic_data_nrf_sdh_soc
                0x0000000020002d10        0x4 _build/nrf52832_xxaa/nrf_sdh_soc.c.o
                0x0000000020002d10                m_nrf_log_nrf_sdh_soc_logs_data_dynamic
 .log_dynamic_data_pwr_mgmt
                0x0000000020002d14        0x4 _build/nrf52832_xxaa/nrf_pwr_mgmt.c.o
                0x0000000020002d14                m_nrf_log_pwr_mgmt_logs_data_dynamic
                [!provide]                        PROVIDE (__stop_log_dynamic_data, .)

.fs_data        0x0000000020002d18        0x0
                0x0000000020002d18                PROVIDE (__start_fs_data, .)
 *(.fs_data)
                0x0000000020002d18                PROVIDE (__stop_fs_data, .)

.cli_sorted_cmd_ptrs
                0x0000000020002d18        0x0
                [!provide]                        PROVIDE (__start_cli_sorted_cmd_ptrs, .)
 *(.cli_sorted_cmd_ptrs)
                [!provide]                        PROVIDE (__stop_cli_sorted_cmd_ptrs, .)

.bss            0x0000000020002d18      0xfc8 load address 0x00000000000300b0
                0x0000000020002d18                . = ALIGN (0x4)
                0x0000000020002d18                __bss_start__ = .
 *(.bss*)
 .bss           0x0000000020002d18       0x1c /usr/local/gcc-arm-none-eabi-6-2017-q2-update/bin/../lib/gcc/arm-none-eabi/6.3.1/thumb/v7e-m/fpv4-sp/hard/crtbegin.o
 .bss.m_host_present
                0x0000000020002d34        0x1 _build/nrf52832_xxaa/nrf_log_backend_rtt.c.o
 *fill*         0x0000000020002d35        0x3 
 .bss.m_string_buff
                0x0000000020002d38       0x40 _build/nrf52832_xxaa/nrf_log_backend_rtt.c.o
 .bss.log_mempool_nrf_balloc_cb
                0x0000000020002d78        0x8 _build/nrf52832_xxaa/nrf_log_frontend.c.o
 .bss.log_mempool_nrf_balloc_pool_mem
                0x0000000020002d80       0xc0 _build/nrf52832_xxaa/nrf_log_frontend.c.o
 .bss.log_mempool_nrf_balloc_pool_stack
                0x0000000020002e40        0x8 _build/nrf52832_xxaa/nrf_log_frontend.c.o
 .bss.m_log_data
                0x0000000020002e48      0x424 _build/nrf52832_xxaa/nrf_log_frontend.c.o
 .bss.m_button_count
                0x000000002000326c        0x1 _build/nrf52832_xxaa/app_button.c.o
 *fill*         0x000000002000326d        0x3 
 .bss.m_detection_delay
                0x0000000020003270        0x4 _build/nrf52832_xxaa/app_button.c.o
 .bss.m_detection_delay_timer_id_data
                0x0000000020003274       0x20 _build/nrf52832_xxaa/app_button.c.o
 *fill*         0x0000000020003294        0x4 
 .bss.m_pin_state
                0x0000000020003298        0x8 _build/nrf52832_xxaa/app_button.c.o
 .bss.m_pin_transition
                0x00000000200032a0        0x8 _build/nrf52832_xxaa/app_button.c.o
 .bss.mp_buttons
                0x00000000200032a8        0x4 _build/nrf52832_xxaa/app_button.c.o
 .bss.m_op_queue
                0x00000000200032ac      0x10c _build/nrf52832_xxaa/app_timer.c.o
 .bss.m_rtc1_reset
                0x00000000200033b8        0x1 _build/nrf52832_xxaa/app_timer.c.o
 .bss.m_rtc1_running
                0x00000000200033b9        0x1 _build/nrf52832_xxaa/app_timer.c.o
 *fill*         0x00000000200033ba        0x2 
 .bss.m_ticks_elapsed
                0x00000000200033bc        0x8 _build/nrf52832_xxaa/app_timer.c.o
 .bss.m_ticks_elapsed_q_read_ind
                0x00000000200033c4        0x1 _build/nrf52832_xxaa/app_timer.c.o
 .bss.m_ticks_elapsed_q_write_ind
                0x00000000200033c5        0x1 _build/nrf52832_xxaa/app_timer.c.o
 *fill*         0x00000000200033c6        0x2 
 .bss.m_ticks_latest
                0x00000000200033c8        0x4 _build/nrf52832_xxaa/app_timer.c.o
 .bss.mp_timer_id_head
                0x00000000200033cc        0x4 _build/nrf52832_xxaa/app_timer.c.o
 .bss.m_event_handler
                0x00000000200033d0        0x4 _build/nrf52832_xxaa/app_uart_fifo.c.o
 .bss.m_rx_fifo
                0x00000000200033d4       0x10 _build/nrf52832_xxaa/app_uart_fifo.c.o
 .bss.m_rx_ovf  0x00000000200033e4        0x1 _build/nrf52832_xxaa/app_uart_fifo.c.o
 *fill*         0x00000000200033e5        0x3 
 .bss.m_tx_fifo
                0x00000000200033e8       0x10 _build/nrf52832_xxaa/app_uart_fifo.c.o
 .bss.rx_buffer
                0x00000000200033f8        0x1 _build/nrf52832_xxaa/app_uart_fifo.c.o
 *fill*         0x00000000200033f9        0x3 
 .bss.tx_buffer
                0x00000000200033fc        0x1 _build/nrf52832_xxaa/app_uart_fifo.c.o
 *fill*         0x00000000200033fd        0x3 
 .bss.m_flags   0x0000000020003400       0x14 _build/nrf52832_xxaa/nrf_fstorage_sd.c.o
 .bss.m_iget_ctx
                0x0000000020003414        0x4 _build/nrf52832_xxaa/nrf_fstorage_sd.c.o
 .bss.m_p_cur_op
                0x0000000020003418        0x4 _build/nrf52832_xxaa/nrf_fstorage_sd.c.o
 .bss.m_handlers_iter
                0x000000002000341c        0x8 _build/nrf52832_xxaa/nrf_pwr_mgmt.c.o
 .bss.m_shutdown_started
                0x0000000020003424        0x1 _build/nrf52832_xxaa/nrf_pwr_mgmt.c.o
 *fill*         0x0000000020003425        0x3 
 .bss.m_sysoff_mtx
                0x0000000020003428        0x4 _build/nrf52832_xxaa/nrf_pwr_mgmt.c.o
 .bss.m_clock_cb
                0x000000002000342c       0x14 _build/nrf52832_xxaa/nrf_drv_clock.c.o
 .bss.m_contexts
                0x0000000020003440        0x4 _build/nrf52832_xxaa/nrf_drv_uart.c.o
 .bss.m_handlers
                0x0000000020003444        0x4 _build/nrf52832_xxaa/nrf_drv_uart.c.o
 .bss.m_clock_cb
                0x0000000020003448        0x8 _build/nrf52832_xxaa/nrfx_clock.c.o
 .bss.m_cb      0x0000000020003450       0x5c _build/nrf52832_xxaa/nrfx_gpiote.c.o
 .bss.m_prs_box_4
                0x00000000200034ac        0x8 _build/nrf52832_xxaa/nrfx_prs.c.o
 .bss.m_cb      0x00000000200034b4       0x2c _build/nrf52832_xxaa/nrfx_uart.c.o
 .bss.m_cb      0x00000000200034e0       0x24 _build/nrf52832_xxaa/nrfx_uarte.c.o
 .bss.current_long_push_pin_no.8611
                0x0000000020003504        0x1 _build/nrf52832_xxaa/bsp.c.o
 .bss.m_alert_on
                0x0000000020003505        0x1 _build/nrf52832_xxaa/bsp.c.o
 *fill*         0x0000000020003506        0x2 
 .bss.m_bsp_alert_tmr_data
                0x0000000020003508       0x20 _build/nrf52832_xxaa/bsp.c.o
 .bss.m_bsp_button_tmr_data
                0x0000000020003528       0x20 _build/nrf52832_xxaa/bsp.c.o
 .bss.m_bsp_leds_tmr_data
                0x0000000020003548       0x20 _build/nrf52832_xxaa/bsp.c.o
 .bss.m_events_list
                0x0000000020003568        0xc _build/nrf52832_xxaa/bsp.c.o
 .bss.m_indication_type
                0x0000000020003574        0x4 _build/nrf52832_xxaa/bsp.c.o
 .bss.m_leds_clear
                0x0000000020003578        0x1 _build/nrf52832_xxaa/bsp.c.o
 *fill*         0x0000000020003579        0x3 
 .bss.m_registered_callback
                0x000000002000357c        0x4 _build/nrf52832_xxaa/bsp.c.o
 .bss.m_stable_state
                0x0000000020003580        0x1 _build/nrf52832_xxaa/bsp.c.o
 *fill*         0x0000000020003581        0x3 
 .bss.release_event_at_push.8612
                0x0000000020003584        0x4 _build/nrf52832_xxaa/bsp.c.o
 .bss.m_error_handler
                0x0000000020003588        0x4 _build/nrf52832_xxaa/bsp_btn_ble.c.o
 .bss.m_num_connections
                0x000000002000358c        0x4 _build/nrf52832_xxaa/bsp_btn_ble.c.o
 .bss.data_array.11871
                0x0000000020003590       0xf4 _build/nrf52832_xxaa/main.c.o
 .bss.index.11872
                0x0000000020003684        0x1 _build/nrf52832_xxaa/main.c.o
 *fill*         0x0000000020003685        0x3 
 .bss.m_advertising
                0x0000000020003688       0xb8 _build/nrf52832_xxaa/main.c.o
 .bss.m_gatt    0x0000000020003740       0x14 _build/nrf52832_xxaa/main.c.o
 .bss.m_nus_link_ctx_storage_ctx_data_pool
                0x0000000020003754        0x4 _build/nrf52832_xxaa/main.c.o
 .bss.m_qwr     0x0000000020003758        0xc _build/nrf52832_xxaa/main.c.o
 .bss.rx_buf.11889
                0x0000000020003764      0x100 _build/nrf52832_xxaa/main.c.o
 .bss.tx_buf.11890
                0x0000000020003864      0x100 _build/nrf52832_xxaa/main.c.o
 .bss._acDownBuffer
                0x0000000020003964       0x10 _build/nrf52832_xxaa/SEGGER_RTT.c.o
 .bss._acUpBuffer
                0x0000000020003974      0x200 _build/nrf52832_xxaa/SEGGER_RTT.c.o
 .bss.m_conn_params_config
                0x0000000020003b74       0x1c _build/nrf52832_xxaa/ble_conn_params.c.o
 .bss.m_conn_params_instances
                0x0000000020003b90       0x14 _build/nrf52832_xxaa/ble_conn_params.c.o
 .bss.m_preferred_conn_params
                0x0000000020003ba4        0x8 _build/nrf52832_xxaa/ble_conn_params.c.o
 .bss.m_timer_data
                0x0000000020003bac       0x20 _build/nrf52832_xxaa/ble_conn_params.c.o
 .bss.m_bcs     0x0000000020003bcc       0x78 _build/nrf52832_xxaa/ble_conn_state.c.o
 .bss.m_nrf_sdh_continue
                0x0000000020003c44        0x1 _build/nrf52832_xxaa/nrf_sdh.c.o
 .bss.m_nrf_sdh_enabled
                0x0000000020003c45        0x1 _build/nrf52832_xxaa/nrf_sdh.c.o
 .bss.m_nrf_sdh_suspended
                0x0000000020003c46        0x1 _build/nrf52832_xxaa/nrf_sdh.c.o
 .bss.m_stack_is_enabled
                0x0000000020003c47        0x1 _build/nrf52832_xxaa/nrf_sdh_ble.c.o
 .bss.__malloc_free_list
                0x0000000020003c48        0x4 /usr/local/gcc-arm-none-eabi-6-2017-q2-update/bin/../lib/gcc/arm-none-eabi/6.3.1/../../../../arm-none-eabi/lib/thumb/v7e-m/fpv4-sp/hard/libc_nano.a(lib_a-nano-mallocr.o)
                0x0000000020003c48                __malloc_free_list
 .bss.__malloc_sbrk_start