Archive member included to satisfy reference by file (symbol)

/usr/local/gcc-arm-none-eabi-7-2018-q2-update/bin/../lib/gcc/arm-none-eabi/7.3.1/../../../../arm-none-eabi/lib/thumb/v7e-m/fpv4-sp/hard/libc_nano.a(lib_a-exit.o)
                              /usr/local/gcc-arm-none-eabi-7-2018-q2-update/bin/../lib/gcc/arm-none-eabi/7.3.1/../../../../arm-none-eabi/lib/thumb/v7e-m/fpv4-sp/hard/crt0.o (exit)
/usr/local/gcc-arm-none-eabi-7-2018-q2-update/bin/../lib/gcc/arm-none-eabi/7.3.1/../../../../arm-none-eabi/lib/thumb/v7e-m/fpv4-sp/hard/libc_nano.a(lib_a-impure.o)
                              /usr/local/gcc-arm-none-eabi-7-2018-q2-update/bin/../lib/gcc/arm-none-eabi/7.3.1/../../../../arm-none-eabi/lib/thumb/v7e-m/fpv4-sp/hard/libc_nano.a(lib_a-exit.o) (_global_impure_ptr)
/usr/local/gcc-arm-none-eabi-7-2018-q2-update/bin/../lib/gcc/arm-none-eabi/7.3.1/../../../../arm-none-eabi/lib/thumb/v7e-m/fpv4-sp/hard/libc_nano.a(lib_a-init.o)
                              /usr/local/gcc-arm-none-eabi-7-2018-q2-update/bin/../lib/gcc/arm-none-eabi/7.3.1/../../../../arm-none-eabi/lib/thumb/v7e-m/fpv4-sp/hard/crt0.o (__libc_init_array)
/usr/local/gcc-arm-none-eabi-7-2018-q2-update/bin/../lib/gcc/arm-none-eabi/7.3.1/../../../../arm-none-eabi/lib/thumb/v7e-m/fpv4-sp/hard/libc_nano.a(lib_a-locale.o)
                              _build/nrf52832_xxaa/nrf_log_str_formatter.c.o (__locale_ctype_ptr)
/usr/local/gcc-arm-none-eabi-7-2018-q2-update/bin/../lib/gcc/arm-none-eabi/7.3.1/../../../../arm-none-eabi/lib/thumb/v7e-m/fpv4-sp/hard/libc_nano.a(lib_a-mbtowc_r.o)
                              /usr/local/gcc-arm-none-eabi-7-2018-q2-update/bin/../lib/gcc/arm-none-eabi/7.3.1/../../../../arm-none-eabi/lib/thumb/v7e-m/fpv4-sp/hard/libc_nano.a(lib_a-locale.o) (__ascii_mbtowc)
/usr/local/gcc-arm-none-eabi-7-2018-q2-update/bin/../lib/gcc/arm-none-eabi/7.3.1/../../../../arm-none-eabi/lib/thumb/v7e-m/fpv4-sp/hard/libc_nano.a(lib_a-memcmp.o)
                              _build/nrf52832_xxaa/ble_advdata.c.o (memcmp)
/usr/local/gcc-arm-none-eabi-7-2018-q2-update/bin/../lib/gcc/arm-none-eabi/7.3.1/../../../../arm-none-eabi/lib/thumb/v7e-m/fpv4-sp/hard/libc_nano.a(lib_a-memcpy-stub.o)
                              _build/nrf52832_xxaa/nrf_log_frontend.c.o (memcpy)
/usr/local/gcc-arm-none-eabi-7-2018-q2-update/bin/../lib/gcc/arm-none-eabi/7.3.1/../../../../arm-none-eabi/lib/thumb/v7e-m/fpv4-sp/hard/libc_nano.a(lib_a-memset.o)
                              /usr/local/gcc-arm-none-eabi-7-2018-q2-update/bin/../lib/gcc/arm-none-eabi/7.3.1/../../../../arm-none-eabi/lib/thumb/v7e-m/fpv4-sp/hard/crt0.o (memset)
/usr/local/gcc-arm-none-eabi-7-2018-q2-update/bin/../lib/gcc/arm-none-eabi/7.3.1/../../../../arm-none-eabi/lib/thumb/v7e-m/fpv4-sp/hard/libc_nano.a(lib_a-printf.o)
                              _build/nrf52832_xxaa/main.c.o (printf)
/usr/local/gcc-arm-none-eabi-7-2018-q2-update/bin/../lib/gcc/arm-none-eabi/7.3.1/../../../../arm-none-eabi/lib/thumb/v7e-m/fpv4-sp/hard/libc_nano.a(lib_a-strcmp.o)
                              /usr/local/gcc-arm-none-eabi-7-2018-q2-update/bin/../lib/gcc/arm-none-eabi/7.3.1/../../../../arm-none-eabi/lib/thumb/v7e-m/fpv4-sp/hard/libc_nano.a(lib_a-locale.o) (strcmp)
/usr/local/gcc-arm-none-eabi-7-2018-q2-update/bin/../lib/gcc/arm-none-eabi/7.3.1/../../../../arm-none-eabi/lib/thumb/v7e-m/fpv4-sp/hard/libc_nano.a(lib_a-strcpy.o)
                              _build/nrf52832_xxaa/SEGGER_RTT.c.o (strcpy)
/usr/local/gcc-arm-none-eabi-7-2018-q2-update/bin/../lib/gcc/arm-none-eabi/7.3.1/../../../../arm-none-eabi/lib/thumb/v7e-m/fpv4-sp/hard/libc_nano.a(lib_a-strlen.o)
                              _build/nrf52832_xxaa/nrf_log_frontend.c.o (strlen)
/usr/local/gcc-arm-none-eabi-7-2018-q2-update/bin/../lib/gcc/arm-none-eabi/7.3.1/../../../../arm-none-eabi/lib/thumb/v7e-m/fpv4-sp/hard/libc_nano.a(lib_a-wctomb_r.o)
                              /usr/local/gcc-arm-none-eabi-7-2018-q2-update/bin/../lib/gcc/arm-none-eabi/7.3.1/../../../../arm-none-eabi/lib/thumb/v7e-m/fpv4-sp/hard/libc_nano.a(lib_a-locale.o) (__ascii_wctomb)
/usr/local/gcc-arm-none-eabi-7-2018-q2-update/bin/../lib/gcc/arm-none-eabi/7.3.1/../../../../arm-none-eabi/lib/thumb/v7e-m/fpv4-sp/hard/libc_nano.a(lib_a-ctype_.o)
                              /usr/local/gcc-arm-none-eabi-7-2018-q2-update/bin/../lib/gcc/arm-none-eabi/7.3.1/../../../../arm-none-eabi/lib/thumb/v7e-m/fpv4-sp/hard/libc_nano.a(lib_a-locale.o) (_ctype_)
/usr/local/gcc-arm-none-eabi-7-2018-q2-update/bin/../lib/gcc/arm-none-eabi/7.3.1/../../../../arm-none-eabi/lib/thumb/v7e-m/fpv4-sp/hard/libc_nano.a(lib_a-findfp.o)
                              /usr/local/gcc-arm-none-eabi-7-2018-q2-update/bin/../lib/gcc/arm-none-eabi/7.3.1/../../../../arm-none-eabi/lib/thumb/v7e-m/fpv4-sp/hard/libc_nano.a(lib_a-printf.o) (__sinit)
/usr/local/gcc-arm-none-eabi-7-2018-q2-update/bin/../lib/gcc/arm-none-eabi/7.3.1/../../../../arm-none-eabi/lib/thumb/v7e-m/fpv4-sp/hard/libc_nano.a(lib_a-fwalk.o)
[...]
Memory Configuration

Name             Origin             Length             Attributes
FLASH            0x0000000000026000 0x000000000005a000 xr
RAM              0x0000000020002a98 0x000000000000d568 xrw
*default*        0x0000000000000000 0xffffffffffffffff

Linker script and memory map


.text           0x0000000000026000     0x98f0
 *(.isr_vector)
 .isr_vector    0x0000000000026000      0x200 _build/nrf52832_xxaa/gcc_startup_nrf52.S.o
                0x0000000000026000                __isr_vector
 *(.text*)
 .text          0x0000000000026200       0x40 /usr/local/gcc-arm-none-eabi-7-2018-q2-update/bin/../lib/gcc/arm-none-eabi/7.3.1/thumb/v7e-m/fpv4-sp/hard/crtbegin.o
 .text          0x0000000000026240       0x74 /usr/local/gcc-arm-none-eabi-7-2018-q2-update/bin/../lib/gcc/arm-none-eabi/7.3.1/../../../../arm-none-eabi/lib/thumb/v7e-m/fpv4-sp/hard/crt0.o
                0x0000000000026240                _mainCRTStartup
                0x0000000000026240                _start
 .text          0x00000000000262b4       0x3c _build/nrf52832_xxaa/gcc_startup_nrf52.S.o
                0x00000000000262b4                Reset_Handler
                0x00000000000262dc                NMI_Handler
                0x00000000000262de                HardFault_Handler
                0x00000000000262e0                MemoryManagement_Handler
                0x00000000000262e2                BusFault_Handler
                0x00000000000262e4                UsageFault_Handler
                0x00000000000262e6                SVC_Handler
                0x00000000000262e8                DebugMon_Handler
                0x00000000000262ea                PendSV_Handler
                0x00000000000262ec                SysTick_Handler
                0x00000000000262ee                TIMER4_IRQHandler
                0x00000000000262ee                I2S_IRQHandler
                0x00000000000262ee                SWI4_EGU4_IRQHandler
                0x00000000000262ee                TIMER0_IRQHandler
                0x00000000000262ee                TIMER1_IRQHandler
                0x00000000000262ee                PWM2_IRQHandler
                0x00000000000262ee                ECB_IRQHandler
                0x00000000000262ee                SPIM1_SPIS1_TWIM1_TWIS1_SPI1_TWI1_IRQHandler
                0x00000000000262ee                Default_Handler
                0x00000000000262ee                SAADC_IRQHandler
                0x00000000000262ee                CCM_AAR_IRQHandler
                0x00000000000262ee                WDT_IRQHandler
                0x00000000000262ee                SWI5_EGU5_IRQHandler
                0x00000000000262ee                RNG_IRQHandler
                0x00000000000262ee                RTC2_IRQHandler
                0x00000000000262ee                PWM0_IRQHandler
                0x00000000000262ee                SWI3_EGU3_IRQHandler
                0x00000000000262ee                SWI1_EGU1_IRQHandler
                0x00000000000262ee                SPIM2_SPIS2_SPI2_IRQHandler
                0x00000000000262ee                NFCT_IRQHandler
                0x00000000000262ee                MWU_IRQHandler
                0x00000000000262ee                TIMER2_IRQHandler
                0x00000000000262ee                COMP_LPCOMP_IRQHandler
                0x00000000000262ee                RTC0_IRQHandler
                0x00000000000262ee                PWM1_IRQHandler
                0x00000000000262ee                RADIO_IRQHandler
                0x00000000000262ee                PDM_IRQHandler
                0x00000000000262ee                TEMP_IRQHandler
                0x00000000000262ee                QDEC_IRQHandler
                0x00000000000262ee                TIMER3_IRQHandler
                0x00000000000262ee                FPU_IRQHandler
                0x00000000000262ee                SPIM0_SPIS0_TWIM0_TWIS0_SPI0_TWI0_IRQHandler
 .text.nrf_log_backend_rtt_flush
                0x00000000000262f0        0x4 _build/nrf52832_xxaa/nrf_log_backend_rtt.c.o
 .text.nrf_log_backend_rtt_put
                0x00000000000262f4       0x20 _build/nrf52832_xxaa/nrf_log_backend_rtt.c.o
 .text.serial_tx
                0x0000000000026314       0x54 _build/nrf52832_xxaa/nrf_log_backend_rtt.c.o
 .text.nrf_log_backend_rtt_panic_set
                0x0000000000026368        0x4 _build/nrf52832_xxaa/nrf_log_backend_rtt.c.o
 .text.nrf_log_backend_rtt_init
                0x000000000002636c        0x4 _build/nrf52832_xxaa/nrf_log_backend_rtt.c.o
                0x000000000002636c                nrf_log_backend_rtt_init
 .text.nrf_log_backend_serial_put
                0x0000000000026370       0xd4 _build/nrf52832_xxaa/nrf_log_backend_serial.c.o
                0x0000000000026370                nrf_log_backend_serial_put
 .text.nrf_log_default_backends_init
                0x0000000000026444       0x1c _build/nrf52832_xxaa/nrf_log_default_backends.c.o
                0x0000000000026444                nrf_log_default_backends_init
 .text.log_skip
                0x0000000000026460       0xd0 _build/nrf52832_xxaa/nrf_log_frontend.c.o
 .text.nrf_log_init
                0x0000000000026530       0x50 _build/nrf52832_xxaa/nrf_log_frontend.c.o
                0x0000000000026530                nrf_log_init
 .text.nrf_log_module_name_get
                0x0000000000026580       0x5c _build/nrf52832_xxaa/nrf_log_frontend.c.o
                0x0000000000026580                nrf_log_module_name_get
 .text.nrf_log_color_id_get
                0x00000000000265dc       0x2c _build/nrf52832_xxaa/nrf_log_frontend.c.o
                0x00000000000265dc                nrf_log_color_id_get
 .text.nrf_log_frontend_std_0
                0x0000000000026608       0xf0 _build/nrf52832_xxaa/nrf_log_frontend.c.o
                0x0000000000026608                nrf_log_frontend_std_0
 .text.nrf_log_frontend_dequeue.part.6
                0x00000000000266f8      0x258 _build/nrf52832_xxaa/nrf_log_frontend.c.o
 .text.nrf_log_frontend_std_1
                0x0000000000026950      0x100 _build/nrf52832_xxaa/nrf_log_frontend.c.o
                0x0000000000026950                nrf_log_frontend_std_1
 .text.nrf_log_frontend_std_2
                0x0000000000026a50      0x104 _build/nrf52832_xxaa/nrf_log_frontend.c.o
                0x0000000000026a50                nrf_log_frontend_std_2
 .text.nrf_log_frontend_dequeue
                0x0000000000026b54       0x18 _build/nrf52832_xxaa/nrf_log_frontend.c.o
                0x0000000000026b54                nrf_log_frontend_dequeue
 .text.nrf_log_backend_add
                0x0000000000026b6c       0x5c _build/nrf52832_xxaa/nrf_log_frontend.c.o
                0x0000000000026b6c                nrf_log_backend_add
 .text.nrf_log_panic
                0x0000000000026bc8       0x28 _build/nrf52832_xxaa/nrf_log_frontend.c.o
                0x0000000000026bc8                nrf_log_panic
 .text.nrf_log_std_entry_process
                0x0000000000026bf0      0x14c _build/nrf52832_xxaa/nrf_log_str_formatter.c.o
                0x0000000000026bf0                nrf_log_std_entry_process
 .text.nrf_log_hexdump_entry_process
                0x0000000000026d3c      0x158 _build/nrf52832_xxaa/nrf_log_str_formatter.c.o
                0x0000000000026d3c                nrf_log_hexdump_entry_process
 .text.detection_delay_timeout_handler
                0x0000000000026e94      0x120 _build/nrf52832_xxaa/app_button.c.o
 .text.gpiote_event_handler
                0x0000000000026fb4       0xa8 _build/nrf52832_xxaa/app_button.c.o
 .text.app_button_init
                0x000000000002705c       0xb0 _build/nrf52832_xxaa/app_button.c.o
                0x000000000002705c                app_button_init
 .text.app_button_enable
                0x000000000002710c       0x2c _build/nrf52832_xxaa/app_button.c.o
                0x000000000002710c                app_button_enable
 .text.app_error_handler_bare
                0x0000000000027138       0x20 _build/nrf52832_xxaa/app_error.c.o
                0x0000000000027138                app_error_handler_bare
 .text.app_error_fault_handler
                0x0000000000027158       0x6c _build/nrf52832_xxaa/app_error_weak.c.o
                0x0000000000027158                app_error_fault_handler
 .text.app_fifo_init
                0x00000000000271c4       0x20 _build/nrf52832_xxaa/app_fifo.c.o
                0x00000000000271c4                app_fifo_init
 .text.app_fifo_put
                0x00000000000271e4       0x30 _build/nrf52832_xxaa/app_fifo.c.o
                0x00000000000271e4                app_fifo_put
 .text.app_fifo_get
                0x0000000000027214       0x2c _build/nrf52832_xxaa/app_fifo.c.o
                0x0000000000027214                app_fifo_get
 .text.RTC1_IRQHandler
                0x0000000000027240       0xa0 _build/nrf52832_xxaa/app_timer.c.o
                0x0000000000027240                RTC1_IRQHandler
 .text.SWI0_EGU0_IRQHandler
                0x00000000000272e0      0x394 _build/nrf52832_xxaa/app_timer.c.o
                0x00000000000272e0                SWI0_EGU0_IRQHandler
 .text.app_timer_init
                0x0000000000027674       0xa8 _build/nrf52832_xxaa/app_timer.c.o
                0x0000000000027674                app_timer_init
 .text.app_timer_create
                0x000000000002771c       0x24 _build/nrf52832_xxaa/app_timer.c.o
                0x000000000002771c                app_timer_create
 .text.app_timer_start
                0x0000000000027740       0xac _build/nrf52832_xxaa/app_timer.c.o
                0x0000000000027740                app_timer_start
 .text.app_timer_stop
                0x00000000000277ec       0x74 _build/nrf52832_xxaa/app_timer.c.o
                0x00000000000277ec                app_timer_stop
 .text.uart_event_handler
                0x0000000000027860      0x114 _build/nrf52832_xxaa/app_uart_fifo.c.o
 .text.app_uart_init
                0x0000000000027974       0xf4 _build/nrf52832_xxaa/app_uart_fifo.c.o
                0x0000000000027974                app_uart_init
 .text.app_uart_get
                0x0000000000027a68       0x5c _build/nrf52832_xxaa/app_uart_fifo.c.o
                0x0000000000027a68                app_uart_get
 .text.app_uart_put
                0x0000000000027ac4       0x74 _build/nrf52832_xxaa/app_uart_fifo.c.o
                0x0000000000027ac4                app_uart_put
 .text.app_util_critical_region_enter
                0x0000000000027b38       0x4c _build/nrf52832_xxaa/app_util_platform.c.o
                0x0000000000027b38                app_util_critical_region_enter
 .text.app_util_critical_region_exit
                0x0000000000027b84       0x30 _build/nrf52832_xxaa/app_util_platform.c.o
                0x0000000000027b84                app_util_critical_region_exit
 .text.nrf_atfifo_item_get
                0x0000000000027bb4       0x5c _build/nrf52832_xxaa/nrf_atfifo.c.o
                0x0000000000027bb4                nrf_atfifo_item_get
 .text.nrf_atfifo_item_free
                0x0000000000027c10       0x20 _build/nrf52832_xxaa/nrf_atfifo.c.o
                0x0000000000027c10                nrf_atfifo_item_free
 .text.nrf_atflags_set
                0x0000000000027c30       0x14 _build/nrf52832_xxaa/nrf_atflags.c.o
                0x0000000000027c30                nrf_atflags_set
 .text.nrf_atflags_clear
                0x0000000000027c44       0x14 _build/nrf52832_xxaa/nrf_atflags.c.o
                0x0000000000027c44                nrf_atflags_clear
 .text.nrf_atflags_get
                0x0000000000027c58       0x14 _build/nrf52832_xxaa/nrf_atflags.c.o
                0x0000000000027c58                nrf_atflags_get
 .text.nrf_atomic_u32_fetch_store
                0x0000000000027c6c       0x14 _build/nrf52832_xxaa/nrf_atomic.c.o
                0x0000000000027c6c                nrf_atomic_u32_fetch_store
 .text.nrf_atomic_u32_or
                0x0000000000027c80       0x18 _build/nrf52832_xxaa/nrf_atomic.c.o
                0x0000000000027c80                nrf_atomic_u32_or
 .text.nrf_atomic_u32_and
                0x0000000000027c98       0x18 _build/nrf52832_xxaa/nrf_atomic.c.o
                0x0000000000027c98                nrf_atomic_u32_and
 .text.nrf_atomic_u32_add
                0x0000000000027cb0       0x18 _build/nrf52832_xxaa/nrf_atomic.c.o
                0x0000000000027cb0                nrf_atomic_u32_add
 .text.nrf_atomic_u32_sub
                0x0000000000027cc8       0x18 _build/nrf52832_xxaa/nrf_atomic.c.o
                0x0000000000027cc8                nrf_atomic_u32_sub
 .text.nrf_atomic_flag_set
                0x0000000000027ce0       0x18 _build/nrf52832_xxaa/nrf_atomic.c.o
                0x0000000000027ce0                nrf_atomic_flag_set
 .text.nrf_atomic_flag_clear_fetch
                0x0000000000027cf8       0x18 _build/nrf52832_xxaa/nrf_atomic.c.o
                0x0000000000027cf8                nrf_atomic_flag_clear_fetch
 .text.nrf_balloc_init
                0x0000000000027d10       0x38 _build/nrf52832_xxaa/nrf_balloc.c.o
                0x0000000000027d10                nrf_balloc_init
 .text.nrf_balloc_alloc
                0x0000000000027d48       0x50 _build/nrf52832_xxaa/nrf_balloc.c.o
                0x0000000000027d48                nrf_balloc_alloc
 .text.nrf_balloc_free
                0x0000000000027d98       0x38 _build/nrf52832_xxaa/nrf_balloc.c.o
                0x0000000000027d98                nrf_balloc_free
 .text.nrf_fprintf_buffer_flush
                0x0000000000027dd0       0x18 _build/nrf52832_xxaa/nrf_fprintf.c.o
                0x0000000000027dd0                nrf_fprintf_buffer_flush
 .text.nrf_fprintf
                0x0000000000027de8       0x20 _build/nrf52832_xxaa/nrf_fprintf.c.o
                0x0000000000027de8                nrf_fprintf
 .text.unsigned_print
                0x0000000000027e08      0x10c _build/nrf52832_xxaa/nrf_fprintf_format.c.o
 .text.nrf_fprintf_fmt
                0x0000000000027f14      0x5bc _build/nrf52832_xxaa/nrf_fprintf_format.c.o
                0x0000000000027f14                nrf_fprintf_fmt
 .text.nrf_fstorage_is_busy
                0x00000000000284d0       0x50 _build/nrf52832_xxaa/nrf_fstorage.c.o
                0x00000000000284d0                nrf_fstorage_is_busy
 .text.sd_flash_write
                0x0000000000028520        0x4 _build/nrf52832_xxaa/nrf_fstorage_sd.c.o
 .text.sd_flash_page_erase
                0x0000000000028524        0x4 _build/nrf52832_xxaa/nrf_fstorage_sd.c.o
 .text.nrf_fstorage_sdh_req_handler
                0x0000000000028528       0x14 _build/nrf52832_xxaa/nrf_fstorage_sd.c.o
                0x0000000000028528                nrf_fstorage_sdh_req_handler
 .text.queue_process
                0x000000000002853c      0x18c _build/nrf52832_xxaa/nrf_fstorage_sd.c.o
 .text.nrf_fstorage_sdh_state_handler
                0x00000000000286c8      0x1a0 _build/nrf52832_xxaa/nrf_fstorage_sd.c.o
                0x00000000000286c8                nrf_fstorage_sdh_state_handler
 .text.nrf_fstorage_sys_evt_handler
                0x0000000000028868      0x254 _build/nrf52832_xxaa/nrf_fstorage_sd.c.o
                0x0000000000028868                nrf_fstorage_sys_evt_handler
 .text.nrf_memobj_pool_init
                0x0000000000028abc        0x4 _build/nrf52832_xxaa/nrf_memobj.c.o
                0x0000000000028abc                nrf_memobj_pool_init
 .text.nrf_memobj_alloc
                0x0000000000028ac0       0x84 _build/nrf52832_xxaa/nrf_memobj.c.o
                0x0000000000028ac0                nrf_memobj_alloc
 .text.nrf_memobj_get
                0x0000000000028b44        0x8 _build/nrf52832_xxaa/nrf_memobj.c.o
                0x0000000000028b44                nrf_memobj_get
 .text.nrf_memobj_put
                0x0000000000028b4c       0x44 _build/nrf52832_xxaa/nrf_memobj.c.o
                0x0000000000028b4c                nrf_memobj_put
 .text.nrf_memobj_write
                0x0000000000028b90       0x5c _build/nrf52832_xxaa/nrf_memobj.c.o
                0x0000000000028b90                nrf_memobj_write
 .text.nrf_memobj_read
                0x0000000000028bec       0x5c _build/nrf52832_xxaa/nrf_memobj.c.o
                0x0000000000028bec                nrf_memobj_read
 .text.sd_app_evt_wait
                0x0000000000028c48        0x4 _build/nrf52832_xxaa/nrf_pwr_mgmt.c.o
 .text.nrf_pwr_mgmt_init
                0x0000000000028c4c       0x2c _build/nrf52832_xxaa/nrf_pwr_mgmt.c.o
                0x0000000000028c4c                nrf_pwr_mgmt_init
 .text.nrf_pwr_mgmt_run
                0x0000000000028c78       0x50 _build/nrf52832_xxaa/nrf_pwr_mgmt.c.o
                0x0000000000028c78                nrf_pwr_mgmt_run
 .text.nrf_section_iter_init
                0x0000000000028cc8       0x14 _build/nrf52832_xxaa/nrf_section_iter.c.o
                0x0000000000028cc8                nrf_section_iter_init
 .text.nrf_section_iter_next
                0x0000000000028cdc       0x18 _build/nrf52832_xxaa/nrf_section_iter.c.o
                0x0000000000028cdc                nrf_section_iter_next
 .text.nrf_strerror_get
                0x0000000000028cf4       0x6c _build/nrf52832_xxaa/nrf_strerror.c.o
                0x0000000000028cf4                nrf_strerror_get
 .text._write   0x0000000000028d60       0x1c _build/nrf52832_xxaa/retarget.c.o
                0x0000000000028d60                _write
 .text._read    0x0000000000028d7c       0x14 _build/nrf52832_xxaa/retarget.c.o
                0x0000000000028d7c                _read
 .text.SystemInit
                0x0000000000028d90      0x3c0 _build/nrf52832_xxaa/system_nrf52.c.o
                0x0000000000028d90                SystemInit
 .text.bsp_board_led_state_get
                0x0000000000029150       0x1c _build/nrf52832_xxaa/boards.c.o
                0x0000000000029150                bsp_board_led_state_get
 .text.bsp_board_led_on
                0x000000000002916c       0x18 _build/nrf52832_xxaa/boards.c.o
                0x000000000002916c                bsp_board_led_on
 .text.bsp_board_led_off
                0x0000000000029184       0x18 _build/nrf52832_xxaa/boards.c.o
                0x0000000000029184                bsp_board_led_off
 .text.bsp_board_leds_off
                0x000000000002919c       0x2c _build/nrf52832_xxaa/boards.c.o
                0x000000000002919c                bsp_board_leds_off
 .text.bsp_board_leds_on
                0x00000000000291c8       0x2c _build/nrf52832_xxaa/boards.c.o
                0x00000000000291c8                bsp_board_leds_on
 .text.bsp_board_led_invert
                0x00000000000291f4       0x24 _build/nrf52832_xxaa/boards.c.o
                0x00000000000291f4                bsp_board_led_invert
 .text.bsp_board_button_state_get
                0x0000000000029218       0x1c _build/nrf52832_xxaa/boards.c.o
                0x0000000000029218                bsp_board_button_state_get
 .text.bsp_board_pin_to_button_idx
                0x0000000000029234       0x24 _build/nrf52832_xxaa/boards.c.o
                0x0000000000029234                bsp_board_pin_to_button_idx
 .text.bsp_board_button_idx_to_pin
                0x0000000000029258        0xc _build/nrf52832_xxaa/boards.c.o
                0x0000000000029258                bsp_board_button_idx_to_pin
 .text.bsp_board_init
                0x0000000000029264       0x5c _build/nrf52832_xxaa/boards.c.o
                0x0000000000029264                bsp_board_init
 .text.clock_irq_handler
                0x00000000000292c0       0x44 _build/nrf52832_xxaa/nrf_drv_clock.c.o
 .text.soc_evt_handler
                0x0000000000029304       0x28 _build/nrf52832_xxaa/nrf_drv_clock.c.o
 .text.sd_state_evt_handler
                0x000000000002932c       0xa0 _build/nrf52832_xxaa/nrf_drv_clock.c.o
 .text.uarte_evt_handler
                0x00000000000293cc       0x34 _build/nrf52832_xxaa/nrf_drv_uart.c.o
 .text.uart_evt_handler
                0x0000000000029400       0x34 _build/nrf52832_xxaa/nrf_drv_uart.c.o
 .text.nrf_drv_uart_init
                0x0000000000029434       0x80 _build/nrf52832_xxaa/nrf_drv_uart.c.o
                0x0000000000029434                nrf_drv_uart_init
 .text.nrfx_clock_init
                0x00000000000294b4       0x1c _build/nrf52832_xxaa/nrfx_clock.c.o
                0x00000000000294b4                nrfx_clock_init
 .text.nrfx_clock_enable
                0x00000000000294d0       0x28 _build/nrf52832_xxaa/nrfx_clock.c.o
                0x00000000000294d0                nrfx_clock_enable
 .text.nrfx_clock_lfclk_stop
                0x00000000000294f8       0x18 _build/nrf52832_xxaa/nrfx_clock.c.o
                0x00000000000294f8                nrfx_clock_lfclk_stop
 .text.POWER_CLOCK_IRQHandler
                0x0000000000029510       0x64 _build/nrf52832_xxaa/nrfx_clock.c.o
                0x0000000000029510                POWER_CLOCK_IRQHandler
 .text.nrfx_gpiote_init
                0x0000000000029574       0x8c _build/nrf52832_xxaa/nrfx_gpiote.c.o
                0x0000000000029574                nrfx_gpiote_init
 .text.nrfx_gpiote_is_init
                0x0000000000029600       0x14 _build/nrf52832_xxaa/nrfx_gpiote.c.o
                0x0000000000029600                nrfx_gpiote_is_init
 .text.nrfx_gpiote_in_init
                0x0000000000029614      0x1bc _build/nrf52832_xxaa/nrfx_gpiote.c.o
                0x0000000000029614                nrfx_gpiote_in_init
 .text.nrfx_gpiote_in_event_enable
                0x00000000000297d0       0xc4 _build/nrf52832_xxaa/nrfx_gpiote.c.o
                0x00000000000297d0                nrfx_gpiote_in_event_enable
 .text.nrfx_gpiote_in_is_set
                0x0000000000029894       0x14 _build/nrf52832_xxaa/nrfx_gpiote.c.o
                0x0000000000029894                nrfx_gpiote_in_is_set
 .text.GPIOTE_IRQHandler
                0x00000000000298a8      0x548 _build/nrf52832_xxaa/nrfx_gpiote.c.o
                0x00000000000298a8                GPIOTE_IRQHandler
 .text.UARTE0_UART0_IRQHandler
                0x0000000000029df0        0xc _build/nrf52832_xxaa/nrfx_prs.c.o
                0x0000000000029df0                UARTE0_UART0_IRQHandler
 .text.nrfx_prs_acquire
                0x0000000000029dfc       0x4c _build/nrf52832_xxaa/nrfx_prs.c.o
                0x0000000000029dfc                nrfx_prs_acquire
 .text.nrfx_uart_0_irq_handler
                0x0000000000029e48      0x1bc _build/nrf52832_xxaa/nrfx_uart.c.o
                0x0000000000029e48                nrfx_uart_0_irq_handler
 .text.nrfx_uart_init
                0x000000000002a004      0x1a4 _build/nrf52832_xxaa/nrfx_uart.c.o
                0x000000000002a004                nrfx_uart_init
 .text.nrfx_uart_tx
                0x000000000002a1a8       0xcc _build/nrf52832_xxaa/nrfx_uart.c.o
                0x000000000002a1a8                nrfx_uart_tx
 .text.nrfx_uart_tx_in_progress
                0x000000000002a274       0x18 _build/nrf52832_xxaa/nrfx_uart.c.o
                0x000000000002a274                nrfx_uart_tx_in_progress
 .text.nrfx_uart_rx
                0x000000000002a28c      0x14c _build/nrf52832_xxaa/nrfx_uart.c.o
                0x000000000002a28c                nrfx_uart_rx
 .text.nrfx_uarte_0_irq_handler
                0x000000000002a3d8      0x128 _build/nrf52832_xxaa/nrfx_uarte.c.o
                0x000000000002a3d8                nrfx_uarte_0_irq_handler
 .text.nrfx_uarte_init
                0x000000000002a500      0x1c4 _build/nrf52832_xxaa/nrfx_uarte.c.o
                0x000000000002a500                nrfx_uarte_init
 .text.nrfx_uarte_tx
                0x000000000002a6c4       0xa0 _build/nrf52832_xxaa/nrfx_uarte.c.o
                0x000000000002a6c4                nrfx_uarte_tx
 .text.nrfx_uarte_tx_in_progress
                0x000000000002a764       0x1c _build/nrf52832_xxaa/nrfx_uarte.c.o
                0x000000000002a764                nrfx_uarte_tx_in_progress
 .text.nrfx_uarte_rx
                0x000000000002a780      0x12c _build/nrf52832_xxaa/nrfx_uarte.c.o
                0x000000000002a780                nrfx_uarte_rx
 .text.alert_timer_handler
                0x000000000002a8ac        0x8 _build/nrf52832_xxaa/bsp.c.o
 .text.bsp_button_event_handler
                0x000000000002a8b4       0xa0 _build/nrf52832_xxaa/bsp.c.o
 .text.button_timer_handler
                0x000000000002a954       0x30 _build/nrf52832_xxaa/bsp.c.o
 .text.leds_timer_handler
                0x000000000002a984      0x2e4 _build/nrf52832_xxaa/bsp.c.o
 .text.bsp_button_is_pressed
                0x000000000002ac68        0xc _build/nrf52832_xxaa/bsp.c.o
                0x000000000002ac68                bsp_button_is_pressed
 .text.bsp_indication_set
                0x000000000002ac74      0x328 _build/nrf52832_xxaa/bsp.c.o
                0x000000000002ac74                bsp_indication_set
 .text.bsp_init
                0x000000000002af9c       0xbc _build/nrf52832_xxaa/bsp.c.o
                0x000000000002af9c                bsp_init
 .text.bsp_event_to_button_action_assign
                0x000000000002b058       0x50 _build/nrf52832_xxaa/bsp.c.o
                0x000000000002b058                bsp_event_to_button_action_assign
 .text.bsp_wakeup_button_enable
                0x000000000002b0a8       0x30 _build/nrf52832_xxaa/bsp.c.o
                0x000000000002b0a8                bsp_wakeup_button_enable
 .text.ble_evt_handler
                0x000000000002b0d8       0xac _build/nrf52832_xxaa/bsp_btn_ble.c.o
 .text.bsp_btn_ble_sleep_mode_prepare
                0x000000000002b184       0x24 _build/nrf52832_xxaa/bsp_btn_ble.c.o
                0x000000000002b184                bsp_btn_ble_sleep_mode_prepare
 .text.bsp_btn_ble_init
                0x000000000002b1a8       0x6c _build/nrf52832_xxaa/bsp_btn_ble.c.o
                0x000000000002b1a8                bsp_btn_ble_init
 .text.sd_ble_gap_disconnect
                0x000000000002b214        0x4 _build/nrf52832_xxaa/main.c.o
 .text.sd_ble_gap_ppcp_set
                0x000000000002b218        0x4 _build/nrf52832_xxaa/main.c.o
 .text.sd_ble_gap_device_name_set
                0x000000000002b21c        0x4 _build/nrf52832_xxaa/main.c.o
 .text.sd_ble_gap_sec_params_reply
                0x000000000002b220        0x4 _build/nrf52832_xxaa/main.c.o
 .text.sd_ble_gap_phy_update
                0x000000000002b224        0x4 _build/nrf52832_xxaa/main.c.o
 .text.sd_ble_gatts_sys_attr_set
                0x000000000002b228        0x4 _build/nrf52832_xxaa/main.c.o
 .text.sd_power_system_off
                0x000000000002b22c        0x4 _build/nrf52832_xxaa/main.c.o
 .text.nrf_qwr_error_handler
                0x000000000002b230        0x4 _build/nrf52832_xxaa/main.c.o
 .text.ble_evt_handler
                0x000000000002b234      0x10c _build/nrf52832_xxaa/main.c.o
 .text.gatt_evt_handler
                0x000000000002b340       0x48 _build/nrf52832_xxaa/main.c.o
                0x000000000002b340                gatt_evt_handler
 .text.on_conn_params_evt
                0x000000000002b388       0x24 _build/nrf52832_xxaa/main.c.o
 .text.bsp_event_handler
                0x000000000002b3ac       0x70 _build/nrf52832_xxaa/main.c.o
                0x000000000002b3ac                bsp_event_handler
 .text.uart_event_handle
                0x000000000002b41c       0x8c _build/nrf52832_xxaa/main.c.o
                0x000000000002b41c                uart_event_handle
 .text.nus_data_handler
                0x000000000002b4a8       0x6c _build/nrf52832_xxaa/main.c.o
 .text.conn_params_error_handler
                0x000000000002b514        0x4 _build/nrf52832_xxaa/main.c.o
 .text.on_adv_evt
                0x000000000002b518       0x40 _build/nrf52832_xxaa/main.c.o
 .text.gatt_init
                0x000000000002b558       0x30 _build/nrf52832_xxaa/main.c.o
                0x000000000002b558                gatt_init
 .text.startup.main
                0x000000000002b588      0x268 _build/nrf52832_xxaa/main.c.o
                0x000000000002b588                main
 .text.SEGGER_RTT_WriteNoLock
                0x000000000002b7f0      0x168 _build/nrf52832_xxaa/SEGGER_RTT.c.o
                0x000000000002b7f0                SEGGER_RTT_WriteNoLock
 .text.SEGGER_RTT_Init
                0x000000000002b958       0x60 _build/nrf52832_xxaa/SEGGER_RTT.c.o
                0x000000000002b958                SEGGER_RTT_Init
 .text.sd_ble_gap_addr_get
                0x000000000002b9b8        0x4 _build/nrf52832_xxaa/ble_advdata.c.o
 .text.sd_ble_gap_appearance_get
                0x000000000002b9bc        0x4 _build/nrf52832_xxaa/ble_advdata.c.o
 .text.sd_ble_gap_device_name_get
                0x000000000002b9c0        0x4 _build/nrf52832_xxaa/ble_advdata.c.o
 .text.sd_ble_uuid_encode
                0x000000000002b9c4        0x4 _build/nrf52832_xxaa/ble_advdata.c.o
 .text.uuid_list_sized_encode
                0x000000000002b9c8       0xb4 _build/nrf52832_xxaa/ble_advdata.c.o
 .text.ble_advdata_encode
                0x000000000002ba7c      0x3f8 _build/nrf52832_xxaa/ble_advdata.c.o
                0x000000000002ba7c                ble_advdata_encode
 .text.ble_advdata_parse
                0x000000000002be74       0x4c _build/nrf52832_xxaa/ble_advdata.c.o
                0x000000000002be74                ble_advdata_parse
 .text.sd_ble_gap_adv_set_configure
                0x000000000002bec0        0x4 _build/nrf52832_xxaa/ble_advertising.c.o
 .text.sd_ble_gap_adv_start
                0x000000000002bec4        0x4 _build/nrf52832_xxaa/ble_advertising.c.o
 .text.sd_ble_gap_adv_stop
                0x000000000002bec8        0x4 _build/nrf52832_xxaa/ble_advertising.c.o
 .text.ble_advertising_start.part.3
                0x000000000002becc      0x2d0 _build/nrf52832_xxaa/ble_advertising.c.o
 .text.ble_advertising_conn_cfg_tag_set
                0x000000000002c19c        0x8 _build/nrf52832_xxaa/ble_advertising.c.o
                0x000000000002c19c                ble_advertising_conn_cfg_tag_set
 .text.ble_advertising_init
                0x000000000002c1a4       0xec _build/nrf52832_xxaa/ble_advertising.c.o
                0x000000000002c1a4                ble_advertising_init
 .text.ble_advertising_start
                0x000000000002c290      0x2d8 _build/nrf52832_xxaa/ble_advertising.c.o
                0x000000000002c290                ble_advertising_start
 .text.ble_advertising_on_ble_evt
                0x000000000002c568       0x98 _build/nrf52832_xxaa/ble_advertising.c.o
                0x000000000002c568                ble_advertising_on_ble_evt
 .text.ble_advertising_on_sys_evt
                0x000000000002c600       0x44 _build/nrf52832_xxaa/ble_advertising.c.o
                0x000000000002c600                ble_advertising_on_sys_evt
 .text.ble_advertising_restart_without_whitelist
                0x000000000002c644       0x78 _build/nrf52832_xxaa/ble_advertising.c.o
                0x000000000002c644                ble_advertising_restart_without_whitelist
 .text.sd_ble_gap_conn_param_update
                0x000000000002c6bc        0x4 _build/nrf52832_xxaa/ble_conn_params.c.o
 .text.sd_ble_gap_disconnect
                0x000000000002c6c0        0x4 _build/nrf52832_xxaa/ble_conn_params.c.o
 .text.sd_ble_gap_ppcp_set
                0x000000000002c6c4        0x4 _build/nrf52832_xxaa/ble_conn_params.c.o
 .text.sd_ble_gap_ppcp_get
                0x000000000002c6c8        0x4 _build/nrf52832_xxaa/ble_conn_params.c.o
 .text.update_timeout_handler
                0x000000000002c6cc       0x80 _build/nrf52832_xxaa/ble_conn_params.c.o
 .text.ble_evt_handler
                0x000000000002c74c      0x1d4 _build/nrf52832_xxaa/ble_conn_params.c.o
 .text.ble_conn_params_init
                0x000000000002c920       0x7c _build/nrf52832_xxaa/ble_conn_params.c.o
                0x000000000002c920                ble_conn_params_init
 .text.ble_evt_handler
                0x000000000002c99c      0x124 _build/nrf52832_xxaa/ble_conn_state.c.o
 .text.ble_conn_state_conn_idx
                0x000000000002cac0       0x24 _build/nrf52832_xxaa/ble_conn_state.c.o
                0x000000000002cac0                ble_conn_state_conn_idx
 .text.blcm_link_ctx_get
                0x000000000002cae4       0x4c _build/nrf52832_xxaa/ble_link_ctx_manager.c.o
                0x000000000002cae4                blcm_link_ctx_get
 .text.ble_srv_is_notification_enabled
                0x000000000002cb30        0x8 _build/nrf52832_xxaa/ble_srv_common.c.o
                0x000000000002cb30                ble_srv_is_notification_enabled
 .text.sd_ble_gap_data_length_update
                0x000000000002cb38        0x4 _build/nrf52832_xxaa/nrf_ble_gatt.c.o
 .text.sd_ble_gattc_exchange_mtu_request
                0x000000000002cb3c        0x4 _build/nrf52832_xxaa/nrf_ble_gatt.c.o
 .text.sd_ble_gatts_exchange_mtu_reply
                0x000000000002cb40        0x4 _build/nrf52832_xxaa/nrf_ble_gatt.c.o
 .text.data_length_update.constprop.6
                0x000000000002cb44       0x8c _build/nrf52832_xxaa/nrf_ble_gatt.c.o
 .text.nrf_ble_gatt_init
                0x000000000002cbd0       0x30 _build/nrf52832_xxaa/nrf_ble_gatt.c.o
                0x000000000002cbd0                nrf_ble_gatt_init
 .text.nrf_ble_gatt_att_mtu_periph_set
                0x000000000002cc00       0x18 _build/nrf52832_xxaa/nrf_ble_gatt.c.o
                0x000000000002cc00                nrf_ble_gatt_att_mtu_periph_set
 .text.nrf_ble_gatt_on_ble_evt
                0x000000000002cc18      0x1ac _build/nrf52832_xxaa/nrf_ble_gatt.c.o
                0x000000000002cc18                nrf_ble_gatt_on_ble_evt
 .text.sd_ble_gatts_rw_authorize_reply
                0x000000000002cdc4        0x4 _build/nrf52832_xxaa/nrf_ble_qwr.c.o
 .text.sd_ble_user_mem_reply
                0x000000000002cdc8        0x4 _build/nrf52832_xxaa/nrf_ble_qwr.c.o
 .text.nrf_ble_qwr_init
                0x000000000002cdcc       0x24 _build/nrf52832_xxaa/nrf_ble_qwr.c.o
                0x000000000002cdcc                nrf_ble_qwr_init
 .text.nrf_ble_qwr_conn_handle_assign
                0x000000000002cdf0       0x18 _build/nrf52832_xxaa/nrf_ble_qwr.c.o
                0x000000000002cdf0                nrf_ble_qwr_conn_handle_assign
 .text.nrf_ble_qwr_on_ble_evt
                0x000000000002ce08       0xf8 _build/nrf52832_xxaa/nrf_ble_qwr.c.o
                0x000000000002ce08                nrf_ble_qwr_on_ble_evt
 .text.sd_ble_gatts_service_add
                0x000000000002cf00        0x4 _build/nrf52832_xxaa/ble_nus.c.o
 .text.sd_ble_gatts_characteristic_add
                0x000000000002cf04        0x4 _build/nrf52832_xxaa/ble_nus.c.o
 .text.sd_ble_gatts_value_get
                0x000000000002cf08        0x4 _build/nrf52832_xxaa/ble_nus.c.o
 .text.sd_ble_gatts_hvx
                0x000000000002cf0c        0x4 _build/nrf52832_xxaa/ble_nus.c.o
 .text.sd_ble_uuid_vs_add
                0x000000000002cf10        0x4 _build/nrf52832_xxaa/ble_nus.c.o
 .text.ble_nus_on_ble_evt
                0x000000000002cf14      0x13c _build/nrf52832_xxaa/ble_nus.c.o
                0x000000000002cf14                ble_nus_on_ble_evt
 .text.ble_nus_init
                0x000000000002d050      0x1c4 _build/nrf52832_xxaa/ble_nus.c.o
                0x000000000002d050                ble_nus_init
 .text.ble_nus_data_send
                0x000000000002d214       0x68 _build/nrf52832_xxaa/ble_nus.c.o
                0x000000000002d214                ble_nus_data_send
 .text.sd_softdevice_enable
                0x000000000002d27c        0x4 _build/nrf52832_xxaa/nrf_sdh.c.o
 .text.sd_softdevice_disable
                0x000000000002d280        0x4 _build/nrf52832_xxaa/nrf_sdh.c.o
 .text.nrf_sdh_enable_request
                0x000000000002d284      0x120 _build/nrf52832_xxaa/nrf_sdh.c.o
                0x000000000002d284                nrf_sdh_enable_request
 .text.nrf_sdh_disable_request
                0x000000000002d3a4       0xe0 _build/nrf52832_xxaa/nrf_sdh.c.o
                0x000000000002d3a4                nrf_sdh_disable_request
 .text.nrf_sdh_request_continue
                0x000000000002d484       0x20 _build/nrf52832_xxaa/nrf_sdh.c.o
                0x000000000002d484                nrf_sdh_request_continue
 .text.nrf_sdh_is_enabled
                0x000000000002d4a4        0xc _build/nrf52832_xxaa/nrf_sdh.c.o
                0x000000000002d4a4                nrf_sdh_is_enabled
 .text.SWI2_EGU2_IRQHandler
                0x000000000002d4b0       0x2c _build/nrf52832_xxaa/nrf_sdh.c.o
                0x000000000002d4b0                SWI2_EGU2_IRQHandler
 .text.sd_ble_enable
                0x000000000002d4dc        0x4 _build/nrf52832_xxaa/nrf_sdh_ble.c.o
 .text.sd_ble_cfg_set
                0x000000000002d4e0        0x4 _build/nrf52832_xxaa/nrf_sdh_ble.c.o
 .text.sd_ble_evt_get
                0x000000000002d4e4        0x4 _build/nrf52832_xxaa/nrf_sdh_ble.c.o
 .text.nrf_sdh_ble_evts_poll.part.1
                0x000000000002d4e8       0x54 _build/nrf52832_xxaa/nrf_sdh_ble.c.o
 .text.nrf_sdh_ble_evts_poll
                0x000000000002d53c       0x10 _build/nrf52832_xxaa/nrf_sdh_ble.c.o
 .text.nrf_sdh_ble_default_cfg_set
                0x000000000002d54c      0x1ac _build/nrf52832_xxaa/nrf_sdh_ble.c.o
                0x000000000002d54c                nrf_sdh_ble_default_cfg_set
 .text.nrf_sdh_ble_enable
                0x000000000002d6f8       0x9c _build/nrf52832_xxaa/nrf_sdh_ble.c.o
                0x000000000002d6f8                nrf_sdh_ble_enable
 .text.sd_evt_get
                0x000000000002d794        0x4 _build/nrf52832_xxaa/nrf_sdh_soc.c.o
 .text.nrf_sdh_soc_evts_poll
                0x000000000002d798       0x4c _build/nrf52832_xxaa/nrf_sdh_soc.c.o
 .text.exit     0x000000000002d7e4       0x28 /usr/local/gcc-arm-none-eabi-7-2018-q2-update/bin/../lib/gcc/arm-none-eabi/7.3.1/../../../../arm-none-eabi/lib/thumb/v7e-m/fpv4-sp/hard/libc_nano.a(lib_a-exit.o)
                0x000000000002d7e4                exit
 .text.__libc_init_array
                0x000000000002d80c       0x48 /usr/local/gcc-arm-none-eabi-7-2018-q2-update/bin/../lib/gcc/arm-none-eabi/7.3.1/../../../../arm-none-eabi/lib/thumb/v7e-m/fpv4-sp/hard/libc_nano.a(lib_a-init.o)
                0x000000000002d80c                __libc_init_array
 .text.__locale_ctype_ptr
                0x000000000002d854       0x1c /usr/local/gcc-arm-none-eabi-7-2018-q2-update/bin/../lib/gcc/arm-none-eabi/7.3.1/../../../../arm-none-eabi/lib/thumb/v7e-m/fpv4-sp/hard/libc_nano.a(lib_a-locale.o)
                0x000000000002d854                __locale_ctype_ptr
 .text.__ascii_mbtowc
                0x000000000002d870       0x24 /usr/local/gcc-arm-none-eabi-7-2018-q2-update/bin/../lib/gcc/arm-none-eabi/7.3.1/../../../../arm-none-eabi/lib/thumb/v7e-m/fpv4-sp/hard/libc_nano.a(lib_a-mbtowc_r.o)
                0x000000000002d870                __ascii_mbtowc
 .text.memcpy   0x000000000002d894       0x16 /usr/local/gcc-arm-none-eabi-7-2018-q2-update/bin/../lib/gcc/arm-none-eabi/7.3.1/../../../../arm-none-eabi/lib/thumb/v7e-m/fpv4-sp/hard/libc_nano.a(lib_a-memcpy-stub.o)
                0x000000000002d894                memcpy
 .text.memset   0x000000000002d8aa       0x10 /usr/local/gcc-arm-none-eabi-7-2018-q2-update/bin/../lib/gcc/arm-none-eabi/7.3.1/../../../../arm-none-eabi/lib/thumb/v7e-m/fpv4-sp/hard/libc_nano.a(lib_a-memset.o)
                0x000000000002d8aa                memset
 *fill*         0x000000000002d8ba        0x2 
 .text.printf   0x000000000002d8bc       0x30 /usr/local/gcc-arm-none-eabi-7-2018-q2-update/bin/../lib/gcc/arm-none-eabi/7.3.1/../../../../arm-none-eabi/lib/thumb/v7e-m/fpv4-sp/hard/libc_nano.a(lib_a-printf.o)
                0x000000000002d8bc                printf
                0x000000000002d8bc                iprintf
 .text.strcpy   0x000000000002d8ec       0x10 /usr/local/gcc-arm-none-eabi-7-2018-q2-update/bin/../lib/gcc/arm-none-eabi/7.3.1/../../../../arm-none-eabi/lib/thumb/v7e-m/fpv4-sp/hard/libc_nano.a(lib_a-strcpy.o)
                0x000000000002d8ec                strcpy
 .text          0x000000000002d8fc       0x10 /usr/local/gcc-arm-none-eabi-7-2018-q2-update/bin/../lib/gcc/arm-none-eabi/7.3.1/../../../../arm-none-eabi/lib/thumb/v7e-m/fpv4-sp/hard/libc_nano.a(lib_a-strlen.o)
                0x000000000002d8fc                strlen
 .text.__ascii_wctomb
                0x000000000002d90c       0x1a /usr/local/gcc-arm-none-eabi-7-2018-q2-update/bin/../lib/gcc/arm-none-eabi/7.3.1/../../../../arm-none-eabi/lib/thumb/v7e-m/fpv4-sp/hard/libc_nano.a(lib_a-wctomb_r.o)
                0x000000000002d90c                __ascii_wctomb
 *fill*         0x000000000002d926        0x2 
 .text.std      0x000000000002d928       0x48 /usr/local/gcc-arm-none-eabi-7-2018-q2-update/bin/../lib/gcc/arm-none-eabi/7.3.1/../../../../arm-none-eabi/lib/thumb/v7e-m/fpv4-sp/hard/libc_nano.a(lib_a-findfp.o)
 .text._cleanup_r
                0x000000000002d970        0xc /usr/local/gcc-arm-none-eabi-7-2018-q2-update/bin/../lib/gcc/arm-none-eabi/7.3.1/../../../../arm-none-eabi/lib/thumb/v7e-m/fpv4-sp/hard/libc_nano.a(lib_a-findfp.o)
                0x000000000002d970                _cleanup_r
 .text.__sfmoreglue
                0x000000000002d97c       0x2c /usr/local/gcc-arm-none-eabi-7-2018-q2-update/bin/../lib/gcc/arm-none-eabi/7.3.1/../../../../arm-none-eabi/lib/thumb/v7e-m/fpv4-sp/hard/libc_nano.a(lib_a-findfp.o)
                0x000000000002d97c                __sfmoreglue
 .text.__sinit  0x000000000002d9a8       0x60 /usr/local/gcc-arm-none-eabi-7-2018-q2-update/bin/../lib/gcc/arm-none-eabi/7.3.1/../../../../arm-none-eabi/lib/thumb/v7e-m/fpv4-sp/hard/libc_nano.a(lib_a-findfp.o)
                0x000000000002d9a8                __sinit
 .text.__sfp    0x000000000002da08       0x78 /usr/local/gcc-arm-none-eabi-7-2018-q2-update/bin/../lib/gcc/arm-none-eabi/7.3.1/../../../../arm-none-eabi/lib/thumb/v7e-m/fpv4-sp/hard/libc_nano.a(lib_a-findfp.o)
                0x000000000002da08                __sfp
 .text._fwalk_reent
                0x000000000002da80       0x3c /usr/local/gcc-arm-none-eabi-7-2018-q2-update/bin/../lib/gcc/arm-none-eabi/7.3.1/../../../../arm-none-eabi/lib/thumb/v7e-m/fpv4-sp/hard/libc_nano.a(lib_a-fwalk.o)
                0x000000000002da80                _fwalk_reent
 .text._malloc_r
                0x000000000002dabc       0xb4 /usr/local/gcc-arm-none-eabi-7-2018-q2-update/bin/../lib/gcc/arm-none-eabi/7.3.1/../../../../arm-none-eabi/lib/thumb/v7e-m/fpv4-sp/hard/libc_nano.a(lib_a-nano-mallocr.o)
                0x000000000002dabc                _malloc_r
 .text.__sfputc_r
                0x000000000002db70       0x2e /usr/local/gcc-arm-none-eabi-7-2018-q2-update/bin/../lib/gcc/arm-none-eabi/7.3.1/../../../../arm-none-eabi/lib/thumb/v7e-m/fpv4-sp/hard/libc_nano.a(lib_a-nano-vfprintf.o)
 .text.__sfputs_r
                0x000000000002db9e       0x24 /usr/local/gcc-arm-none-eabi-7-2018-q2-update/bin/../lib/gcc/arm-none-eabi/7.3.1/../../../../arm-none-eabi/lib/thumb/v7e-m/fpv4-sp/hard/libc_nano.a(lib_a-nano-vfprintf.o)
                0x000000000002db9e                __sfputs_r
 *fill*         0x000000000002dbc2        0x2 
 .text._vfprintf_r
                0x000000000002dbc4      0x22c /usr/local/gcc-arm-none-eabi-7-2018-q2-update/bin/../lib/gcc/arm-none-eabi/7.3.1/../../../../arm-none-eabi/lib/thumb/v7e-m/fpv4-sp/hard/libc_nano.a(lib_a-nano-vfprintf.o)
                0x000000000002dbc4                _vfiprintf_r
                0x000000000002dbc4                _vfprintf_r
 .text._printf_common
                0x000000000002ddf0       0xea /usr/local/gcc-arm-none-eabi-7-2018-q2-update/bin/../lib/gcc/arm-none-eabi/7.3.1/../../../../arm-none-eabi/lib/thumb/v7e-m/fpv4-sp/hard/libc_nano.a(lib_a-nano-vfprintf_i.o)
                0x000000000002ddf0                _printf_common
 *fill*         0x000000000002deda        0x2 
 .text._printf_i
                0x000000000002dedc      0x224 /usr/local/gcc-arm-none-eabi-7-2018-q2-update/bin/../lib/gcc/arm-none-eabi/7.3.1/../../../../arm-none-eabi/lib/thumb/v7e-m/fpv4-sp/hard/libc_nano.a(lib_a-nano-vfprintf_i.o)
                0x000000000002dedc                _printf_i
 .text._sbrk_r  0x000000000002e100       0x20 /usr/local/gcc-arm-none-eabi-7-2018-q2-update/bin/../lib/gcc/arm-none-eabi/7.3.1/../../../../arm-none-eabi/lib/thumb/v7e-m/fpv4-sp/hard/libc_nano.a(lib_a-sbrkr.o)
                0x000000000002e100                _sbrk_r
 .text.__sread  0x000000000002e120       0x22 /usr/local/gcc-arm-none-eabi-7-2018-q2-update/bin/../lib/gcc/arm-none-eabi/7.3.1/../../../../arm-none-eabi/lib/thumb/v7e-m/fpv4-sp/hard/libc_nano.a(lib_a-stdio.o)
                0x000000000002e120                __sread
 .text.__swrite
                0x000000000002e142       0x38 /usr/local/gcc-arm-none-eabi-7-2018-q2-update/bin/../lib/gcc/arm-none-eabi/7.3.1/../../../../arm-none-eabi/lib/thumb/v7e-m/fpv4-sp/hard/libc_nano.a(lib_a-stdio.o)
                0x000000000002e142                __swrite
 .text.__sseek  0x000000000002e17a       0x24 /usr/local/gcc-arm-none-eabi-7-2018-q2-update/bin/../lib/gcc/arm-none-eabi/7.3.1/../../../../arm-none-eabi/lib/thumb/v7e-m/fpv4-sp/hard/libc_nano.a(lib_a-stdio.o)
                0x000000000002e17a                __sseek
 .text.__sclose
                0x000000000002e19e        0x8 /usr/local/gcc-arm-none-eabi-7-2018-q2-update/bin/../lib/gcc/arm-none-eabi/7.3.1/../../../../arm-none-eabi/lib/thumb/v7e-m/fpv4-sp/hard/libc_nano.a(lib_a-stdio.o)
                0x000000000002e19e                __sclose
 *fill*         0x000000000002e1a6        0x2 
 .text.__swbuf_r
                0x000000000002e1a8       0xa4 /usr/local/gcc-arm-none-eabi-7-2018-q2-update/bin/../lib/gcc/arm-none-eabi/7.3.1/../../../../arm-none-eabi/lib/thumb/v7e-m/fpv4-sp/hard/libc_nano.a(lib_a-wbuf.o)
                0x000000000002e1a8                __swbuf_r
 .text._write_r
                0x000000000002e24c       0x24 /usr/local/gcc-arm-none-eabi-7-2018-q2-update/bin/../lib/gcc/arm-none-eabi/7.3.1/../../../../arm-none-eabi/lib/thumb/v7e-m/fpv4-sp/hard/libc_nano.a(lib_a-writer.o)
                0x000000000002e24c                _write_r
 .text.__swsetup_r
                0x000000000002e270       0xdc /usr/local/gcc-arm-none-eabi-7-2018-q2-update/bin/../lib/gcc/arm-none-eabi/7.3.1/../../../../arm-none-eabi/lib/thumb/v7e-m/fpv4-sp/hard/libc_nano.a(lib_a-wsetup.o)
                0x000000000002e270                __swsetup_r
 .text._close_r
                0x000000000002e34c       0x20 /usr/local/gcc-arm-none-eabi-7-2018-q2-update/bin/../lib/gcc/arm-none-eabi/7.3.1/../../../../arm-none-eabi/lib/thumb/v7e-m/fpv4-sp/hard/libc_nano.a(lib_a-closer.o)
                0x000000000002e34c                _close_r
 .text.__sflush_r
                0x000000000002e36c      0x10c /usr/local/gcc-arm-none-eabi-7-2018-q2-update/bin/../lib/gcc/arm-none-eabi/7.3.1/../../../../arm-none-eabi/lib/thumb/v7e-m/fpv4-sp/hard/libc_nano.a(lib_a-fflush.o)
                0x000000000002e36c                __sflush_r
 .text._fflush_r
                0x000000000002e478       0x54 /usr/local/gcc-arm-none-eabi-7-2018-q2-update/bin/../lib/gcc/arm-none-eabi/7.3.1/../../../../arm-none-eabi/lib/thumb/v7e-m/fpv4-sp/hard/libc_nano.a(lib_a-fflush.o)
                0x000000000002e478                _fflush_r
 .text._lseek_r
                0x000000000002e4cc       0x24 /usr/local/gcc-arm-none-eabi-7-2018-q2-update/bin/../lib/gcc/arm-none-eabi/7.3.1/../../../../arm-none-eabi/lib/thumb/v7e-m/fpv4-sp/hard/libc_nano.a(lib_a-lseekr.o)
                0x000000000002e4cc                _lseek_r
 .text.__swhatbuf_r
                0x000000000002e4f0       0x48 /usr/local/gcc-arm-none-eabi-7-2018-q2-update/bin/../lib/gcc/arm-none-eabi/7.3.1/../../../../arm-none-eabi/lib/thumb/v7e-m/fpv4-sp/hard/libc_nano.a(lib_a-makebuf.o)
                0x000000000002e4f0                __swhatbuf_r
 .text.__smakebuf_r
                0x000000000002e538       0x80 /usr/local/gcc-arm-none-eabi-7-2018-q2-update/bin/../lib/gcc/arm-none-eabi/7.3.1/../../../../arm-none-eabi/lib/thumb/v7e-m/fpv4-sp/hard/libc_nano.a(lib_a-makebuf.o)
                0x000000000002e538                __smakebuf_r
 *fill*         0x000000000002e5b8        0x8 
 .text          0x000000000002e5c0       0xa0 /usr/local/gcc-arm-none-eabi-7-2018-q2-update/bin/../lib/gcc/arm-none-eabi/7.3.1/../../../../arm-none-eabi/lib/thumb/v7e-m/fpv4-sp/hard/libc_nano.a(lib_a-memchr.o)
                0x000000000002e5c0                memchr
 .text.__malloc_lock
                0x000000000002e660        0x2 /usr/local/gcc-arm-none-eabi-7-2018-q2-update/bin/../lib/gcc/arm-none-eabi/7.3.1/../../../../arm-none-eabi/lib/thumb/v7e-m/fpv4-sp/hard/libc_nano.a(lib_a-mlock.o)
                0x000000000002e660                __malloc_lock
 .text.__malloc_unlock
                0x000000000002e662        0x2 /usr/local/gcc-arm-none-eabi-7-2018-q2-update/bin/../lib/gcc/arm-none-eabi/7.3.1/../../../../arm-none-eabi/lib/thumb/v7e-m/fpv4-sp/hard/libc_nano.a(lib_a-mlock.o)
                0x000000000002e662                __malloc_unlock
 .text._free_r  0x000000000002e664       0x9c /usr/local/gcc-arm-none-eabi-7-2018-q2-update/bin/../lib/gcc/arm-none-eabi/7.3.1/../../../../arm-none-eabi/lib/thumb/v7e-m/fpv4-sp/hard/libc_nano.a(lib_a-nano-freer.o)
                0x000000000002e664                _free_r
 .text._read_r  0x000000000002e700       0x24 /usr/local/gcc-arm-none-eabi-7-2018-q2-update/bin/../lib/gcc/arm-none-eabi/7.3.1/../../../../arm-none-eabi/lib/thumb/v7e-m/fpv4-sp/hard/libc_nano.a(lib_a-readr.o)
                0x000000000002e700                _read_r
 .text._fstat_r
                0x000000000002e724       0x24 /usr/local/gcc-arm-none-eabi-7-2018-q2-update/bin/../lib/gcc/arm-none-eabi/7.3.1/../../../../arm-none-eabi/lib/thumb/v7e-m/fpv4-sp/hard/libc_nano.a(lib_a-fstatr.o)
                0x000000000002e724                _fstat_r
 .text._isatty_r
                0x000000000002e748       0x20 /usr/local/gcc-arm-none-eabi-7-2018-q2-update/bin/../lib/gcc/arm-none-eabi/7.3.1/../../../../arm-none-eabi/lib/thumb/v7e-m/fpv4-sp/hard/libc_nano.a(lib_a-isattyr.o)
                0x000000000002e748                _isatty_r
 .text._close   0x000000000002e768       0x10 /usr/local/gcc-arm-none-eabi-7-2018-q2-update/bin/../lib/gcc/arm-none-eabi/7.3.1/../../../../arm-none-eabi/lib/thumb/v7e-m/fpv4-sp/hard/libnosys.a(close.o)
                0x000000000002e768                _close
 .text._fstat   0x000000000002e778       0x10 /usr/local/gcc-arm-none-eabi-7-2018-q2-update/bin/../lib/gcc/arm-none-eabi/7.3.1/../../../../arm-none-eabi/lib/thumb/v7e-m/fpv4-sp/hard/libnosys.a(fstat.o)
                0x000000000002e778                _fstat
 .text._isatty  0x000000000002e788       0x10 /usr/local/gcc-arm-none-eabi-7-2018-q2-update/bin/../lib/gcc/arm-none-eabi/7.3.1/../../../../arm-none-eabi/lib/thumb/v7e-m/fpv4-sp/hard/libnosys.a(isatty.o)
                0x000000000002e788                _isatty
 .text._lseek   0x000000000002e798       0x10 /usr/local/gcc-arm-none-eabi-7-2018-q2-update/bin/../lib/gcc/arm-none-eabi/7.3.1/../../../../arm-none-eabi/lib/thumb/v7e-m/fpv4-sp/hard/libnosys.a(lseek.o)
                0x000000000002e798                _lseek
 .text._sbrk    0x000000000002e7a8       0x1c /usr/local/gcc-arm-none-eabi-7-2018-q2-update/bin/../lib/gcc/arm-none-eabi/7.3.1/../../../../arm-none-eabi/lib/thumb/v7e-m/fpv4-sp/hard/libnosys.a(sbrk.o)
                0x000000000002e7a8                _sbrk
 .text._exit    0x000000000002e7c4        0x4 /usr/local/gcc-arm-none-eabi-7-2018-q2-update/bin/../lib/gcc/arm-none-eabi/7.3.1/../../../../arm-none-eabi/lib/thumb/v7e-m/fpv4-sp/hard/libnosys.a(_exit.o)
                0x000000000002e7c4                _exit
 .text          0x000000000002e7c8       0x30 /usr/local/gcc-arm-none-eabi-7-2018-q2-update/bin/../lib/gcc/arm-none-eabi/7.3.1/thumb/v7e-m/fpv4-sp/hard/libgcc.a(_aeabi_uldivmod.o)
                0x000000000002e7c8                __aeabi_uldivmod
 .text          0x000000000002e7f8      0x2cc /usr/local/gcc-arm-none-eabi-7-2018-q2-update/bin/../lib/gcc/arm-none-eabi/7.3.1/thumb/v7e-m/fpv4-sp/hard/libgcc.a(_udivmoddi4.o)
                0x000000000002e7f8                __udivmoddi4
 .text          0x000000000002eac4        0x4 /usr/local/gcc-arm-none-eabi-7-2018-q2-update/bin/../lib/gcc/arm-none-eabi/7.3.1/thumb/v7e-m/fpv4-sp/hard/libgcc.a(_dvmd_tls.o)
                0x000000000002eac4                __aeabi_ldiv0
                0x000000000002eac4                __aeabi_idiv0
 *(.init)
 .init          0x000000000002eac8        0x4 /usr/local/gcc-arm-none-eabi-7-2018-q2-update/bin/../lib/gcc/arm-none-eabi/7.3.1/thumb/v7e-m/fpv4-sp/hard/crti.o
                0x000000000002eac8                _init
 .init          0x000000000002eacc        0x8 /usr/local/gcc-arm-none-eabi-7-2018-q2-update/bin/../lib/gcc/arm-none-eabi/7.3.1/thumb/v7e-m/fpv4-sp/hard/crtn.o
 *(.fini)
 .fini          0x000000000002ead4        0x4 /usr/local/gcc-arm-none-eabi-7-2018-q2-update/bin/../lib/gcc/arm-none-eabi/7.3.1/thumb/v7e-m/fpv4-sp/hard/crti.o
                0x000000000002ead4                _fini
 .fini          0x000000000002ead8        0x8 /usr/local/gcc-arm-none-eabi-7-2018-q2-update/bin/../lib/gcc/arm-none-eabi/7.3.1/thumb/v7e-m/fpv4-sp/hard/crtn.o
 *crtbegin.o(.ctors)
 *crtbegin?.o(.ctors)
 *(EXCLUDE_FILE(*crtend.o *crtend?.o) .ctors)
 *(SORT_BY_NAME(.ctors.*))
 *(.ctors)
 *crtbegin.o(.dtors)
 *crtbegin?.o(.dtors)
 *(EXCLUDE_FILE(*crtend.o *crtend?.o) .dtors)
 *(SORT_BY_NAME(.dtors.*))
 *(.dtors)
 *(.rodata*)
 .rodata.delay_bytecode.8968
                0x000000000002eae0        0x6 _build/nrf52832_xxaa/nrf_log_backend_rtt.c.o
 *fill*         0x000000000002eae6        0x2 
 .rodata.nrf_log_backend_rtt_api
                0x000000000002eae8        0xc _build/nrf52832_xxaa/nrf_log_backend_rtt.c.o
                0x000000000002eae8                nrf_log_backend_rtt_api
 .rodata.nrf_log_frontend_dequeue.part.6.str1.4
                0x000000000002eaf4       0x11 _build/nrf52832_xxaa/nrf_log_frontend.c.o
 *fill*         0x000000000002eb05        0x3 
 .rodata.str1.4
                0x000000000002eb08       0x17 _build/nrf52832_xxaa/nrf_log_frontend.c.o
 *fill*         0x000000000002eb1f        0x1 
 .rodata.m_colors
                0x000000000002eb20       0x24 _build/nrf52832_xxaa/nrf_log_str_formatter.c.o
 .rodata.nrf_log_hexdump_entry_process.str1.4
                0x000000000002eb44       0x13 _build/nrf52832_xxaa/nrf_log_str_formatter.c.o
                                         0x16 (size before relaxing)
 *fill*         0x000000000002eb57        0x1 
 .rodata.nrf_log_std_entry_process.str1.4
                0x000000000002eb58       0x3b _build/nrf52832_xxaa/nrf_log_str_formatter.c.o
 *fill*         0x000000000002eb93        0x1 
 .rodata.severity_names
                0x000000000002eb94       0x14 _build/nrf52832_xxaa/nrf_log_str_formatter.c.o
 .rodata.str1.4
                0x000000000002eba8       0x56 _build/nrf52832_xxaa/nrf_log_str_formatter.c.o
 *fill*         0x000000000002ebfe        0x2 
 .rodata.m_detection_delay_timer_id
                0x000000000002ec00        0x4 _build/nrf52832_xxaa/app_button.c.o
 .rodata.app_error_fault_handler.str1.4
                0x000000000002ec04       0x19 _build/nrf52832_xxaa/app_error_weak.c.o
 *fill*         0x000000000002ec1d        0x3 
 .rodata.delay_bytecode.8697
                0x000000000002ec20        0x6 _build/nrf52832_xxaa/app_timer.c.o
 *fill*         0x000000000002ec26        0x2 
 .rodata        0x000000000002ec28       0x20 _build/nrf52832_xxaa/app_uart_fifo.c.o
 .rodata._aV2C.7399
                0x000000000002ec48       0x10 _build/nrf52832_xxaa/nrf_fprintf_format.c.o
 .rodata.str1.4
                0x000000000002ec58        0xd _build/nrf52832_xxaa/nrf_fstorage.c.o
 *fill*         0x000000000002ec65        0x3 
 .rodata.str1.4
                0x000000000002ec68        0xe _build/nrf52832_xxaa/nrf_fstorage_sd.c.o
 *fill*         0x000000000002ec76        0x2 
 .rodata.pwr_mgmt_data
                0x000000000002ec78        0xc _build/nrf52832_xxaa/nrf_pwr_mgmt.c.o
 .rodata.str1.4
                0x000000000002ec84        0x9 _build/nrf52832_xxaa/nrf_pwr_mgmt.c.o
 *fill*         0x000000000002ec8d        0x3 
 .rodata.m_unknown_str
                0x000000000002ec90       0x13 _build/nrf52832_xxaa/nrf_strerror.c.o
 *fill*         0x000000000002eca3        0x1 
 .rodata.nrf_strerror_array
                0x000000000002eca4      0x128 _build/nrf52832_xxaa/nrf_strerror.c.o
 .rodata.str1.4
                0x000000000002edcc      0x3e9 _build/nrf52832_xxaa/nrf_strerror.c.o
 *fill*         0x000000000002f1b5        0x3 
 .rodata.m_board_btn_list
                0x000000000002f1b8        0x4 _build/nrf52832_xxaa/boards.c.o
 .rodata.m_board_led_list
                0x000000000002f1bc        0x4 _build/nrf52832_xxaa/boards.c.o
 .rodata.str1.4
                0x000000000002f1c0        0x6 _build/nrf52832_xxaa/nrf_drv_clock.c.o
 *fill*         0x000000000002f1c6        0x2 
 .rodata.str1.4
                0x000000000002f1c8        0x6 _build/nrf52832_xxaa/nrfx_clock.c.o
 *fill*         0x000000000002f1ce        0x2 
 .rodata.str1.4
                0x000000000002f1d0        0x7 _build/nrf52832_xxaa/nrfx_gpiote.c.o
 *fill*         0x000000000002f1d7        0x1 
 .rodata.str1.4
                0x000000000002f1d8        0x4 _build/nrf52832_xxaa/nrfx_prs.c.o
 .rodata.str1.4
                0x000000000002f1dc        0x5 _build/nrf52832_xxaa/nrfx_uart.c.o
 *fill*         0x000000000002f1e1        0x3 
 .rodata.str1.4
                0x000000000002f1e4        0x6 _build/nrf52832_xxaa/nrfx_uarte.c.o
 *fill*         0x000000000002f1ea        0x2 
 .rodata.app_buttons
                0x000000000002f1ec       0x20 _build/nrf52832_xxaa/bsp.c.o
 .rodata.m_bsp_alert_tmr
                0x000000000002f20c        0x4 _build/nrf52832_xxaa/bsp.c.o
 .rodata.m_bsp_button_tmr
                0x000000000002f210        0x4 _build/nrf52832_xxaa/bsp.c.o
 .rodata.m_bsp_leds_tmr
                0x000000000002f214        0x4 _build/nrf52832_xxaa/bsp.c.o
 .rodata        0x000000000002f218       0x18 _build/nrf52832_xxaa/main.c.o
 .rodata.ble_evt_handler.str1.4
                0x000000000002f230       0x19 _build/nrf52832_xxaa/main.c.o
 *fill*         0x000000000002f249        0x3 
 .rodata.gatt_evt_handler.str1.4
                0x000000000002f24c       0x1c _build/nrf52832_xxaa/main.c.o
 .rodata.main.str1.4
                0x000000000002f268       0x49 _build/nrf52832_xxaa/main.c.o
 *fill*         0x000000000002f2b1        0x3 
 .rodata.nus_data_handler.str1.4
                0x000000000002f2b4       0x2b _build/nrf52832_xxaa/main.c.o
 *fill*         0x000000000002f2df        0x1 
 .rodata.SEGGER_RTT_ReadNoLock.str1.4
                0x000000000002f2e0       0x17 _build/nrf52832_xxaa/SEGGER_RTT.c.o
 *fill*         0x000000000002f2f7        0x1 
 .rodata.data_length_update.constprop.6.str1.4
                0x000000000002f2f8       0xe2 _build/nrf52832_xxaa/nrf_ble_gatt.c.o
 *fill*         0x000000000002f3da        0x2 
 .rodata.nrf_ble_gatt_on_ble_evt.str1.4
                0x000000000002f3dc       0x63 _build/nrf52832_xxaa/nrf_ble_gatt.c.o
 *fill*         0x000000000002f43f        0x1 
 .rodata.str1.4
                0x000000000002f440        0xd _build/nrf52832_xxaa/nrf_ble_gatt.c.o
 *fill*         0x000000000002f44d        0x3 
 .rodata        0x000000000002f450       0x10 _build/nrf52832_xxaa/ble_nus.c.o
 .rodata.str1.4
                0x000000000002f460        0x8 _build/nrf52832_xxaa/ble_nus.c.o
 .rodata        0x000000000002f468        0x4 _build/nrf52832_xxaa/nrf_sdh.c.o
 .rodata.sdh_req_observers
                0x000000000002f46c        0xc _build/nrf52832_xxaa/nrf_sdh.c.o
 .rodata.sdh_stack_observers
                0x000000000002f478        0xc _build/nrf52832_xxaa/nrf_sdh.c.o
 .rodata.sdh_state_observers
                0x000000000002f484        0xc _build/nrf52832_xxaa/nrf_sdh.c.o
 .rodata.str1.4
                0x000000000002f490        0x8 _build/nrf52832_xxaa/nrf_sdh.c.o
 .rodata.nrf_sdh_ble_default_cfg_set.str1.4
                0x000000000002f498      0x1cf _build/nrf52832_xxaa/nrf_sdh_ble.c.o
 *fill*         0x000000000002f667        0x1 
 .rodata.nrf_sdh_ble_enable.str1.4
                0x000000000002f668       0xad _build/nrf52832_xxaa/nrf_sdh_ble.c.o
 *fill*         0x000000000002f715        0x3 
 .rodata.sdh_ble_observers
                0x000000000002f718        0xc _build/nrf52832_xxaa/nrf_sdh_ble.c.o
 .rodata.str1.4
                0x000000000002f724        0xc _build/nrf52832_xxaa/nrf_sdh_ble.c.o
 .rodata.sdh_soc_observers
                0x000000000002f730        0xc _build/nrf52832_xxaa/nrf_sdh_soc.c.o
 .rodata.str1.4
                0x000000000002f73c        0xc _build/nrf52832_xxaa/nrf_sdh_soc.c.o
 .rodata._global_impure_ptr
                0x000000000002f748        0x4 /usr/local/gcc-arm-none-eabi-7-2018-q2-update/bin/../lib/gcc/arm-none-eabi/7.3.1/../../../../arm-none-eabi/lib/thumb/v7e-m/fpv4-sp/hard/libc_nano.a(lib_a-impure.o)
                0x000000000002f748                _global_impure_ptr
 .rodata._setlocale_r.str1.1
                0x000000000002f74c        0x8 /usr/local/gcc-arm-none-eabi-7-2018-q2-update/bin/../lib/gcc/arm-none-eabi/7.3.1/../../../../arm-none-eabi/lib/thumb/v7e-m/fpv4-sp/hard/libc_nano.a(lib_a-locale.o)
                                          0x9 (size before relaxing)
 .rodata.str1.1
                0x000000000002f754        0x2 /usr/local/gcc-arm-none-eabi-7-2018-q2-update/bin/../lib/gcc/arm-none-eabi/7.3.1/../../../../arm-none-eabi/lib/thumb/v7e-m/fpv4-sp/hard/libc_nano.a(lib_a-locale.o)
 .rodata._ctype_
                0x000000000002f756      0x101 /usr/local/gcc-arm-none-eabi-7-2018-q2-update/bin/../lib/gcc/arm-none-eabi/7.3.1/../../../../arm-none-eabi/lib/thumb/v7e-m/fpv4-sp/hard/libc_nano.a(lib_a-ctype_.o)
                0x000000000002f756                _ctype_
 *fill*         0x000000000002f857        0x1 
 .rodata.__sf_fake_stderr
                0x000000000002f858       0x20 /usr/local/gcc-arm-none-eabi-7-2018-q2-update/bin/../lib/gcc/arm-none-eabi/7.3.1/../../../../arm-none-eabi/lib/thumb/v7e-m/fpv4-sp/hard/libc_nano.a(lib_a-findfp.o)
                0x000000000002f858                __sf_fake_stderr
 .rodata.__sf_fake_stdin
                0x000000000002f878       0x20 /usr/local/gcc-arm-none-eabi-7-2018-q2-update/bin/../lib/gcc/arm-none-eabi/7.3.1/../../../../arm-none-eabi/lib/thumb/v7e-m/fpv4-sp/hard/libc_nano.a(lib_a-findfp.o)
                0x000000000002f878                __sf_fake_stdin
 .rodata.__sf_fake_stdout
                0x000000000002f898       0x20 /usr/local/gcc-arm-none-eabi-7-2018-q2-update/bin/../lib/gcc/arm-none-eabi/7.3.1/../../../../arm-none-eabi/lib/thumb/v7e-m/fpv4-sp/hard/libc_nano.a(lib_a-findfp.o)
                0x000000000002f898                __sf_fake_stdout
 .rodata._vfprintf_r.str1.1
                0x000000000002f8b8       0x11 /usr/local/gcc-arm-none-eabi-7-2018-q2-update/bin/../lib/gcc/arm-none-eabi/7.3.1/../../../../arm-none-eabi/lib/thumb/v7e-m/fpv4-sp/hard/libc_nano.a(lib_a-nano-vfprintf.o)
 .rodata._printf_i.str1.1
                0x000000000002f8c9       0x22 /usr/local/gcc-arm-none-eabi-7-2018-q2-update/bin/../lib/gcc/arm-none-eabi/7.3.1/../../../../arm-none-eabi/lib/thumb/v7e-m/fpv4-sp/hard/libc_nano.a(lib_a-nano-vfprintf_i.o)
 *(.eh_frame*)
 *fill*         0x000000000002f8eb        0x1 
 .eh_frame      0x000000000002f8ec        0x0 /usr/local/gcc-arm-none-eabi-7-2018-q2-update/bin/../lib/gcc/arm-none-eabi/7.3.1/thumb/v7e-m/fpv4-sp/hard/crtbegin.o
 .eh_frame      0x000000000002f8ec        0x4 /usr/local/gcc-arm-none-eabi-7-2018-q2-update/bin/../lib/gcc/arm-none-eabi/7.3.1/thumb/v7e-m/fpv4-sp/hard/crtend.o

.glue_7         0x000000000002f8f0        0x0
 .glue_7        0x000000000002f8f0        0x0 linker stubs

.glue_7t        0x000000000002f8f0        0x0
 .glue_7t       0x000000000002f8f0        0x0 linker stubs

.vfp11_veneer   0x000000000002f8f0        0x0
 .vfp11_veneer  0x000000000002f8f0        0x0 linker stubs

.v4_bx          0x000000000002f8f0        0x0
 .v4_bx         0x000000000002f8f0        0x0 linker stubs

.iplt           0x000000000002f8f0        0x0
 .iplt          0x000000000002f8f0        0x0 /usr/local/gcc-arm-none-eabi-7-2018-q2-update/bin/../lib/gcc/arm-none-eabi/7.3.1/thumb/v7e-m/fpv4-sp/hard/crtbegin.o

.mem_section_dummy_rom

.sdh_soc_observers
                0x000000000002f8f0       0x18
                0x000000000002f8f0                PROVIDE (__start_sdh_soc_observers = .)
 *(SORT_BY_NAME(.sdh_soc_observers*))
 .sdh_soc_observers0
                0x000000000002f8f0        0x8 _build/nrf52832_xxaa/nrf_fstorage_sd.c.o
 .sdh_soc_observers0
                0x000000000002f8f8        0x8 _build/nrf52832_xxaa/nrf_drv_clock.c.o
 .sdh_soc_observers1
                0x000000000002f900        0x8 _build/nrf52832_xxaa/main.c.o
                0x000000000002f908                PROVIDE (__stop_sdh_soc_observers = .)

.sdh_ble_observers
                0x000000000002f908       0x40
                0x000000000002f908                PROVIDE (__start_sdh_ble_observers = .)
 *(SORT_BY_NAME(.sdh_ble_observers*))
 .sdh_ble_observers0
                0x000000000002f908        0x8 _build/nrf52832_xxaa/ble_conn_state.c.o
 .sdh_ble_observers1
                0x000000000002f910        0x8 _build/nrf52832_xxaa/bsp_btn_ble.c.o
 .sdh_ble_observers1
                0x000000000002f918       0x10 _build/nrf52832_xxaa/main.c.o
 .sdh_ble_observers1
                0x000000000002f928        0x8 _build/nrf52832_xxaa/ble_conn_params.c.o
 .sdh_ble_observers2
                0x000000000002f930       0x10 _build/nrf52832_xxaa/main.c.o
 .sdh_ble_observers3
                0x000000000002f940        0x8 _build/nrf52832_xxaa/main.c.o
                0x000000000002f948                PROVIDE (__stop_sdh_ble_observers = .)

.pwr_mgmt_data  0x000000000002f948        0x0
                0x000000000002f948                PROVIDE (__start_pwr_mgmt_data = .)
 *(SORT_BY_NAME(.pwr_mgmt_data*))
                0x000000000002f948                PROVIDE (__stop_pwr_mgmt_data = .)

.log_const_data
                0x000000000002f948       0x80
                0x000000000002f948                PROVIDE (__start_log_const_data = .)
 *(SORT_BY_NAME(.log_const_data*))
 .log_const_data_CLOCK
                0x000000000002f948        0x8 _build/nrf52832_xxaa/nrfx_clock.c.o
                0x000000000002f948                m_nrf_log_CLOCK_logs_data_const
 .log_const_data_GPIOTE
                0x000000000002f950        0x8 _build/nrf52832_xxaa/nrfx_gpiote.c.o
                0x000000000002f950                m_nrf_log_GPIOTE_logs_data_const
 .log_const_data_PRS
                0x000000000002f958        0x8 _build/nrf52832_xxaa/nrfx_prs.c.o
                0x000000000002f958                m_nrf_log_PRS_logs_data_const
 .log_const_data_UART
                0x000000000002f960        0x8 _build/nrf52832_xxaa/nrfx_uart.c.o
                0x000000000002f960                m_nrf_log_UART_logs_data_const
 .log_const_data_UARTE
                0x000000000002f968        0x8 _build/nrf52832_xxaa/nrfx_uarte.c.o
                0x000000000002f968                m_nrf_log_UARTE_logs_data_const
 .log_const_data_app
                0x000000000002f970        0x8 _build/nrf52832_xxaa/nrf_log_frontend.c.o
                0x000000000002f970                m_nrf_log_app_logs_data_const
 .log_const_data_atfifo_m_fifo
                0x000000000002f978        0x8 _build/nrf52832_xxaa/nrf_fstorage_sd.c.o
                0x000000000002f978                m_nrf_log_atfifo_m_fifo_logs_data_const
 .log_const_data_balloc_log_mempool
                0x000000000002f980        0x8 _build/nrf52832_xxaa/nrf_log_frontend.c.o
                0x000000000002f980                m_nrf_log_balloc_log_mempool_logs_data_const
 .log_const_data_ble_nus
                0x000000000002f988        0x8 _build/nrf52832_xxaa/ble_nus.c.o
                0x000000000002f988                m_nrf_log_ble_nus_logs_data_const
 .log_const_data_clock
                0x000000000002f990        0x8 _build/nrf52832_xxaa/nrf_drv_clock.c.o
                0x000000000002f990                m_nrf_log_clock_logs_data_const
 .log_const_data_nrf_ble_gatt
                0x000000000002f998        0x8 _build/nrf52832_xxaa/nrf_ble_gatt.c.o
                0x000000000002f998                m_nrf_log_nrf_ble_gatt_logs_data_const
 .log_const_data_nrf_fstorage
                0x000000000002f9a0        0x8 _build/nrf52832_xxaa/nrf_fstorage.c.o
                0x000000000002f9a0                m_nrf_log_nrf_fstorage_logs_data_const
 .log_const_data_nrf_sdh
                0x000000000002f9a8        0x8 _build/nrf52832_xxaa/nrf_sdh.c.o
                0x000000000002f9a8                m_nrf_log_nrf_sdh_logs_data_const
 .log_const_data_nrf_sdh_ble
                0x000000000002f9b0        0x8 _build/nrf52832_xxaa/nrf_sdh_ble.c.o
                0x000000000002f9b0                m_nrf_log_nrf_sdh_ble_logs_data_const
 .log_const_data_nrf_sdh_soc
                0x000000000002f9b8        0x8 _build/nrf52832_xxaa/nrf_sdh_soc.c.o
                0x000000000002f9b8                m_nrf_log_nrf_sdh_soc_logs_data_const
 .log_const_data_pwr_mgmt
                0x000000000002f9c0        0x8 _build/nrf52832_xxaa/nrf_pwr_mgmt.c.o
                0x000000000002f9c0                m_nrf_log_pwr_mgmt_logs_data_const
                0x000000000002f9c8                PROVIDE (__stop_log_const_data = .)

.nrf_balloc     0x000000000002f9c8       0x18
                [!provide]                        PROVIDE (__start_nrf_balloc = .)
 *(.nrf_balloc)
 .nrf_balloc    0x000000000002f9c8       0x18 _build/nrf52832_xxaa/nrf_log_frontend.c.o
                0x000000000002f9c8                log_mempool
                [!provide]                        PROVIDE (__stop_nrf_balloc = .)

.sdh_state_observers
                0x000000000002f9e0       0x10
                0x000000000002f9e0                PROVIDE (__start_sdh_state_observers = .)
 *(SORT_BY_NAME(.sdh_state_observers*))
 .sdh_state_observers0
                0x000000000002f9e0        0x8 _build/nrf52832_xxaa/nrf_fstorage_sd.c.o
 .sdh_state_observers0
                0x000000000002f9e8        0x8 _build/nrf52832_xxaa/nrf_drv_clock.c.o
                0x000000000002f9f0                PROVIDE (__stop_sdh_state_observers = .)

.sdh_stack_observers
                0x000000000002f9f0       0x10
                0x000000000002f9f0                PROVIDE (__start_sdh_stack_observers = .)
 *(SORT_BY_NAME(.sdh_stack_observers*))
 .sdh_stack_observers0
                0x000000000002f9f0        0x8 _build/nrf52832_xxaa/nrf_sdh_ble.c.o
 .sdh_stack_observers0
                0x000000000002f9f8        0x8 _build/nrf52832_xxaa/nrf_sdh_soc.c.o
                0x000000000002fa00                PROVIDE (__stop_sdh_stack_observers = .)

.sdh_req_observers
                0x000000000002fa00        0x8
                0x000000000002fa00                PROVIDE (__start_sdh_req_observers = .)
 *(SORT_BY_NAME(.sdh_req_observers*))
 .sdh_req_observers0
                0x000000000002fa00        0x8 _build/nrf52832_xxaa/nrf_fstorage_sd.c.o
                0x000000000002fa00                m_req_obs
                0x000000000002fa08                PROVIDE (__stop_sdh_req_observers = .)

.nrf_queue      0x000000000002fa08        0x0
                [!provide]                        PROVIDE (__start_nrf_queue = .)
 *(.nrf_queue)
                [!provide]                        PROVIDE (__stop_nrf_queue = .)

.cli_command    0x000000000002fa08        0x0
                [!provide]                        PROVIDE (__start_cli_command = .)
 *(.cli_command)
                [!provide]                        PROVIDE (__stop_cli_command = .)

.crypto_data    0x000000000002fa08        0x0
                [!provide]                        PROVIDE (__start_crypto_data = .)
 *(SORT_BY_NAME(.crypto_data*))
                [!provide]                        PROVIDE (__stop_crypto_data = .)

.ARM.extab
 *(.ARM.extab* .gnu.linkonce.armextab.*)
                0x000000000002fa08                __exidx_start = .

.ARM.exidx      0x000000000002fa08        0x8
 *(.ARM.exidx* .gnu.linkonce.armexidx.*)
 .ARM.exidx     0x000000000002fa08        0x8 /usr/local/gcc-arm-none-eabi-7-2018-q2-update/bin/../lib/gcc/arm-none-eabi/7.3.1/../../../../arm-none-eabi/lib/thumb/v7e-m/fpv4-sp/hard/crt0.o
 .ARM.exidx     0x000000000002fa10        0x0 /usr/local/gcc-arm-none-eabi-7-2018-q2-update/bin/../lib/gcc/arm-none-eabi/7.3.1/thumb/v7e-m/fpv4-sp/hard/libgcc.a(_udivmoddi4.o)
                                          0x8 (size before relaxing)
                0x000000000002fa10                __exidx_end = .
                0x000000000002fa10                __etext = .

.rel.dyn        0x000000000002fa10        0x0
 .rel.iplt      0x000000000002fa10        0x0 /usr/local/gcc-arm-none-eabi-7-2018-q2-update/bin/../lib/gcc/arm-none-eabi/7.3.1/thumb/v7e-m/fpv4-sp/hard/crtbegin.o

.data           0x0000000020002a98      0x23c load address 0x000000000002fa10
                0x0000000020002a98                __data_start__ = .
 *(vtable)
 *(.data*)
 .data.rtt_log_backend
                0x0000000020002a98        0xc _build/nrf52832_xxaa/nrf_log_default_backends.c.o
 .data.app_uart_inst
                0x0000000020002aa4       0x14 _build/nrf52832_xxaa/app_uart_fifo.c.o
 .data.m_fifo_inst
                0x0000000020002ab8       0x14 _build/nrf52832_xxaa/nrf_fstorage_sd.c.o
 .data.SystemCoreClock
                0x0000000020002acc        0x4 _build/nrf52832_xxaa/system_nrf52.c.o
                0x0000000020002acc                SystemCoreClock
 .data.m_adv_uuids
                0x0000000020002ad0        0x4 _build/nrf52832_xxaa/main.c.o
 .data.m_ble_nus_max_data_len
                0x0000000020002ad4        0x2 _build/nrf52832_xxaa/main.c.o
 .data.m_conn_handle
                0x0000000020002ad6        0x2 _build/nrf52832_xxaa/main.c.o
 .data.m_nus    0x0000000020002ad8       0x1c _build/nrf52832_xxaa/main.c.o
 .data.m_nus_link_ctx_storage
                0x0000000020002af4        0x8 _build/nrf52832_xxaa/main.c.o
 .data._impure_ptr
                0x0000000020002afc        0x4 /usr/local/gcc-arm-none-eabi-7-2018-q2-update/bin/../lib/gcc/arm-none-eabi/7.3.1/../../../../arm-none-eabi/lib/thumb/v7e-m/fpv4-sp/hard/libc_nano.a(lib_a-impure.o)
                0x0000000020002afc                _impure_ptr
 .data.impure_data
                0x0000000020002b00       0x60 /usr/local/gcc-arm-none-eabi-7-2018-q2-update/bin/../lib/gcc/arm-none-eabi/7.3.1/../../../../arm-none-eabi/lib/thumb/v7e-m/fpv4-sp/hard/libc_nano.a(lib_a-impure.o)
 .data.__global_locale
                0x0000000020002b60      0x16c /usr/local/gcc-arm-none-eabi-7-2018-q2-update/bin/../lib/gcc/arm-none-eabi/7.3.1/../../../../arm-none-eabi/lib/thumb/v7e-m/fpv4-sp/hard/libc_nano.a(lib_a-locale.o)
                0x0000000020002b60                __global_locale
                0x0000000020002ccc                . = ALIGN (0x4)
                0x0000000020002ccc                PROVIDE (__preinit_array_start = .)
 *(.preinit_array)
                0x0000000020002ccc                PROVIDE (__preinit_array_end = .)
                0x0000000020002ccc                . = ALIGN (0x4)
                0x0000000020002ccc                PROVIDE (__init_array_start = .)
 *(SORT_BY_NAME(.init_array.*))
 *(.init_array)
 .init_array    0x0000000020002ccc        0x4 /usr/local/gcc-arm-none-eabi-7-2018-q2-update/bin/../lib/gcc/arm-none-eabi/7.3.1/thumb/v7e-m/fpv4-sp/hard/crtbegin.o
                0x0000000020002cd0                PROVIDE (__init_array_end = .)
                0x0000000020002cd0                . = ALIGN (0x4)
                [!provide]                        PROVIDE (__fini_array_start = .)
 *(SORT_BY_NAME(.fini_array.*))
 *(.fini_array)
 .fini_array    0x0000000020002cd0        0x4 /usr/local/gcc-arm-none-eabi-7-2018-q2-update/bin/../lib/gcc/arm-none-eabi/7.3.1/thumb/v7e-m/fpv4-sp/hard/crtbegin.o
                [!provide]                        PROVIDE (__fini_array_end = .)
 *(.jcr*)
                0x0000000020002cd4                . = ALIGN (0x4)
                0x0000000020002cd4                __data_end__ = .
LOAD /usr/local/gcc-arm-none-eabi-7-2018-q2-update/bin/../lib/gcc/arm-none-eabi/7.3.1/thumb/v7e-m/fpv4-sp/hard/crti.o
LOAD /usr/local/gcc-arm-none-eabi-7-2018-q2-update/bin/../lib/gcc/arm-none-eabi/7.3.1/thumb/v7e-m/fpv4-sp/hard/crtbegin.o
LOAD /usr/local/gcc-arm-none-eabi-7-2018-q2-update/bin/../lib/gcc/arm-none-eabi/7.3.1/../../../../arm-none-eabi/lib/thumb/v7e-m/fpv4-sp/hard/crt0.o
LOAD _build/nrf52832_xxaa/gcc_startup_nrf52.S.o
LOAD _build/nrf52832_xxaa/nrf_log_backend_rtt.c.o
LOAD _build/nrf52832_xxaa/nrf_log_backend_serial.c.o
LOAD _build/nrf52832_xxaa/nrf_log_default_backends.c.o
LOAD _build/nrf52832_xxaa/nrf_log_frontend.c.o
LOAD _build/nrf52832_xxaa/nrf_log_str_formatter.c.o
LOAD _build/nrf52832_xxaa/app_button.c.o
LOAD _build/nrf52832_xxaa/app_error.c.o
LOAD _build/nrf52832_xxaa/app_error_handler_gcc.c.o
LOAD _build/nrf52832_xxaa/app_error_weak.c.o
LOAD _build/nrf52832_xxaa/app_fifo.c.o
LOAD _build/nrf52832_xxaa/app_scheduler.c.o
LOAD _build/nrf52832_xxaa/app_timer.c.o
LOAD _build/nrf52832_xxaa/app_uart_fifo.c.o
LOAD _build/nrf52832_xxaa/app_util_platform.c.o
LOAD _build/nrf52832_xxaa/hardfault_implementation.c.o
LOAD _build/nrf52832_xxaa/nrf_assert.c.o
LOAD _build/nrf52832_xxaa/nrf_atfifo.c.o
LOAD _build/nrf52832_xxaa/nrf_atflags.c.o
LOAD _build/nrf52832_xxaa/nrf_atomic.c.o
LOAD _build/nrf52832_xxaa/nrf_balloc.c.o
LOAD _build/nrf52832_xxaa/nrf_fprintf.c.o
LOAD _build/nrf52832_xxaa/nrf_fprintf_format.c.o
LOAD _build/nrf52832_xxaa/nrf_fstorage.c.o
LOAD _build/nrf52832_xxaa/nrf_fstorage_sd.c.o
LOAD _build/nrf52832_xxaa/nrf_memobj.c.o
LOAD _build/nrf52832_xxaa/nrf_pwr_mgmt.c.o
LOAD _build/nrf52832_xxaa/nrf_section_iter.c.o
LOAD _build/nrf52832_xxaa/nrf_strerror.c.o
LOAD _build/nrf52832_xxaa/retarget.c.o
LOAD _build/nrf52832_xxaa/system_nrf52.c.o
LOAD _build/nrf52832_xxaa/boards.c.o
LOAD _build/nrf52832_xxaa/nrf_drv_clock.c.o
LOAD _build/nrf52832_xxaa/nrf_drv_uart.c.o
LOAD _build/nrf52832_xxaa/nrfx_clock.c.o
LOAD _build/nrf52832_xxaa/nrfx_gpiote.c.o
LOAD _build/nrf52832_xxaa/nrfx_power_clock.c.o
LOAD _build/nrf52832_xxaa/nrfx_prs.c.o
LOAD _build/nrf52832_xxaa/nrfx_uart.c.o
LOAD _build/nrf52832_xxaa/nrfx_uarte.c.o
LOAD _build/nrf52832_xxaa/bsp.c.o
LOAD _build/nrf52832_xxaa/bsp_btn_ble.c.o
LOAD _build/nrf52832_xxaa/main.c.o
LOAD _build/nrf52832_xxaa/SEGGER_RTT.c.o
LOAD _build/nrf52832_xxaa/SEGGER_RTT_Syscalls_GCC.c.o
LOAD _build/nrf52832_xxaa/SEGGER_RTT_printf.c.o
LOAD _build/nrf52832_xxaa/ble_advdata.c.o
LOAD _build/nrf52832_xxaa/ble_advertising.c.o
LOAD _build/nrf52832_xxaa/ble_conn_params.c.o
LOAD _build/nrf52832_xxaa/ble_conn_state.c.o
LOAD _build/nrf52832_xxaa/ble_link_ctx_manager.c.o
LOAD _build/nrf52832_xxaa/ble_srv_common.c.o
LOAD _build/nrf52832_xxaa/nrf_ble_gatt.c.o
LOAD _build/nrf52832_xxaa/nrf_ble_qwr.c.o
LOAD _build/nrf52832_xxaa/ble_nus.c.o
LOAD _build/nrf52832_xxaa/nrf_sdh.c.o
LOAD _build/nrf52832_xxaa/nrf_sdh_ble.c.o
LOAD _build/nrf52832_xxaa/nrf_sdh_soc.c.o
LOAD /usr/local/gcc-arm-none-eabi-7-2018-q2-update/bin/../lib/gcc/arm-none-eabi/7.3.1/../../../../arm-none-eabi/lib/thumb/v7e-m/fpv4-sp/hard/libc_nano.a
LOAD /usr/local/gcc-arm-none-eabi-7-2018-q2-update/bin/../lib/gcc/arm-none-eabi/7.3.1/../../../../arm-none-eabi/lib/thumb/v7e-m/fpv4-sp/hard/libnosys.a
LOAD /usr/local/gcc-arm-none-eabi-7-2018-q2-update/bin/../lib/gcc/arm-none-eabi/7.3.1/../../../../arm-none-eabi/lib/thumb/v7e-m/fpv4-sp/hard/libm.a
START GROUP
LOAD /usr/local/gcc-arm-none-eabi-7-2018-q2-update/bin/../lib/gcc/arm-none-eabi/7.3.1/thumb/v7e-m/fpv4-sp/hard/libgcc.a
LOAD /usr/local/gcc-arm-none-eabi-7-2018-q2-update/bin/../lib/gcc/arm-none-eabi/7.3.1/../../../../arm-none-eabi/lib/thumb/v7e-m/fpv4-sp/hard/libg_nano.a
LOAD /usr/local/gcc-arm-none-eabi-7-2018-q2-update/bin/../lib/gcc/arm-none-eabi/7.3.1/../../../../arm-none-eabi/lib/thumb/v7e-m/fpv4-sp/hard/libc_nano.a
END GROUP
START GROUP
LOAD /usr/local/gcc-arm-none-eabi-7-2018-q2-update/bin/../lib/gcc/arm-none-eabi/7.3.1/thumb/v7e-m/fpv4-sp/hard/libgcc.a
LOAD /usr/local/gcc-arm-none-eabi-7-2018-q2-update/bin/../lib/gcc/arm-none-eabi/7.3.1/../../../../arm-none-eabi/lib/thumb/v7e-m/fpv4-sp/hard/libc_nano.a
END GROUP
LOAD /usr/local/gcc-arm-none-eabi-7-2018-q2-update/bin/../lib/gcc/arm-none-eabi/7.3.1/thumb/v7e-m/fpv4-sp/hard/crtend.o
LOAD /usr/local/gcc-arm-none-eabi-7-2018-q2-update/bin/../lib/gcc/arm-none-eabi/7.3.1/thumb/v7e-m/fpv4-sp/hard/crtn.o
START GROUP
LOAD /usr/local/gcc-arm-none-eabi-7-2018-q2-update/bin/../lib/gcc/arm-none-eabi/7.3.1/thumb/v7e-m/fpv4-sp/hard/libgcc.a
LOAD /usr/local/gcc-arm-none-eabi-7-2018-q2-update/bin/../lib/gcc/arm-none-eabi/7.3.1/../../../../arm-none-eabi/lib/thumb/v7e-m/fpv4-sp/hard/libc.a
LOAD /usr/local/gcc-arm-none-eabi-7-2018-q2-update/bin/../lib/gcc/arm-none-eabi/7.3.1/../../../../arm-none-eabi/lib/thumb/v7e-m/fpv4-sp/hard/libnosys.a
END GROUP

.igot.plt       0x0000000020002cd4        0x0 load address 0x000000000002fc4c
 .igot.plt      0x0000000020002cd4        0x0 /usr/local/gcc-arm-none-eabi-7-2018-q2-update/bin/../lib/gcc/arm-none-eabi/7.3.1/thumb/v7e-m/fpv4-sp/hard/crtbegin.o
                0x0000000020002cd4                . = ALIGN (0x4)

.mem_section_dummy_ram

.log_dynamic_data
                0x0000000020002cd4       0x40 load address 0x000000000002fc4c
                0x0000000020002cd4                PROVIDE (__start_log_dynamic_data = .)
 *(SORT_BY_NAME(.log_dynamic_data*))
 .log_dynamic_data_CLOCK
                0x0000000020002cd4        0x4 _build/nrf52832_xxaa/nrfx_clock.c.o
                0x0000000020002cd4                m_nrf_log_CLOCK_logs_data_dynamic
 .log_dynamic_data_GPIOTE
                0x0000000020002cd8        0x4 _build/nrf52832_xxaa/nrfx_gpiote.c.o
                0x0000000020002cd8                m_nrf_log_GPIOTE_logs_data_dynamic
 .log_dynamic_data_PRS
                0x0000000020002cdc        0x4 _build/nrf52832_xxaa/nrfx_prs.c.o
                0x0000000020002cdc                m_nrf_log_PRS_logs_data_dynamic
 .log_dynamic_data_UART
                0x0000000020002ce0        0x4 _build/nrf52832_xxaa/nrfx_uart.c.o
                0x0000000020002ce0                m_nrf_log_UART_logs_data_dynamic
 .log_dynamic_data_UARTE
                0x0000000020002ce4        0x4 _build/nrf52832_xxaa/nrfx_uarte.c.o
                0x0000000020002ce4                m_nrf_log_UARTE_logs_data_dynamic
 .log_dynamic_data_app
                0x0000000020002ce8        0x4 _build/nrf52832_xxaa/nrf_log_frontend.c.o
                0x0000000020002ce8                m_nrf_log_app_logs_data_dynamic
 .log_dynamic_data_atfifo_m_fifo
                0x0000000020002cec        0x4 _build/nrf52832_xxaa/nrf_fstorage_sd.c.o
                0x0000000020002cec                m_nrf_log_atfifo_m_fifo_logs_data_dynamic
 .log_dynamic_data_balloc_log_mempool
                0x0000000020002cf0        0x4 _build/nrf52832_xxaa/nrf_log_frontend.c.o
                0x0000000020002cf0                m_nrf_log_balloc_log_mempool_logs_data_dynamic
 .log_dynamic_data_ble_nus
                0x0000000020002cf4        0x4 _build/nrf52832_xxaa/ble_nus.c.o
                0x0000000020002cf4                m_nrf_log_ble_nus_logs_data_dynamic
 .log_dynamic_data_clock
                0x0000000020002cf8        0x4 _build/nrf52832_xxaa/nrf_drv_clock.c.o
                0x0000000020002cf8                m_nrf_log_clock_logs_data_dynamic
 .log_dynamic_data_nrf_ble_gatt
                0x0000000020002cfc        0x4 _build/nrf52832_xxaa/nrf_ble_gatt.c.o
                0x0000000020002cfc                m_nrf_log_nrf_ble_gatt_logs_data_dynamic
 .log_dynamic_data_nrf_fstorage
                0x0000000020002d00        0x4 _build/nrf52832_xxaa/nrf_fstorage.c.o
                0x0000000020002d00                m_nrf_log_nrf_fstorage_logs_data_dynamic
 .log_dynamic_data_nrf_sdh
                0x0000000020002d04        0x4 _build/nrf52832_xxaa/nrf_sdh.c.o
                0x0000000020002d04                m_nrf_log_nrf_sdh_logs_data_dynamic
 .log_dynamic_data_nrf_sdh_ble
                0x0000000020002d08        0x4 _build/nrf52832_xxaa/nrf_sdh_ble.c.o
                0x0000000020002d08                m_nrf_log_nrf_sdh_ble_logs_data_dynamic
 .log_dynamic_data_nrf_sdh_soc
                0x0000000020002d0c        0x4 _build/nrf52832_xxaa/nrf_sdh_soc.c.o
                0x0000000020002d0c                m_nrf_log_nrf_sdh_soc_logs_data_dynamic
 .log_dynamic_data_pwr_mgmt
                0x0000000020002d10        0x4 _build/nrf52832_xxaa/nrf_pwr_mgmt.c.o
                0x0000000020002d10                m_nrf_log_pwr_mgmt_logs_data_dynamic
                [!provide]                        PROVIDE (__stop_log_dynamic_data = .)

.fs_data        0x0000000020002d14        0x0
                0x0000000020002d14                PROVIDE (__start_fs_data = .)
 *(.fs_data)
                0x0000000020002d14                PROVIDE (__stop_fs_data = .)

.cli_sorted_cmd_ptrs
                0x0000000020002d14        0x0
                [!provide]                        PROVIDE (__start_cli_sorted_cmd_ptrs = .)
 *(.cli_sorted_cmd_ptrs)
                [!provide]                        PROVIDE (__stop_cli_sorted_cmd_ptrs = .)

.bss            0x0000000020002d18      0xfc8 load address 0x000000000002fc90
                0x0000000020002d18                . = ALIGN (0x4)
                0x0000000020002d18                __bss_start__ = .
 *(.bss*)
 .bss           0x0000000020002d18       0x1c /usr/local/gcc-arm-none-eabi-7-2018-q2-update/bin/../lib/gcc/arm-none-eabi/7.3.1/thumb/v7e-m/fpv4-sp/hard/crtbegin.o
 .bss.m_host_present
                0x0000000020002d34        0x1 _build/nrf52832_xxaa/nrf_log_backend_rtt.c.o
 *fill*         0x0000000020002d35        0x3 
 .bss.m_string_buff
                0x0000000020002d38       0x40 _build/nrf52832_xxaa/nrf_log_backend_rtt.c.o
 .bss.log_mempool_nrf_balloc_cb
                0x0000000020002d78        0x8 _build/nrf52832_xxaa/nrf_log_frontend.c.o
 .bss.log_mempool_nrf_balloc_pool_mem
                0x0000000020002d80       0xc0 _build/nrf52832_xxaa/nrf_log_frontend.c.o
 .bss.log_mempool_nrf_balloc_pool_stack
                0x0000000020002e40        0x8 _build/nrf52832_xxaa/nrf_log_frontend.c.o
 .bss.m_log_data
                0x0000000020002e48      0x424 _build/nrf52832_xxaa/nrf_log_frontend.c.o
 .bss.m_button_count
                0x000000002000326c        0x1 _build/nrf52832_xxaa/app_button.c.o
 *fill*         0x000000002000326d        0x3 
 .bss.m_detection_delay
                0x0000000020003270        0x4 _build/nrf52832_xxaa/app_button.c.o
 .bss.m_detection_delay_timer_id_data
                0x0000000020003274       0x20 _build/nrf52832_xxaa/app_button.c.o
 *fill*         0x0000000020003294        0x4 
 .bss.m_pin_state
                0x0000000020003298        0x8 _build/nrf52832_xxaa/app_button.c.o
 .bss.m_pin_transition
                0x00000000200032a0        0x8 _build/nrf52832_xxaa/app_button.c.o
 .bss.mp_buttons
                0x00000000200032a8        0x4 _build/nrf52832_xxaa/app_button.c.o
 .bss.m_op_queue
                0x00000000200032ac      0x10c _build/nrf52832_xxaa/app_timer.c.o
 .bss.m_rtc1_reset
                0x00000000200033b8        0x1 _build/nrf52832_xxaa/app_timer.c.o
 .bss.m_rtc1_running
                0x00000000200033b9        0x1 _build/nrf52832_xxaa/app_timer.c.o
 *fill*         0x00000000200033ba        0x2 
 .bss.m_ticks_elapsed
                0x00000000200033bc        0x8 _build/nrf52832_xxaa/app_timer.c.o
 .bss.m_ticks_elapsed_q_read_ind
                0x00000000200033c4        0x1 _build/nrf52832_xxaa/app_timer.c.o
 .bss.m_ticks_elapsed_q_write_ind
                0x00000000200033c5        0x1 _build/nrf52832_xxaa/app_timer.c.o
 *fill*         0x00000000200033c6        0x2 
 .bss.m_ticks_latest
                0x00000000200033c8        0x4 _build/nrf52832_xxaa/app_timer.c.o
 .bss.mp_timer_id_head
                0x00000000200033cc        0x4 _build/nrf52832_xxaa/app_timer.c.o
 .bss.m_event_handler
                0x00000000200033d0        0x4 _build/nrf52832_xxaa/app_uart_fifo.c.o
 .bss.m_rx_fifo
                0x00000000200033d4       0x10 _build/nrf52832_xxaa/app_uart_fifo.c.o
 .bss.m_rx_ovf  0x00000000200033e4        0x1 _build/nrf52832_xxaa/app_uart_fifo.c.o
 *fill*         0x00000000200033e5        0x3 
 .bss.m_tx_fifo
                0x00000000200033e8       0x10 _build/nrf52832_xxaa/app_uart_fifo.c.o
 .bss.rx_buffer
                0x00000000200033f8        0x1 _build/nrf52832_xxaa/app_uart_fifo.c.o
 *fill*         0x00000000200033f9        0x3 
 .bss.tx_buffer
                0x00000000200033fc        0x1 _build/nrf52832_xxaa/app_uart_fifo.c.o
 *fill*         0x00000000200033fd        0x3 
 .bss.m_flags   0x0000000020003400       0x14 _build/nrf52832_xxaa/nrf_fstorage_sd.c.o
 .bss.m_iget_ctx
                0x0000000020003414        0x4 _build/nrf52832_xxaa/nrf_fstorage_sd.c.o
 .bss.m_p_cur_op
                0x0000000020003418        0x4 _build/nrf52832_xxaa/nrf_fstorage_sd.c.o
 .bss.m_handlers_iter
                0x000000002000341c        0x8 _build/nrf52832_xxaa/nrf_pwr_mgmt.c.o
 .bss.m_shutdown_started
                0x0000000020003424        0x1 _build/nrf52832_xxaa/nrf_pwr_mgmt.c.o
 *fill*         0x0000000020003425        0x3 
 .bss.m_sysoff_mtx
                0x0000000020003428        0x4 _build/nrf52832_xxaa/nrf_pwr_mgmt.c.o
 .bss.m_clock_cb
                0x000000002000342c       0x14 _build/nrf52832_xxaa/nrf_drv_clock.c.o
 .bss.m_contexts
                0x0000000020003440        0x4 _build/nrf52832_xxaa/nrf_drv_uart.c.o
 .bss.m_handlers
                0x0000000020003444        0x4 _build/nrf52832_xxaa/nrf_drv_uart.c.o
 .bss.m_clock_cb
                0x0000000020003448        0x8 _build/nrf52832_xxaa/nrfx_clock.c.o
 .bss.m_cb      0x0000000020003450       0x5c _build/nrf52832_xxaa/nrfx_gpiote.c.o
 .bss.m_prs_box_4
                0x00000000200034ac        0x8 _build/nrf52832_xxaa/nrfx_prs.c.o
 .bss.m_cb      0x00000000200034b4       0x2c _build/nrf52832_xxaa/nrfx_uart.c.o
 .bss.m_cb      0x00000000200034e0       0x24 _build/nrf52832_xxaa/nrfx_uarte.c.o
 .bss.current_long_push_pin_no.8757
                0x0000000020003504        0x1 _build/nrf52832_xxaa/bsp.c.o
 .bss.m_alert_on
                0x0000000020003505        0x1 _build/nrf52832_xxaa/bsp.c.o
 *fill*         0x0000000020003506        0x2 
 .bss.m_bsp_alert_tmr_data
                0x0000000020003508       0x20 _build/nrf52832_xxaa/bsp.c.o
 .bss.m_bsp_button_tmr_data
                0x0000000020003528       0x20 _build/nrf52832_xxaa/bsp.c.o
 .bss.m_bsp_leds_tmr_data
                0x0000000020003548       0x20 _build/nrf52832_xxaa/bsp.c.o
 .bss.m_events_list
                0x0000000020003568        0xc _build/nrf52832_xxaa/bsp.c.o
 .bss.m_indication_type
                0x0000000020003574        0x4 _build/nrf52832_xxaa/bsp.c.o
 .bss.m_leds_clear
                0x0000000020003578        0x1 _build/nrf52832_xxaa/bsp.c.o
 *fill*         0x0000000020003579        0x3 
 .bss.m_registered_callback
                0x000000002000357c        0x4 _build/nrf52832_xxaa/bsp.c.o
 .bss.m_stable_state
                0x0000000020003580        0x1 _build/nrf52832_xxaa/bsp.c.o
 *fill*         0x0000000020003581        0x3 
 .bss.release_event_at_push.8758
                0x0000000020003584        0x4 _build/nrf52832_xxaa/bsp.c.o
 .bss.m_error_handler
                0x0000000020003588        0x4 _build/nrf52832_xxaa/bsp_btn_ble.c.o
 .bss.m_num_connections
                0x000000002000358c        0x4 _build/nrf52832_xxaa/bsp_btn_ble.c.o
 .bss.data_array.12017
                0x0000000020003590       0xf4 _build/nrf52832_xxaa/main.c.o
 .bss.index.12018
                0x0000000020003684        0x1 _build/nrf52832_xxaa/main.c.o
 *fill*         0x0000000020003685        0x3 
 .bss.m_advertising
                0x0000000020003688       0xb8 _build/nrf52832_xxaa/main.c.o
 .bss.m_gatt    0x0000000020003740       0x14 _build/nrf52832_xxaa/main.c.o
 .bss.m_nus_link_ctx_storage_ctx_data_pool
                0x0000000020003754        0x4 _build/nrf52832_xxaa/main.c.o
 .bss.m_qwr     0x0000000020003758        0xc _build/nrf52832_xxaa/main.c.o
 .bss.rx_buf.12035
                0x0000000020003764      0x100 _build/nrf52832_xxaa/main.c.o
 .bss.tx_buf.12036
                0x0000000020003864      0x100 _build/nrf52832_xxaa/main.c.o
 .bss._acDownBuffer
                0x0000000020003964       0x10 _build/nrf52832_xxaa/SEGGER_RTT.c.o
 .bss._acUpBuffer
                0x0000000020003974      0x200 _build/nrf52832_xxaa/SEGGER_RTT.c.o
 .bss.m_conn_params_config
                0x0000000020003b74       0x1c _build/nrf52832_xxaa/ble_conn_params.c.o
 .bss.m_conn_params_instances
                0x0000000020003b90       0x14 _build/nrf52832_xxaa/ble_conn_params.c.o
 .bss.m_preferred_conn_params
                0x0000000020003ba4        0x8 _build/nrf52832_xxaa/ble_conn_params.c.o
 .bss.m_timer_data
                0x0000000020003bac       0x20 _build/nrf52832_xxaa/ble_conn_params.c.o
 .bss.m_bcs     0x0000000020003bcc       0x78 _build/nrf52832_xxaa/ble_conn_state.c.o
 .bss.m_nrf_sdh_continue
                0x0000000020003c44        0x1 _build/nrf52832_xxaa/nrf_sdh.c.o
 .bss.m_nrf_sdh_enabled
                0x0000000020003c45        0x1 _build/nrf52832_xxaa/nrf_sdh.c.o
 .bss.m_nrf_sdh_suspended
                0x0000000020003c46        0x1 _build/nrf52832_xxaa/nrf_sdh.c.o
 .bss.m_stack_is_enabled
                0x0000000020003c47        0x1 _build/nrf52832_xxaa/nrf_sdh_ble.c.o
 .bss.__malloc_free_list
                0x0000000020003c48        0x4 /usr/local/gcc-arm-none-eabi-7-2018-q2-update/bin/../lib/gcc/arm-none-eabi/7.3.1/../../../../arm-none-eabi/lib/thumb/v7e-m/fpv4-sp/hard/libc_nano.a(lib_a-nano-mallocr.o)
                0x0000000020003c48                __malloc_free_list
 .bss.__malloc_sbrk_start
                0x0000000020003c4c        0x4 /usr/local/gcc-arm-none-eabi-7-2018-q2-update/bin/../lib/gcc/arm-none-eabi/7.3.1/../../../../arm-none-eabi/lib/thumb/v7e-m/fpv4-sp/hard/libc_nano.a(lib_a-nano-mallocr.o)
                0x0000000020003c4c                __malloc_sbrk_start
 .bss.heap_end.5377
                0x0000000020003c50        0x4 /usr/local/gcc-arm-none-eabi-7-2018-q2-update/bin/../lib/gcc/arm-none-eabi/7.3.1/../../../../arm-none-eabi/lib/thumb/v7e-m/fpv4-sp/hard/libnosys.a(sbrk.o)
 *(COMMON)
 COMMON         0x0000000020003c54        0xc _build/nrf52832_xxaa/app_util_platform.c.o
                0x0000000020003c54                nrf_nvic_state